2023-07-18 14:15:57.613 20246-20246/? E/SchedPolicy: Failed to find cgroup for tid 1635
2023-07-18 14:15:57.613 20246-20246/? E/SchedPolicy: Failed to find cgroup for tid 1636
2023-07-18 14:15:57.614 20246-20246/? E/SchedPolicy: Failed to find cgroup for tid 1637
2023-07-18 14:15:57.614 20246-20246/? E/SchedPolicy: Failed to find cgroup for tid 1638
2023-07-18 14:15:57.614 20246-20246/? E/SchedPolicy: Failed to find cgroup for tid 1639
2023-07-18 14:15:57.614 20246-20246/? E/SchedPolicy: Failed to find cgroup for tid 1640
2023-07-18 14:15:57.614 20246-20246/? E/SchedPolicy: Failed to find cgroup for tid 1641
2023-07-18 14:15:57.614 20246-20246/? E/SchedPolicy: Failed to find cgroup for tid 1642
2023-07-18 14:15:57.614 20246-20246/? E/SchedPolicy: Failed to find cgroup for tid 1643
2023-07-18 14:15:57.614 20246-20246/? E/SchedPolicy: Failed to find cgroup for tid 1644
2023-07-18 14:15:57.614 20246-20246/? E/SchedPolicy: Failed to find cgroup for tid 1645
2023-07-18 14:15:57.614 20246-20246/? E/SchedPolicy: Failed to find cgroup for tid 1651
2023-07-18 14:15:57.614 20246-20246/? E/SchedPolicy: Failed to find cgroup for tid 1652
2023-07-18 14:15:57.614 20246-20246/? E/SchedPolicy: Failed to find cgroup for tid 1662
2023-07-18 14:15:57.614 20246-20246/? E/SchedPolicy: Failed to find cgroup for tid 1663
2023-07-18 14:15:57.614 20246-20246/? E/SchedPolicy: Failed to find cgroup for tid 1664
2023-07-18 14:15:57.615 20246-20246/? E/SchedPolicy: Failed to find cgroup for tid 1665
2023-07-18 14:15:57.615 20246-20246/? E/SchedPolicy: Failed to find cgroup for tid 1666
2023-07-18 14:15:57.615 20246-20246/? E/SchedPolicy: Failed to find cgroup for tid 1667
2023-07-18 14:15:57.615 20246-20246/? E/SchedPolicy: Failed to find cgroup for tid 1668
2023-07-18 14:15:57.615 20246-20246/? E/SchedPolicy: Failed to find cgroup for tid 1669
2023-07-18 14:15:57.615 20246-20246/? E/SchedPolicy: Failed to find cgroup for tid 1670
2023-07-18 14:15:57.615 20246-20246/? E/SchedPolicy: Failed to find cgroup for tid 1671
2023-07-18 14:15:57.615 20246-20246/? E/SchedPolicy: Failed to find cgroup for tid 1672
2023-07-18 14:15:57.615 20246-20246/? E/SchedPolicy: Failed to find cgroup for tid 1673
2023-07-18 14:15:57.615 20246-20246/? E/SchedPolicy: Failed to find cgroup for tid 1674
2023-07-18 14:15:57.615 20246-20246/? E/SchedPolicy: Failed to find cgroup for tid 1675
2023-07-18 14:15:57.615 20246-20246/? E/SchedPolicy: Failed to find cgroup for tid 1676
2023-07-18 14:15:57.615 20246-20246/? E/SchedPolicy: Failed to find cgroup for tid 1677
2023-07-18 14:15:57.615 20246-20246/? E/SchedPolicy: Failed to find cgroup for tid 1678
2023-07-18 14:15:57.616 20246-20246/? E/SchedPolicy: Failed to find cgroup for tid 1679
2023-07-18 14:15:57.616 20246-20246/? E/SchedPolicy: Failed to find cgroup for tid 1680
2023-07-18 14:15:57.616 20246-20246/? E/SchedPolicy: Failed to find cgroup for tid 1681
2023-07-18 14:15:57.616 20246-20246/? E/SchedPolicy: Failed to find cgroup for tid 1682
2023-07-18 14:15:57.616 20246-20246/? E/SchedPolicy: Failed to find cgroup for tid 1684
2023-07-18 14:15:57.616 20246-20246/? E/SchedPolicy: Failed to find cgroup for tid 1685
2023-07-18 14:15:57.616 20246-20246/? E/SchedPolicy: Failed to find cgroup for tid 1686
2023-07-18 14:15:57.616 20246-20246/? E/SchedPolicy: Failed to find cgroup for tid 1688
2023-07-18 14:15:57.616 20246-20246/? E/SchedPolicy: Failed to find cgroup for tid 1689
2023-07-18 14:15:57.616 20246-20246/? E/SchedPolicy: Failed to find cgroup for tid 1690
2023-07-18 14:15:57.616 20246-20246/? E/SchedPolicy: Failed to find cgroup for tid 1691
2023-07-18 14:15:57.616 20246-20246/? E/SchedPolicy: Failed to find cgroup for tid 1692
2023-07-18 14:15:57.616 20246-20246/? E/SchedPolicy: Failed to find cgroup for tid 1694
2023-07-18 14:15:57.616 20246-20246/? E/SchedPolicy: Failed to find cgroup for tid 1695
2023-07-18 14:15:57.617 20246-20246/? E/SchedPolicy: Failed to find cgroup for tid 1696
2023-07-18 14:15:57.617 20246-20246/? E/SchedPolicy: Failed to find cgroup for tid 1697
2023-07-18 14:15:57.617 20246-20246/? E/SchedPolicy: Failed to find cgroup for tid 1698
2023-07-18 14:15:57.617 20246-20246/? E/SchedPolicy: Failed to find cgroup for tid 1699
2023-07-18 14:15:57.617 20246-20246/? E/SchedPolicy: Failed to find cgroup for tid 1700
2023-07-18 14:15:57.617 20246-20246/? E/SchedPolicy: Failed to find cgroup for tid 1701
2023-07-18 14:15:57.617 20246-20246/? E/SchedPolicy: Failed to find cgroup for tid 1702
2023-07-18 14:15:57.617 20246-20246/? E/SchedPolicy: Failed to find cgroup for tid 1703
2023-07-18 14:15:57.617 20246-20246/? E/SchedPolicy: Failed to find cgroup for tid 1704
2023-07-18 14:15:57.617 20246-20246/? E/SchedPolicy: Failed to find cgroup for tid 1705
2023-07-18 14:15:57.618 20246-20246/? E/SchedPolicy: Failed to find cgroup for tid 1706
2023-07-18 14:15:57.618 20246-20246/? E/SchedPolicy: Failed to find cgroup for tid 1707
2023-07-18 14:15:57.618 20246-20246/? E/SchedPolicy: Failed to find cgroup for tid 1708
2023-07-18 14:15:57.618 20246-20246/? E/SchedPolicy: Failed to find cgroup for tid 1709
2023-07-18 14:15:57.618 20246-20246/? E/SchedPolicy: Failed to find cgroup for tid 1710
2023-07-18 14:15:57.618 20246-20246/? E/SchedPolicy: Failed to find cgroup for tid 1711
2023-07-18 14:15:57.618 20246-20246/? E/SchedPolicy: Failed to find cgroup for tid 1712
2023-07-18 14:15:57.618 20246-20246/? E/SchedPolicy: Failed to find cgroup for tid 1713
2023-07-18 14:15:57.618 20246-20246/? E/SchedPolicy: Failed to find cgroup for tid 1714
2023-07-18 14:15:57.618 20246-20246/? E/SchedPolicy: Failed to find cgroup for tid 1715
2023-07-18 14:15:57.618 20246-20246/? E/SchedPolicy: Failed to find cgroup for tid 1716
2023-07-18 14:15:57.618 20246-20246/? E/SchedPolicy: Failed to find cgroup for tid 1717
2023-07-18 14:15:57.618 20246-20246/? E/SchedPolicy: Failed to find cgroup for tid 1718
2023-07-18 14:15:57.618 20246-20246/? E/SchedPolicy: Failed to find cgroup for tid 1719
2023-07-18 14:15:57.618 20246-20246/? E/SchedPolicy: Failed to find cgroup for tid 1720
2023-07-18 14:15:57.619 20246-20246/? E/SchedPolicy: Failed to find cgroup for tid 1721
2023-07-18 14:15:57.619 20246-20246/? E/SchedPolicy: Failed to find cgroup for tid 1722
2023-07-18 14:15:57.619 20246-20246/? E/SchedPolicy: Failed to find cgroup for tid 1723
2023-07-18 14:15:57.619 20246-20246/? E/SchedPolicy: Failed to find cgroup for tid 1724
2023-07-18 14:15:57.619 20246-20246/? E/SchedPolicy: Failed to find cgroup for tid 1725
2023-07-18 14:15:57.619 20246-20246/? E/SchedPolicy: Failed to find cgroup for tid 1726
2023-07-18 14:15:57.619 20246-20246/? E/SchedPolicy: Failed to find cgroup for tid 1728
2023-07-18 14:15:57.619 20246-20246/? E/SchedPolicy: Failed to find cgroup for tid 1729
2023-07-18 14:15:57.619 20246-20246/? E/SchedPolicy: Failed to find cgroup for tid 1731
2023-07-18 14:15:57.619 20246-20246/? E/SchedPolicy: Failed to find cgroup for tid 1735
2023-07-18 14:15:57.619 20246-20246/? E/SchedPolicy: Failed to find cgroup for tid 1736
2023-07-18 14:15:57.619 20246-20246/? E/SchedPolicy: Failed to find cgroup for tid 1738
2023-07-18 14:15:57.619 20246-20246/? E/SchedPolicy: Failed to find cgroup for tid 1739
2023-07-18 14:15:57.619 20246-20246/? E/SchedPolicy: Failed to find cgroup for tid 1740
2023-07-18 14:15:57.620 20246-20246/? E/SchedPolicy: Failed to find cgroup for tid 1742
2023-07-18 14:15:57.620 20246-20246/? E/SchedPolicy: Failed to find cgroup for tid 1743
2023-07-18 14:15:57.620 20246-20246/? E/SchedPolicy: Failed to find cgroup for tid 1744
2023-07-18 14:15:57.620 20246-20246/? E/SchedPolicy: Failed to find cgroup for tid 1745
2023-07-18 14:15:57.620 20246-20246/? E/SchedPolicy: Failed to find cgroup for tid 1748
2023-07-18 14:15:57.620 20246-20246/? E/SchedPolicy: Failed to find cgroup for tid 1749
2023-07-18 14:15:57.620 20246-20246/? E/SchedPolicy: Failed to find cgroup for tid 1750
2023-07-18 14:15:57.620 20246-20246/? E/SchedPolicy: Failed to find cgroup for tid 1751
2023-07-18 14:15:57.620 20246-20246/? E/SchedPolicy: Failed to find cgroup for tid 1752
2023-07-18 14:15:57.620 20246-20246/? E/SchedPolicy: Failed to find cgroup for tid 1754
2023-07-18 14:15:57.620 20246-20246/? E/SchedPolicy: Failed to find cgroup for tid 1757
2023-07-18 14:15:57.620 20246-20246/? E/SchedPolicy: Failed to find cgroup for tid 1758
2023-07-18 14:15:57.620 20246-20246/? E/SchedPolicy: Failed to find cgroup for tid 1760
2023-07-18 14:15:57.620 20246-20246/? E/SchedPolicy: Failed to find cgroup for tid 1761
2023-07-18 14:15:57.620 20246-20246/? E/SchedPolicy: Failed to find cgroup for tid 1762
2023-07-18 14:15:57.621 20246-20246/? E/SchedPolicy: Failed to find cgroup for tid 1768
2023-07-18 14:15:57.621 20246-20246/? E/SchedPolicy: Failed to find cgroup for tid 1796
2023-07-18 14:15:57.621 20246-20246/? E/SchedPolicy: Failed to find cgroup for tid 1800
2023-07-18 14:15:57.621 20246-20246/? E/SchedPolicy: Failed to find cgroup for tid 1804
2023-07-18 14:15:57.621 20246-20246/? E/SchedPolicy: Failed to find cgroup for tid 1819
2023-07-18 14:15:57.621 20246-20246/? E/SchedPolicy: Failed to find cgroup for tid 1826
2023-07-18 14:15:57.621 20246-20246/? E/SchedPolicy: Failed to find cgroup for tid 1827
2023-07-18 14:15:57.621 20246-20246/? E/SchedPolicy: Failed to find cgroup for tid 1843
2023-07-18 14:15:57.621 20246-20246/? E/SchedPolicy: Failed to find cgroup for tid 1846
2023-07-18 14:15:57.621 20246-20246/? E/SchedPolicy: Failed to find cgroup for tid 1847
2023-07-18 14:15:57.621 20246-20246/? E/SchedPolicy: Failed to find cgroup for tid 1862
2023-07-18 14:15:57.621 20246-20246/? E/SchedPolicy: Failed to find cgroup for tid 1886
2023-07-18 14:15:57.621 20246-20246/? E/SchedPolicy: Failed to find cgroup for tid 1901
2023-07-18 14:15:57.621 20246-20246/? E/SchedPolicy: Failed to find cgroup for tid 1908
2023-07-18 14:15:57.621 20246-20246/? E/SchedPolicy: Failed to find cgroup for tid 1928
2023-07-18 14:15:57.622 20246-20246/? E/SchedPolicy: Failed to find cgroup for tid 1931
2023-07-18 14:15:57.622 20246-20246/? E/SchedPolicy: Failed to find cgroup for tid 1932
2023-07-18 14:15:57.622 20246-20246/? E/SchedPolicy: Failed to find cgroup for tid 2042
2023-07-18 14:15:57.622 20246-20246/? E/SchedPolicy: Failed to find cgroup for tid 2046
2023-07-18 14:15:57.622 20246-20246/? E/SchedPolicy: Failed to find cgroup for tid 2047
2023-07-18 14:15:57.622 20246-20246/? E/SchedPolicy: Failed to find cgroup for tid 2051
2023-07-18 14:15:57.622 20246-20246/? E/SchedPolicy: Failed to find cgroup for tid 2071
2023-07-18 14:15:57.622 20246-20246/? E/SchedPolicy: Failed to find cgroup for tid 2135
2023-07-18 14:15:57.622 20246-20246/? E/SchedPolicy: Failed to find cgroup for tid 2136
2023-07-18 14:15:57.622 20246-20246/? E/SchedPolicy: Failed to find cgroup for tid 2137
2023-07-18 14:15:57.622 20246-20246/? E/SchedPolicy: Failed to find cgroup for tid 2409
2023-07-18 14:15:57.622 20246-20246/? E/SchedPolicy: Failed to find cgroup for tid 2412
2023-07-18 14:15:57.622 20246-20246/? E/SchedPolicy: Failed to find cgroup for tid 2433
2023-07-18 14:15:57.622 20246-20246/? E/SchedPolicy: Failed to find cgroup for tid 2437
2023-07-18 14:15:57.623 20246-20246/? E/SchedPolicy: Failed to find cgroup for tid 2443
2023-07-18 14:15:57.623 20246-20246/? E/SchedPolicy: Failed to find cgroup for tid 2481
2023-07-18 14:15:57.623 20246-20246/? E/SchedPolicy: Failed to find cgroup for tid 2775
2023-07-18 14:15:57.623 20246-20246/? E/SchedPolicy: Failed to find cgroup for tid 2776
2023-07-18 14:15:57.623 20246-20246/? E/SchedPolicy: Failed to find cgroup for tid 2778
2023-07-18 14:15:57.623 20246-20246/? E/SchedPolicy: Failed to find cgroup for tid 2785
2023-07-18 14:15:57.623 20246-20246/? E/SchedPolicy: Failed to find cgroup for tid 2786
2023-07-18 14:15:57.623 20246-20246/? E/SchedPolicy: Failed to find cgroup for tid 2787
2023-07-18 14:15:57.623 20246-20246/? E/SchedPolicy: Failed to find cgroup for tid 2788
2023-07-18 14:15:57.623 20246-20246/? E/SchedPolicy: Failed to find cgroup for tid 2791
2023-07-18 14:15:57.623 20246-20246/? E/SchedPolicy: Failed to find cgroup for tid 2792
2023-07-18 14:15:57.624 20246-20246/? E/SchedPolicy: Failed to find cgroup for tid 2793
2023-07-18 14:15:57.624 20246-20246/? E/SchedPolicy: Failed to find cgroup for tid 2797
2023-07-18 14:15:57.624 20246-20246/? E/SchedPolicy: Failed to find cgroup for tid 2799
2023-07-18 14:15:57.624 20246-20246/? E/SchedPolicy: Failed to find cgroup for tid 2806
2023-07-18 14:15:57.624 20246-20246/? E/SchedPolicy: Failed to find cgroup for tid 2808
2023-07-18 14:15:57.624 20246-20246/? E/SchedPolicy: Failed to find cgroup for tid 2814
2023-07-18 14:15:57.624 20246-20246/? E/SchedPolicy: Failed to find cgroup for tid 2816
2023-07-18 14:15:57.624 20246-20246/? E/SchedPolicy: Failed to find cgroup for tid 2817
2023-07-18 14:15:57.624 20246-20246/? E/SchedPolicy: Failed to find cgroup for tid 2818
2023-07-18 14:15:57.624 20246-20246/? E/SchedPolicy: Failed to find cgroup for tid 2820
2023-07-18 14:15:57.624 20246-20246/? E/SchedPolicy: Failed to find cgroup for tid 2821
2023-07-18 14:15:57.624 20246-20246/? E/SchedPolicy: Failed to find cgroup for tid 2823
2023-07-18 14:15:57.624 20246-20246/? E/SchedPolicy: Failed to find cgroup for tid 2859
2023-07-18 14:15:57.624 20246-20246/? E/SchedPolicy: Failed to find cgroup for tid 2865
2023-07-18 14:15:57.625 20246-20246/? E/SchedPolicy: Failed to find cgroup for tid 2870
2023-07-18 14:15:57.625 20246-20246/? E/SchedPolicy: Failed to find cgroup for tid 2871
2023-07-18 14:15:57.625 20246-20246/? E/SchedPolicy: Failed to find cgroup for tid 2878
2023-07-18 14:15:57.625 20246-20246/? E/SchedPolicy: Failed to find cgroup for tid 2879
2023-07-18 14:15:57.625 20246-20246/? E/SchedPolicy: Failed to find cgroup for tid 2885
2023-07-18 14:15:57.625 20246-20246/? E/SchedPolicy: Failed to find cgroup for tid 2886
2023-07-18 14:15:57.625 20246-20246/? E/SchedPolicy: Failed to find cgroup for tid 2941
2023-07-18 14:15:57.625 20246-20246/? E/SchedPolicy: Failed to find cgroup for tid 2964
2023-07-18 14:15:57.625 20246-20246/? E/SchedPolicy: Failed to find cgroup for tid 2966
2023-07-18 14:15:57.625 20246-20246/? E/SchedPolicy: Failed to find cgroup for tid 2967
2023-07-18 14:15:57.625 20246-20246/? E/SchedPolicy: Failed to find cgroup for tid 3466
2023-07-18 14:15:57.625 20246-20246/? E/SchedPolicy: Failed to find cgroup for tid 3493
2023-07-18 14:15:57.625 20246-20246/? E/SchedPolicy: Failed to find cgroup for tid 3495
2023-07-18 14:15:57.625 20246-20246/? E/SchedPolicy: Failed to find cgroup for tid 3496
2023-07-18 14:15:57.625 20246-20246/? E/SchedPolicy: Failed to find cgroup for tid 3497
2023-07-18 14:15:57.626 20246-20246/? E/SchedPolicy: Failed to find cgroup for tid 3498
2023-07-18 14:15:57.626 20246-20246/? E/SchedPolicy: Failed to find cgroup for tid 3499
2023-07-18 14:15:57.626 20246-20246/? E/SchedPolicy: Failed to find cgroup for tid 3500
2023-07-18 14:15:57.626 20246-20246/? E/SchedPolicy: Failed to find cgroup for tid 3502
2023-07-18 14:15:57.626 20246-20246/? E/SchedPolicy: Failed to find cgroup for tid 3503
2023-07-18 14:15:57.626 20246-20246/? E/SchedPolicy: Failed to find cgroup for tid 3504
2023-07-18 14:15:57.626 20246-20246/? E/SchedPolicy: Failed to find cgroup for tid 3505
2023-07-18 14:15:57.626 20246-20246/? E/SchedPolicy: Failed to find cgroup for tid 3506
2023-07-18 14:15:57.626 20246-20246/? E/SchedPolicy: Failed to find cgroup for tid 3510
2023-07-18 14:15:57.626 20246-20246/? E/SchedPolicy: Failed to find cgroup for tid 3658
2023-07-18 14:15:57.626 20246-20246/? E/SchedPolicy: Failed to find cgroup for tid 4515
2023-07-18 14:15:57.626 20246-20246/? E/SchedPolicy: Failed to find cgroup for tid 4544
2023-07-18 14:15:57.626 20246-20246/? E/SchedPolicy: Failed to find cgroup for tid 4546
2023-07-18 14:15:57.626 20246-20246/? E/SchedPolicy: Failed to find cgroup for tid 4564
2023-07-18 14:15:57.627 20246-20246/? E/SchedPolicy: Failed to find cgroup for tid 4569
2023-07-18 14:15:57.627 20246-20246/? E/SchedPolicy: Failed to find cgroup for tid 4605
2023-07-18 14:15:57.627 20246-20246/? E/SchedPolicy: Failed to find cgroup for tid 4688
2023-07-18 14:15:57.627 20246-20246/? E/SchedPolicy: Failed to find cgroup for tid 4737
2023-07-18 14:15:57.627 20246-20246/? E/SchedPolicy: Failed to find cgroup for tid 4743
2023-07-18 14:15:57.627 20246-20246/? E/SchedPolicy: Failed to find cgroup for tid 4744
2023-07-18 14:15:57.627 20246-20246/? E/SchedPolicy: Failed to find cgroup for tid 4745
2023-07-18 14:15:57.627 20246-20246/? E/SchedPolicy: Failed to find cgroup for tid 4764
2023-07-18 14:15:57.627 20246-20246/? E/SchedPolicy: Failed to find cgroup for tid 4765
2023-07-18 14:15:57.627 20246-20246/? E/SchedPolicy: Failed to find cgroup for tid 4866
2023-07-18 14:15:57.627 20246-20246/? E/SchedPolicy: Failed to find cgroup for tid 5282
2023-07-18 14:15:57.627 20246-20246/? E/SchedPolicy: Failed to find cgroup for tid 5330
2023-07-18 14:15:57.627 20246-20246/? E/SchedPolicy: Failed to find cgroup for tid 5332
2023-07-18 14:15:57.627 20246-20246/? E/SchedPolicy: Failed to find cgroup for tid 5334
2023-07-18 14:15:57.628 20246-20246/? E/SchedPolicy: Failed to find cgroup for tid 5335
2023-07-18 14:15:57.628 20246-20246/? E/SchedPolicy: Failed to find cgroup for tid 5480
2023-07-18 14:15:57.628 20246-20246/? E/SchedPolicy: Failed to find cgroup for tid 5528
2023-07-18 14:15:57.628 20246-20246/? E/SchedPolicy: Failed to find cgroup for tid 6225
2023-07-18 14:15:57.628 20246-20246/? E/SchedPolicy: Failed to find cgroup for tid 8683
2023-07-18 14:15:57.628 20246-20246/? E/SchedPolicy: Failed to find cgroup for tid 8935
2023-07-18 14:15:57.628 20246-20246/? E/SchedPolicy: Failed to find cgroup for tid 9647
2023-07-18 14:15:57.628 20246-20246/? E/SchedPolicy: Failed to find cgroup for tid 9704
2023-07-18 14:15:57.628 20246-20246/? E/SchedPolicy: Failed to find cgroup for tid 14560
2023-07-18 14:15:57.628 20246-20246/? E/SchedPolicy: Failed to find cgroup for tid 14567
2023-07-18 14:15:57.628 20246-20246/? E/SchedPolicy: Failed to find cgroup for tid 15994
2023-07-18 14:15:57.628 20246-20246/? E/SchedPolicy: Failed to find cgroup for tid 18037
2023-07-18 14:15:57.628 20246-20246/? E/SchedPolicy: Failed to find cgroup for tid 30518
2023-07-18 14:15:57.628 20246-20246/? E/SchedPolicy: Failed to find cgroup for tid 12437
2023-07-18 14:15:57.629 20246-20246/? E/SchedPolicy: Failed to find cgroup for tid 12468
2023-07-18 14:15:57.629 20246-20246/? E/SchedPolicy: Failed to find cgroup for tid 3890
2023-07-18 14:15:57.629 20246-20246/? E/SchedPolicy: Failed to find cgroup for tid 3891
2023-07-18 14:15:57.629 20246-20246/? E/SchedPolicy: Failed to find cgroup for tid 24109
2023-07-18 14:15:57.629 20246-20246/? E/SchedPolicy: Failed to find cgroup for tid 24111
2023-07-18 14:15:57.629 20246-20246/? E/SchedPolicy: Failed to find cgroup for tid 24112
2023-07-18 14:15:57.629 20246-20246/? E/SchedPolicy: Failed to find cgroup for tid 24124
2023-07-18 14:15:57.629 20246-20246/? E/SchedPolicy: Failed to find cgroup for tid 7019
2023-07-18 14:15:57.629 20246-20246/? E/SchedPolicy: Failed to find cgroup for tid 15421
2023-07-18 14:15:57.629 20246-20246/? E/SchedPolicy: Failed to find cgroup for tid 15846
2023-07-18 14:15:57.629 20246-20246/? E/SchedPolicy: Failed to find cgroup for tid 15848
2023-07-18 14:15:57.629 20246-20246/? E/SchedPolicy: Failed to find cgroup for tid 27076
2023-07-18 14:15:57.629 20246-20246/? E/SchedPolicy: Failed to find cgroup for tid 23159
2023-07-18 14:15:57.629 20246-20246/? E/SchedPolicy: Failed to find cgroup for tid 23161
2023-07-18 14:15:57.630 20246-20246/? E/SchedPolicy: Failed to find cgroup for tid 23181
2023-07-18 14:15:57.630 20246-20246/? E/SchedPolicy: Failed to find cgroup for tid 23182
2023-07-18 14:15:57.630 20246-20246/? E/SchedPolicy: Failed to find cgroup for tid 8884
2023-07-18 14:15:57.630 20246-20246/? E/SchedPolicy: Failed to find cgroup for tid 29928
2023-07-18 14:15:57.630 20246-20246/? E/SchedPolicy: Failed to find cgroup for tid 13320
2023-07-18 14:15:57.630 20246-20246/? E/SchedPolicy: Failed to find cgroup for tid 13354
2023-07-18 14:15:57.630 20246-20246/? E/SchedPolicy: Failed to find cgroup for tid 15574
2023-07-18 14:15:57.630 20246-20246/? E/SchedPolicy: Failed to find cgroup for tid 19708
2023-07-18 14:15:57.630 20246-20246/? E/SchedPolicy: Failed to find cgroup for tid 19795
2023-07-18 14:15:57.647 20246-20246/? E/SchedPolicy: Failed to find cgroup for tid 1610
2023-07-18 14:15:57.647 20246-20246/? E/SchedPolicy: Failed to find cgroup for tid 1658
2023-07-18 14:15:57.648 20246-20246/? E/SchedPolicy: Failed to find cgroup for tid 1767
2023-07-18 14:15:57.648 20246-20246/? E/SchedPolicy: Failed to find cgroup for tid 1773
2023-07-18 14:15:57.648 20246-20246/? E/SchedPolicy: Failed to find cgroup for tid 1774
2023-07-18 14:15:57.648 20246-20246/? E/SchedPolicy: Failed to find cgroup for tid 1775
2023-07-18 14:15:57.648 20246-20246/? E/SchedPolicy: Failed to find cgroup for tid 1776
2023-07-18 14:15:57.648 20246-20246/? E/SchedPolicy: Failed to find cgroup for tid 1777
2023-07-18 14:15:57.648 20246-20246/? E/SchedPolicy: Failed to find cgroup for tid 1778
2023-07-18 14:15:57.648 20246-20246/? E/SchedPolicy: Failed to find cgroup for tid 1779
2023-07-18 14:15:57.648 20246-20246/? E/SchedPolicy: Failed to find cgroup for tid 1780
2023-07-18 14:15:57.648 20246-20246/? E/SchedPolicy: Failed to find cgroup for tid 1781
2023-07-18 14:15:57.649 20246-20246/? E/SchedPolicy: Failed to find cgroup for tid 1782
2023-07-18 14:15:57.649 20246-20246/? E/SchedPolicy: Failed to find cgroup for tid 1783
2023-07-18 14:15:57.649 20246-20246/? E/SchedPolicy: Failed to find cgroup for tid 1792
2023-07-18 14:15:57.649 20246-20246/? E/SchedPolicy: Failed to find cgroup for tid 1795
2023-07-18 14:15:57.649 20246-20246/? E/SchedPolicy: Failed to find cgroup for tid 1797
2023-07-18 14:15:57.649 20246-20246/? E/SchedPolicy: Failed to find cgroup for tid 1798
2023-07-18 14:15:57.649 20246-20246/? E/SchedPolicy: Failed to find cgroup for tid 1799
2023-07-18 14:15:57.649 20246-20246/? E/SchedPolicy: Failed to find cgroup for tid 1801
2023-07-18 14:15:57.649 20246-20246/? E/SchedPolicy: Failed to find cgroup for tid 1820
2023-07-18 14:15:57.649 20246-20246/? E/SchedPolicy: Failed to find cgroup for tid 1821
2023-07-18 14:15:57.649 20246-20246/? E/SchedPolicy: Failed to find cgroup for tid 1829
2023-07-18 14:15:57.649 20246-20246/? E/SchedPolicy: Failed to find cgroup for tid 1831
2023-07-18 14:15:57.649 20246-20246/? E/SchedPolicy: Failed to find cgroup for tid 1838
2023-07-18 14:15:57.649 20246-20246/? E/SchedPolicy: Failed to find cgroup for tid 1863
2023-07-18 14:15:57.649 20246-20246/? E/SchedPolicy: Failed to find cgroup for tid 1864
2023-07-18 14:15:57.650 20246-20246/? E/SchedPolicy: Failed to find cgroup for tid 1868
2023-07-18 14:15:57.650 20246-20246/? E/SchedPolicy: Failed to find cgroup for tid 1869
2023-07-18 14:15:57.650 20246-20246/? E/SchedPolicy: Failed to find cgroup for tid 1870
2023-07-18 14:15:57.650 20246-20246/? E/SchedPolicy: Failed to find cgroup for tid 1874
2023-07-18 14:15:57.650 20246-20246/? E/SchedPolicy: Failed to find cgroup for tid 1877
2023-07-18 14:15:57.650 20246-20246/? E/SchedPolicy: Failed to find cgroup for tid 1878
2023-07-18 14:15:57.650 20246-20246/? E/SchedPolicy: Failed to find cgroup for tid 1879
2023-07-18 14:15:57.650 20246-20246/? E/SchedPolicy: Failed to find cgroup for tid 1881
2023-07-18 14:15:57.650 20246-20246/? E/SchedPolicy: Failed to find cgroup for tid 1882
2023-07-18 14:15:57.650 20246-20246/? E/SchedPolicy: Failed to find cgroup for tid 1885
2023-07-18 14:15:57.650 20246-20246/? E/SchedPolicy: Failed to find cgroup for tid 1889
2023-07-18 14:15:57.650 20246-20246/? E/SchedPolicy: Failed to find cgroup for tid 1890
2023-07-18 14:15:57.650 20246-20246/? E/SchedPolicy: Failed to find cgroup for tid 1892
2023-07-18 14:15:57.650 20246-20246/? E/SchedPolicy: Failed to find cgroup for tid 1893
2023-07-18 14:15:57.651 20246-20246/? E/SchedPolicy: Failed to find cgroup for tid 1895
2023-07-18 14:15:57.651 20246-20246/? E/SchedPolicy: Failed to find cgroup for tid 1896
2023-07-18 14:15:57.651 20246-20246/? E/SchedPolicy: Failed to find cgroup for tid 1897
2023-07-18 14:15:57.651 20246-20246/? E/SchedPolicy: Failed to find cgroup for tid 1898
2023-07-18 14:15:57.651 20246-20246/? E/SchedPolicy: Failed to find cgroup for tid 1902
2023-07-18 14:15:57.651 20246-20246/? E/SchedPolicy: Failed to find cgroup for tid 1905
2023-07-18 14:15:57.651 20246-20246/? E/SchedPolicy: Failed to find cgroup for tid 1912
2023-07-18 14:15:57.651 20246-20246/? E/SchedPolicy: Failed to find cgroup for tid 1922
2023-07-18 14:15:57.651 20246-20246/? E/SchedPolicy: Failed to find cgroup for tid 1926
2023-07-18 14:15:57.651 20246-20246/? E/SchedPolicy: Failed to find cgroup for tid 1937
2023-07-18 14:15:57.651 20246-20246/? E/SchedPolicy: Failed to find cgroup for tid 1938
2023-07-18 14:15:57.651 20246-20246/? E/SchedPolicy: Failed to find cgroup for tid 1939
2023-07-18 14:15:57.651 20246-20246/? E/SchedPolicy: Failed to find cgroup for tid 2464
2023-07-18 14:15:57.651 20246-20246/? E/SchedPolicy: Failed to find cgroup for tid 2501
2023-07-18 14:15:57.652 20246-20246/? E/SchedPolicy: Failed to find cgroup for tid 2505
2023-07-18 14:15:57.652 20246-20246/? E/SchedPolicy: Failed to find cgroup for tid 2571
2023-07-18 14:15:57.652 20246-20246/? E/SchedPolicy: Failed to find cgroup for tid 2572
2023-07-18 14:15:57.652 20246-20246/? E/SchedPolicy: Failed to find cgroup for tid 2607
2023-07-18 14:15:57.652 20246-20246/? E/SchedPolicy: Failed to find cgroup for tid 2636
2023-07-18 14:15:57.652 20246-20246/? E/SchedPolicy: Failed to find cgroup for tid 3001
2023-07-18 14:15:57.652 20246-20246/? E/SchedPolicy: Failed to find cgroup for tid 3002
2023-07-18 14:15:57.652 20246-20246/? E/SchedPolicy: Failed to find cgroup for tid 3522
2023-07-18 14:15:57.652 20246-20246/? E/SchedPolicy: Failed to find cgroup for tid 7889
2023-07-18 14:15:57.652 20246-20246/? E/SchedPolicy: Failed to find cgroup for tid 9675
2023-07-18 14:15:57.652 20246-20246/? E/SchedPolicy: Failed to find cgroup for tid 2534
2023-07-18 14:15:57.655 20246-20246/? E/SchedPolicy: Failed to find cgroup for tid 1805
2023-07-18 14:15:57.656 20246-20246/? E/SchedPolicy: Failed to find cgroup for tid 1810
2023-07-18 14:15:57.656 20246-20246/? E/SchedPolicy: Failed to find cgroup for tid 1811
2023-07-18 14:15:57.656 20246-20246/? E/SchedPolicy: Failed to find cgroup for tid 1812
2023-07-18 14:15:57.656 20246-20246/? E/SchedPolicy: Failed to find cgroup for tid 1813
2023-07-18 14:15:57.656 20246-20246/? E/SchedPolicy: Failed to find cgroup for tid 1814
2023-07-18 14:15:57.656 20246-20246/? E/SchedPolicy: Failed to find cgroup for tid 1815
2023-07-18 14:15:57.656 20246-20246/? E/SchedPolicy: Failed to find cgroup for tid 1816
2023-07-18 14:15:57.656 20246-20246/? E/SchedPolicy: Failed to find cgroup for tid 1817
2023-07-18 14:15:57.656 20246-20246/? E/SchedPolicy: Failed to find cgroup for tid 1818
2023-07-18 14:15:57.656 20246-20246/? E/SchedPolicy: Failed to find cgroup for tid 1822
2023-07-18 14:15:57.656 20246-20246/? E/SchedPolicy: Failed to find cgroup for tid 1824
2023-07-18 14:15:57.656 20246-20246/? E/SchedPolicy: Failed to find cgroup for tid 1861
2023-07-18 14:15:57.656 20246-20246/? E/SchedPolicy: Failed to find cgroup for tid 1865
2023-07-18 14:15:57.656 20246-20246/? E/SchedPolicy: Failed to find cgroup for tid 1872
2023-07-18 14:15:57.657 20246-20246/? E/SchedPolicy: Failed to find cgroup for tid 1873
2023-07-18 14:15:57.657 20246-20246/? E/SchedPolicy: Failed to find cgroup for tid 1875
2023-07-18 14:15:57.657 20246-20246/? E/SchedPolicy: Failed to find cgroup for tid 1883
2023-07-18 14:15:57.657 20246-20246/? E/SchedPolicy: Failed to find cgroup for tid 1888
2023-07-18 14:15:57.657 20246-20246/? E/SchedPolicy: Failed to find cgroup for tid 1891
2023-07-18 14:15:57.657 20246-20246/? E/SchedPolicy: Failed to find cgroup for tid 1906
2023-07-18 14:15:57.657 20246-20246/? E/SchedPolicy: Failed to find cgroup for tid 1913
2023-07-18 14:15:57.657 20246-20246/? E/SchedPolicy: Failed to find cgroup for tid 1914
2023-07-18 14:15:57.657 20246-20246/? E/SchedPolicy: Failed to find cgroup for tid 1916
2023-07-18 14:15:57.657 20246-20246/? E/SchedPolicy: Failed to find cgroup for tid 1917
2023-07-18 14:15:57.657 20246-20246/? E/SchedPolicy: Failed to find cgroup for tid 1919
2023-07-18 14:15:57.657 20246-20246/? E/SchedPolicy: Failed to find cgroup for tid 1920
2023-07-18 14:15:57.657 20246-20246/? E/SchedPolicy: Failed to find cgroup for tid 1921
2023-07-18 14:15:57.657 20246-20246/? E/SchedPolicy: Failed to find cgroup for tid 2070
2023-07-18 14:15:57.658 20246-20246/? E/SchedPolicy: Failed to find cgroup for tid 2099
2023-07-18 14:15:57.658 20246-20246/? E/SchedPolicy: Failed to find cgroup for tid 2100
2023-07-18 14:15:57.658 20246-20246/? E/SchedPolicy: Failed to find cgroup for tid 2140
2023-07-18 14:15:57.658 20246-20246/? E/SchedPolicy: Failed to find cgroup for tid 2145
2023-07-18 14:15:57.658 20246-20246/? E/SchedPolicy: Failed to find cgroup for tid 2158
2023-07-18 14:15:57.658 20246-20246/? E/SchedPolicy: Failed to find cgroup for tid 2199
2023-07-18 14:15:57.658 20246-20246/? E/SchedPolicy: Failed to find cgroup for tid 2309
2023-07-18 14:15:57.658 20246-20246/? E/SchedPolicy: Failed to find cgroup for tid 2321
2023-07-18 14:15:57.658 20246-20246/? E/SchedPolicy: Failed to find cgroup for tid 2345
2023-07-18 14:15:57.658 20246-20246/? E/SchedPolicy: Failed to find cgroup for tid 2348
2023-07-18 14:15:57.658 20246-20246/? E/SchedPolicy: Failed to find cgroup for tid 2365
2023-07-18 14:15:57.658 20246-20246/? E/SchedPolicy: Failed to find cgroup for tid 2367
2023-07-18 14:15:57.658 20246-20246/? E/SchedPolicy: Failed to find cgroup for tid 2404
2023-07-18 14:15:57.658 20246-20246/? E/SchedPolicy: Failed to find cgroup for tid 2416
2023-07-18 14:15:57.658 20246-20246/? E/SchedPolicy: Failed to find cgroup for tid 2441
2023-07-18 14:15:57.659 20246-20246/? E/SchedPolicy: Failed to find cgroup for tid 2453
2023-07-18 14:15:57.659 20246-20246/? E/SchedPolicy: Failed to find cgroup for tid 2461
2023-07-18 14:15:57.659 20246-20246/? E/SchedPolicy: Failed to find cgroup for tid 2480
2023-07-18 14:15:57.659 20246-20246/? E/SchedPolicy: Failed to find cgroup for tid 2507
2023-07-18 14:15:57.659 20246-20246/? E/SchedPolicy: Failed to find cgroup for tid 2508
2023-07-18 14:15:57.659 20246-20246/? E/SchedPolicy: Failed to find cgroup for tid 2536
2023-07-18 14:15:57.659 20246-20246/? E/SchedPolicy: Failed to find cgroup for tid 2574
2023-07-18 14:15:57.659 20246-20246/? E/SchedPolicy: Failed to find cgroup for tid 2575
2023-07-18 14:15:57.659 20246-20246/? E/SchedPolicy: Failed to find cgroup for tid 2576
2023-07-18 14:15:57.659 20246-20246/? E/SchedPolicy: Failed to find cgroup for tid 2577
2023-07-18 14:15:57.659 20246-20246/? E/SchedPolicy: Failed to find cgroup for tid 2578
2023-07-18 14:15:57.660 20246-20246/? E/SchedPolicy: Failed to find cgroup for tid 2579
2023-07-18 14:15:57.660 20246-20246/? E/SchedPolicy: Failed to find cgroup for tid 2588
2023-07-18 14:15:57.660 20246-20246/? E/SchedPolicy: Failed to find cgroup for tid 2589
2023-07-18 14:15:57.660 20246-20246/? E/SchedPolicy: Failed to find cgroup for tid 2678
2023-07-18 14:15:57.660 20246-20246/? E/SchedPolicy: Failed to find cgroup for tid 2693
2023-07-18 14:15:57.660 20246-20246/? E/SchedPolicy: Failed to find cgroup for tid 2697
2023-07-18 14:15:57.660 20246-20246/? E/SchedPolicy: Failed to find cgroup for tid 2705
2023-07-18 14:15:57.660 20246-20246/? E/SchedPolicy: Failed to find cgroup for tid 2706
2023-07-18 14:15:57.660 20246-20246/? E/SchedPolicy: Failed to find cgroup for tid 2707
2023-07-18 14:15:57.660 20246-20246/? E/SchedPolicy: Failed to find cgroup for tid 2708
2023-07-18 14:15:57.660 20246-20246/? E/SchedPolicy: Failed to find cgroup for tid 2729
2023-07-18 14:15:57.660 20246-20246/? E/SchedPolicy: Failed to find cgroup for tid 2745
2023-07-18 14:15:57.660 20246-20246/? E/SchedPolicy: Failed to find cgroup for tid 2747
2023-07-18 14:15:57.660 20246-20246/? E/SchedPolicy: Failed to find cgroup for tid 2748
2023-07-18 14:15:57.660 20246-20246/? E/SchedPolicy: Failed to find cgroup for tid 2790
2023-07-18 14:15:57.661 20246-20246/? E/SchedPolicy: Failed to find cgroup for tid 2826
2023-07-18 14:15:57.661 20246-20246/? E/SchedPolicy: Failed to find cgroup for tid 2833
2023-07-18 14:15:57.661 20246-20246/? E/SchedPolicy: Failed to find cgroup for tid 2863
2023-07-18 14:15:57.661 20246-20246/? E/SchedPolicy: Failed to find cgroup for tid 2889
2023-07-18 14:15:57.661 20246-20246/? E/SchedPolicy: Failed to find cgroup for tid 2965
2023-07-18 14:15:57.661 20246-20246/? E/SchedPolicy: Failed to find cgroup for tid 3509
2023-07-18 14:15:57.661 20246-20246/? E/SchedPolicy: Failed to find cgroup for tid 3548
2023-07-18 14:15:57.661 20246-20246/? E/SchedPolicy: Failed to find cgroup for tid 3604
2023-07-18 14:15:57.661 20246-20246/? E/SchedPolicy: Failed to find cgroup for tid 3647
2023-07-18 14:15:57.661 20246-20246/? E/SchedPolicy: Failed to find cgroup for tid 3708
2023-07-18 14:15:57.661 20246-20246/? E/SchedPolicy: Failed to find cgroup for tid 3709
2023-07-18 14:15:57.661 20246-20246/? E/SchedPolicy: Failed to find cgroup for tid 3727
2023-07-18 14:15:57.661 20246-20246/? E/SchedPolicy: Failed to find cgroup for tid 3761
2023-07-18 14:15:57.661 20246-20246/? E/SchedPolicy: Failed to find cgroup for tid 3774
2023-07-18 14:15:57.662 20246-20246/? E/SchedPolicy: Failed to find cgroup for tid 3874
2023-07-18 14:15:57.662 20246-20246/? E/SchedPolicy: Failed to find cgroup for tid 3907
2023-07-18 14:15:57.662 20246-20246/? E/SchedPolicy: Failed to find cgroup for tid 3910
2023-07-18 14:15:57.662 20246-20246/? E/SchedPolicy: Failed to find cgroup for tid 3928
2023-07-18 14:15:57.662 20246-20246/? E/SchedPolicy: Failed to find cgroup for tid 3930
2023-07-18 14:15:57.662 20246-20246/? E/SchedPolicy: Failed to find cgroup for tid 3934
2023-07-18 14:15:57.662 20246-20246/? E/SchedPolicy: Failed to find cgroup for tid 3951
2023-07-18 14:15:57.662 20246-20246/? E/SchedPolicy: Failed to find cgroup for tid 3982
2023-07-18 14:15:57.662 20246-20246/? E/SchedPolicy: Failed to find cgroup for tid 4253
2023-07-18 14:15:57.662 20246-20246/? E/SchedPolicy: Failed to find cgroup for tid 4258
2023-07-18 14:15:57.662 20246-20246/? E/SchedPolicy: Failed to find cgroup for tid 4263
2023-07-18 14:15:57.662 20246-20246/? E/SchedPolicy: Failed to find cgroup for tid 4274
2023-07-18 14:15:57.662 20246-20246/? E/SchedPolicy: Failed to find cgroup for tid 4363
2023-07-18 14:15:57.662 20246-20246/? E/SchedPolicy: Failed to find cgroup for tid 4390
2023-07-18 14:15:57.663 20246-20246/? E/SchedPolicy: Failed to find cgroup for tid 5418
2023-07-18 14:15:57.663 20246-20246/? E/SchedPolicy: Failed to find cgroup for tid 5952
2023-07-18 14:15:57.663 20246-20246/? E/SchedPolicy: Failed to find cgroup for tid 6048
2023-07-18 14:15:57.663 20246-20246/? E/SchedPolicy: Failed to find cgroup for tid 6049
2023-07-18 14:15:57.663 20246-20246/? E/SchedPolicy: Failed to find cgroup for tid 6069
2023-07-18 14:15:57.663 20246-20246/? E/SchedPolicy: Failed to find cgroup for tid 6070
2023-07-18 14:15:57.663 20246-20246/? E/SchedPolicy: Failed to find cgroup for tid 6072
2023-07-18 14:15:57.663 20246-20246/? E/SchedPolicy: Failed to find cgroup for tid 6074
2023-07-18 14:15:57.663 20246-20246/? E/SchedPolicy: Failed to find cgroup for tid 6217
2023-07-18 14:15:57.663 20246-20246/? E/SchedPolicy: Failed to find cgroup for tid 6471
2023-07-18 14:15:57.663 20246-20246/? E/SchedPolicy: Failed to find cgroup for tid 6472
2023-07-18 14:15:57.663 20246-20246/? E/SchedPolicy: Failed to find cgroup for tid 7951
2023-07-18 14:15:57.663 20246-20246/? E/SchedPolicy: Failed to find cgroup for tid 18581
2023-07-18 14:15:57.663 20246-20246/? E/SchedPolicy: Failed to find cgroup for tid 28781
2023-07-18 14:15:57.664 20246-20246/? E/SchedPolicy: Failed to find cgroup for tid 16552
2023-07-18 14:15:57.664 20246-20246/? E/SchedPolicy: Failed to find cgroup for tid 11919
2023-07-18 14:15:57.669 1377-1377/? I/WindowManager: Reparenting to leash, surface=Surface(name=d1316f5 Toast)/@0xded32e2, leashParent=Surface(name=WindowToken{1e0b039 android.os.Binder@3128000})/@0x4bb673
2023-07-18 14:15:57.669 20246-20246/? E/SchedPolicy: Failed to find cgroup for tid 1856
2023-07-18 14:15:57.669 20246-20246/? E/SchedPolicy: Failed to find cgroup for tid 1871
2023-07-18 14:15:57.669 20246-20246/? E/SchedPolicy: Failed to find cgroup for tid 1904
2023-07-18 14:15:57.669 20246-20246/? E/SchedPolicy: Failed to find cgroup for tid 1954
2023-07-18 14:15:57.670 988-1034/? I/SurfaceFlinger: id=118101 createSurf (0x0),-1 flag=24000, Surface(name=d1316f5 Toast)/@0xded32e2 - animation-leash of window_animation#0
2023-07-18 14:15:57.670 20246-20246/? E/SchedPolicy: Failed to find cgroup for tid 1981
2023-07-18 14:15:57.670 1805-1921/? D/OpenGLRenderer: setSurface called with nullptr
2023-07-18 14:15:57.670 20246-20246/? E/SchedPolicy: Failed to find cgroup for tid 1982
2023-07-18 14:15:57.670 1805-1921/? D/OpenGLRenderer: setSurface() destroyed EGLSurface
2023-07-18 14:15:57.670 20246-20246/? E/SchedPolicy: Failed to find cgroup for tid 1988
2023-07-18 14:15:57.670 1805-1921/? D/OpenGLRenderer: destroyEglSurface
2023-07-18 14:15:57.670 20246-20246/? E/SchedPolicy: Failed to find cgroup for tid 1989
2023-07-18 14:15:57.670 20246-20246/? E/SchedPolicy: Failed to find cgroup for tid 1990
2023-07-18 14:15:57.670 20246-20246/? E/SchedPolicy: Failed to find cgroup for tid 1991
2023-07-18 14:15:57.670 20246-20246/? E/SchedPolicy: Failed to find cgroup for tid 1992
2023-07-18 14:15:57.670 20246-20246/? E/SchedPolicy: Failed to find cgroup for tid 1994
2023-07-18 14:15:57.670 20246-20246/? E/SchedPolicy: Failed to find cgroup for tid 1996
2023-07-18 14:15:57.670 20246-20246/? E/SchedPolicy: Failed to find cgroup for tid 2010
2023-07-18 14:15:57.670 20246-20246/? E/SchedPolicy: Failed to find cgroup for tid 2029
2023-07-18 14:15:57.670 20246-20246/? E/SchedPolicy: Failed to find cgroup for tid 2147
2023-07-18 14:15:57.670 20246-20246/? E/SchedPolicy: Failed to find cgroup for tid 2254
2023-07-18 14:15:57.671 20246-20246/? E/SchedPolicy: Failed to find cgroup for tid 2279
2023-07-18 14:15:57.671 20246-20246/? E/SchedPolicy: Failed to find cgroup for tid 2857
2023-07-18 14:15:57.671 20246-20246/? E/SchedPolicy: Failed to find cgroup for tid 2860
2023-07-18 14:15:57.671 20246-20246/? E/SchedPolicy: Failed to find cgroup for tid 2861
2023-07-18 14:15:57.671 20246-20246/? E/SchedPolicy: Failed to find cgroup for tid 2862
2023-07-18 14:15:57.671 20246-20246/? E/SchedPolicy: Failed to find cgroup for tid 3456
2023-07-18 14:15:57.671 20246-20246/? E/SchedPolicy: Failed to find cgroup for tid 29808
2023-07-18 14:15:57.671 20246-20246/? E/SchedPolicy: Failed to find cgroup for tid 25226
2023-07-18 14:15:57.671 20246-20246/? E/SchedPolicy: Failed to find cgroup for tid 25694
2023-07-18 14:15:57.671 1805-1805/? I/ViewRootImpl@fe32fa9[Toast]: dispatchDetachedFromWindow
2023-07-18 14:15:57.671 20246-20246/? E/SchedPolicy: Failed to find cgroup for tid 17615
2023-07-18 14:15:57.671 20246-20246/? E/SchedPolicy: Failed to find cgroup for tid 18659
2023-07-18 14:15:57.671 20246-20246/? E/SchedPolicy: Failed to find cgroup for tid 30759
2023-07-18 14:15:57.671 20246-20246/? E/SchedPolicy: Failed to find cgroup for tid 25213
2023-07-18 14:15:57.672 20246-20246/? E/SchedPolicy: Failed to find cgroup for tid 17131
2023-07-18 14:15:57.672 20246-20246/? E/SchedPolicy: Failed to find cgroup for tid 16033
2023-07-18 14:15:57.672 20246-20246/? E/SchedPolicy: Failed to find cgroup for tid 29091
2023-07-18 14:15:57.672 20246-20246/? E/SchedPolicy: Failed to find cgroup for tid 5169
2023-07-18 14:15:57.672 1377-1377/? D/WindowManager: makeSurface duration=2 leash=Surface(name=Surface(name=d1316f5 Toast)/@0xded32e2 - animation-leash of window_animation)/@0x4967e49
2023-07-18 14:15:57.672 20246-20246/? E/SchedPolicy: Failed to find cgroup for tid 13260
2023-07-18 14:15:57.672 20246-20246/? E/SchedPolicy: Failed to find cgroup for tid 13261
2023-07-18 14:15:57.673 1377-4745/? D/InputTransport: Input channel destroyed: 'd1316f5', fd=884
2023-07-18 14:15:57.673 20246-20246/? E/SchedPolicy: Failed to find cgroup for tid 2018
2023-07-18 14:15:57.674 1377-4745/? W/InputManager-JNI: Input channel object 'd1316f5 Toast (client)' was disposed without first being removed with the input manager!
2023-07-18 14:15:57.674 1377-4745/? D/InputTransport: Input channel destroyed: 'd1316f5', fd=888
2023-07-18 14:15:57.674 20246-20246/? E/SchedPolicy: Failed to find cgroup for tid 2034
2023-07-18 14:15:57.674 20246-20246/? E/SchedPolicy: Failed to find cgroup for tid 2035
2023-07-18 14:15:57.674 20246-20246/? E/SchedPolicy: Failed to find cgroup for tid 2036
2023-07-18 14:15:57.674 1377-4745/? V/WindowManager: removeIfPossible 2, Window{d1316f5 u0 Toast}: mAnimatingExit=true caller=com.android.server.wm.WindowState.removeIfPossible:2984 com.android.server.wm.WindowManagerService.removeWindow:2265 com.android.server.wm.Session.remove:225 android.view.IWindowSession$Stub.onTransact:746 com.android.server.wm.Session.onTransact:176 
2023-07-18 14:15:57.674 20246-20246/? E/SchedPolicy: Failed to find cgroup for tid 2037
2023-07-18 14:15:57.674 20246-20246/? E/SchedPolicy: Failed to find cgroup for tid 2038
2023-07-18 14:15:57.674 20246-20246/? E/SchedPolicy: Failed to find cgroup for tid 2039
2023-07-18 14:15:57.674 20246-20246/? E/SchedPolicy: Failed to find cgroup for tid 2040
2023-07-18 14:15:57.674 20246-20246/? E/SchedPolicy: Failed to find cgroup for tid 2041
2023-07-18 14:15:57.674 20246-20246/? E/SchedPolicy: Failed to find cgroup for tid 2044
2023-07-18 14:15:57.674 20246-20246/? E/SchedPolicy: Failed to find cgroup for tid 2082
2023-07-18 14:15:57.674 20246-20246/? E/SchedPolicy: Failed to find cgroup for tid 2093
2023-07-18 14:15:57.674 20246-20246/? E/SchedPolicy: Failed to find cgroup for tid 2255
2023-07-18 14:15:57.674 20246-20246/? E/SchedPolicy: Failed to find cgroup for tid 2264
2023-07-18 14:15:57.675 1805-1805/? D/InputTransport: Input channel destroyed: 'd1316f5', fd=169
2023-07-18 14:15:57.675 20246-20246/? E/SchedPolicy: Failed to find cgroup for tid 2072
2023-07-18 14:15:57.675 20246-20246/? E/SchedPolicy: Failed to find cgroup for tid 2080
2023-07-18 14:15:57.675 20246-20246/? E/SchedPolicy: Failed to find cgroup for tid 2081
2023-07-18 14:15:57.676 20246-20246/? E/SchedPolicy: Failed to find cgroup for tid 2083
2023-07-18 14:15:57.676 20246-20246/? E/SchedPolicy: Failed to find cgroup for tid 2084
2023-07-18 14:15:57.676 20246-20246/? E/SchedPolicy: Failed to find cgroup for tid 2085
2023-07-18 14:15:57.676 1377-4745/? W/NotificationService: Toast already killed. pkg=com.vietvan.inappkotlin token=android.os.BinderProxy@404334e
2023-07-18 14:15:57.676 20246-20246/? E/SchedPolicy: Failed to find cgroup for tid 2086
2023-07-18 14:15:57.676 20246-20246/? E/SchedPolicy: Failed to find cgroup for tid 2087
2023-07-18 14:15:57.676 20246-20246/? E/SchedPolicy: Failed to find cgroup for tid 2088
2023-07-18 14:15:57.676 20246-20246/? E/SchedPolicy: Failed to find cgroup for tid 2089
2023-07-18 14:15:57.676 20246-20246/? E/SchedPolicy: Failed to find cgroup for tid 2116
2023-07-18 14:15:57.676 20246-20246/? E/SchedPolicy: Failed to find cgroup for tid 2250
2023-07-18 14:15:57.676 20246-20246/? E/SchedPolicy: Failed to find cgroup for tid 2322
2023-07-18 14:15:57.676 20246-20246/? E/SchedPolicy: Failed to find cgroup for tid 2336
2023-07-18 14:15:57.676 20246-20246/? E/SchedPolicy: Failed to find cgroup for tid 2483
2023-07-18 14:15:57.676 20246-20246/? E/SchedPolicy: Failed to find cgroup for tid 3481
2023-07-18 14:15:57.677 20246-20246/? E/SchedPolicy: Failed to find cgroup for tid 7882
2023-07-18 14:15:57.677 20246-20246/? E/SchedPolicy: Failed to find cgroup for tid 8531
2023-07-18 14:15:57.677 1805-1805/? W/ToastPresenter: Error calling back com.vietvan.inappkotlin to notify onToastHide()
    android.os.DeadObjectException
        at android.os.BinderProxy.transactNative(Native Method)
        at android.os.BinderProxy.transact(BinderProxy.java:635)
        at android.app.ITransientNotificationCallback$Stub$Proxy.onToastHidden(ITransientNotificationCallback.java:145)
        at android.widget.ToastPresenter.hide(ToastPresenter.java:471)
        at com.android.systemui.toast.ToastUI.hideCurrentToast(ToastUI.java:205)
        at com.android.systemui.toast.ToastUI.hideToast(ToastUI.java:193)
        at com.android.systemui.statusbar.CommandQueue$H.handleMessage(CommandQueue.java:1721)
        at android.os.Handler.dispatchMessage(Handler.java:106)
        at android.os.Looper.loopOnce(Looper.java:226)
        at android.os.Looper.loop(Looper.java:313)
        at android.app.ActivityThread.main(ActivityThread.java:8751)
        at java.lang.reflect.Method.invoke(Native Method)
        at com.android.internal.os.RuntimeInit$MethodAndArgsCaller.run(RuntimeInit.java:571)
        at com.android.internal.os.ZygoteInit.main(ZygoteInit.java:1135)
2023-07-18 14:15:57.677 20246-20246/? E/SchedPolicy: Failed to find cgroup for tid 3937
2023-07-18 14:15:57.677 20246-20246/? E/SchedPolicy: Failed to find cgroup for tid 13019
2023-07-18 14:15:57.677 20246-20246/? E/SchedPolicy: Failed to find cgroup for tid 19577
2023-07-18 14:15:57.677 20246-20246/? E/SchedPolicy: Failed to find cgroup for tid 3276
2023-07-18 14:15:57.677 20246-20246/? E/SchedPolicy: Failed to find cgroup for tid 2618
2023-07-18 14:15:57.677 20246-20246/? E/SchedPolicy: Failed to find cgroup for tid 25082
2023-07-18 14:15:57.677 20246-20246/? E/SchedPolicy: Failed to find cgroup for tid 6553
2023-07-18 14:15:57.677 20246-20246/? E/SchedPolicy: Failed to find cgroup for tid 29266
2023-07-18 14:15:57.677 20246-20246/? E/SchedPolicy: Failed to find cgroup for tid 29268
2023-07-18 14:15:57.677 20246-20246/? E/SchedPolicy: Failed to find cgroup for tid 13744
2023-07-18 14:15:57.679 20246-20246/? E/SchedPolicy: Failed to find cgroup for tid 2096
2023-07-18 14:15:57.679 20246-20246/? E/SchedPolicy: Failed to find cgroup for tid 2105
2023-07-18 14:15:57.679 20246-20246/? E/SchedPolicy: Failed to find cgroup for tid 2106
2023-07-18 14:15:57.679 20246-20246/? E/SchedPolicy: Failed to find cgroup for tid 2107
2023-07-18 14:15:57.680 20246-20246/? E/SchedPolicy: Failed to find cgroup for tid 2108
2023-07-18 14:15:57.680 20246-20246/? E/SchedPolicy: Failed to find cgroup for tid 2109
2023-07-18 14:15:57.680 20246-20246/? E/SchedPolicy: Failed to find cgroup for tid 2111
2023-07-18 14:15:57.680 20246-20246/? E/SchedPolicy: Failed to find cgroup for tid 2112
2023-07-18 14:15:57.680 20246-20246/? E/SchedPolicy: Failed to find cgroup for tid 2113
2023-07-18 14:15:57.680 20246-20246/? E/SchedPolicy: Failed to find cgroup for tid 2114
2023-07-18 14:15:57.680 20246-20246/? E/SchedPolicy: Failed to find cgroup for tid 2219
2023-07-18 14:15:57.680 20246-20246/? E/SchedPolicy: Failed to find cgroup for tid 2273
2023-07-18 14:15:57.680 20246-20246/? E/SchedPolicy: Failed to find cgroup for tid 2301
2023-07-18 14:15:57.680 20246-20246/? E/SchedPolicy: Failed to find cgroup for tid 2308
2023-07-18 14:15:57.680 20246-20246/? E/SchedPolicy: Failed to find cgroup for tid 2314
2023-07-18 14:15:57.680 20246-20246/? E/SchedPolicy: Failed to find cgroup for tid 2319
2023-07-18 14:15:57.680 20246-20246/? E/SchedPolicy: Failed to find cgroup for tid 2324
2023-07-18 14:15:57.680 20246-20246/? E/SchedPolicy: Failed to find cgroup for tid 2325
2023-07-18 14:15:57.681 20246-20246/? E/SchedPolicy: Failed to find cgroup for tid 2328
2023-07-18 14:15:57.681 20246-20246/? E/SchedPolicy: Failed to find cgroup for tid 2338
2023-07-18 14:15:57.681 20246-20246/? E/SchedPolicy: Failed to find cgroup for tid 2341
2023-07-18 14:15:57.681 20246-20246/? E/SchedPolicy: Failed to find cgroup for tid 2350
2023-07-18 14:15:57.681 20246-20246/? E/SchedPolicy: Failed to find cgroup for tid 2351
2023-07-18 14:15:57.681 20246-20246/? E/SchedPolicy: Failed to find cgroup for tid 2353
2023-07-18 14:15:57.681 20246-20246/? E/SchedPolicy: Failed to find cgroup for tid 2356
2023-07-18 14:15:57.681 20246-20246/? E/SchedPolicy: Failed to find cgroup for tid 2357
2023-07-18 14:15:57.681 20246-20246/? E/SchedPolicy: Failed to find cgroup for tid 2368
2023-07-18 14:15:57.681 20246-20246/? E/SchedPolicy: Failed to find cgroup for tid 2369
2023-07-18 14:15:57.681 20246-20246/? E/SchedPolicy: Failed to find cgroup for tid 2383
2023-07-18 14:15:57.681 20246-20246/? E/SchedPolicy: Failed to find cgroup for tid 2385
2023-07-18 14:15:57.681 20246-20246/? E/SchedPolicy: Failed to find cgroup for tid 2392
2023-07-18 14:15:57.681 20246-20246/? E/SchedPolicy: Failed to find cgroup for tid 2400
2023-07-18 14:15:57.681 20246-20246/? E/SchedPolicy: Failed to find cgroup for tid 2417
2023-07-18 14:15:57.682 20246-20246/? E/SchedPolicy: Failed to find cgroup for tid 2419
2023-07-18 14:15:57.682 20246-20246/? E/SchedPolicy: Failed to find cgroup for tid 2424
2023-07-18 14:15:57.682 20246-20246/? E/SchedPolicy: Failed to find cgroup for tid 2425
2023-07-18 14:15:57.682 20246-20246/? E/SchedPolicy: Failed to find cgroup for tid 2426
2023-07-18 14:15:57.682 20246-20246/? E/SchedPolicy: Failed to find cgroup for tid 2428
2023-07-18 14:15:57.682 20246-20246/? E/SchedPolicy: Failed to find cgroup for tid 2429
2023-07-18 14:15:57.682 20246-20246/? E/SchedPolicy: Failed to find cgroup for tid 2430
2023-07-18 14:15:57.682 20246-20246/? E/SchedPolicy: Failed to find cgroup for tid 2431
2023-07-18 14:15:57.682 20246-20246/? E/SchedPolicy: Failed to find cgroup for tid 2432
