2023-07-18 14:15:55.388 1377-1429/? D/SSRM:LoadDetectMonitor: PID = 2361, UID = 10139
2023-07-18 14:15:55.390 3369-3530/? I/SAMSUNGWALLET: [Hint_ProcessStatusChange] fg Change, pid : 2361 , isNotify : true , isForeground : true , fg list : [2361, 20042]
2023-07-18 14:15:55.390 1377-1429/? D/PkgPredictorService-SecIpmManagerServiceImpl: onForegroundActivitiesChanged pid:2361 uid:10139
2023-07-18 14:15:55.390 3369-3954/? I/SAMSUNGWALLET: [ResetData] getSAResetDialogFlag : false
2023-07-18 14:15:55.390 1377-1429/? D/NetworkPolicy: onUidStateChanged() uid: 10139, isForeground(true, 2)
2023-07-18 14:15:55.391 1377-2046/? V/WindowManager: Relayout Window{6445ad6 u0 com.samsung.android.app.spage}: viewVisibility=8 req=0x3044 d0
2023-07-18 14:15:55.392 23163-23501/? I/Rubin: [392] LoggingEventHelper.notifyUpdatedWithValue(:1) : Notify AppUsageLogger's database is updated.
2023-07-18 14:15:55.392 1377-2046/? V/WindowManager: rotationForOrientation(orient=SCREEN_ORIENTATION_NOSENSOR (5), last=ROTATION_0 (0)); user=ROTATION_0 (0) USER_ROTATION_LOCKED
2023-07-18 14:15:55.392 1377-2046/? D/WindowManager: rotationForOrientation, orientationSource=ActivityRecord{323a6a7 u0 com.sec.android.app.launcher/.activities.LauncherActivity t350}
2023-07-18 14:15:55.392 1377-2046/? V/WindowManager: Computed rotation=ROTATION_0 (0) for display id=0 based on lastOrientation=SCREEN_ORIENTATION_NOSENSOR (5) and oldRotation=ROTATION_0 (0), caller=com.android.server.wm.DisplayRotation.updateOrientation:407 com.android.server.wm.DisplayContent.updateOrientation:1939 com.android.server.wm.DisplayContent.updateOrientation:1854 com.android.server.wm.WindowManagerService.relayoutWindow:2800 com.android.server.wm.Session.relayout:242 android.view.IWindowSession$Stub.onTransact:790 
2023-07-18 14:15:55.393 1377-2046/? V/WindowManager: Relayout hash=6445ad6, pid=2876: mAttrs={(0,0)(0xfill) sim={adjust=pan} ty=APPLICATION_PANEL fmt=RGBA_8888
      fl=1000018
      pfl=42000040
      bhv=DEFAULT
      fitTypes=STATUS_BARS NAVIGATION_BARS CAPTION_BAR naviIconColor=0}
2023-07-18 14:15:55.393 1377-2437/? D/SGM:GameManager: identifyForegroundApp. com.sec.android.app.launcher, mCurrentUserId: 0, callerUserId: 0
2023-07-18 14:15:55.393 2876-2876/? I/ViewRootImpl@8a4cef0[]: Relayout returned: old=(0,100,1440,3144) new=(0,100,1440,3144) req=(0,3044)8 dur=3 res=0x1 s={false 0} ch=false fn=-1
2023-07-18 14:15:55.393 1377-2437/? D/SGM:PkgDataHelper: getGamePkgData(). com.sec.android.app.launcher
2023-07-18 14:15:55.401 3369-3954/? I/SAMSUNGWALLET: [Hint_e] isHomePackageRunning topPkgName = com.sec.android.app.launcher, topClsName = com.android.launcher3.uioverrides.QuickstepLauncher, return true , se : true
2023-07-18 14:15:55.401 1377-1438/? D/CompatibilityChangeReporter: Compat change id reported: 135634846; UID 1000; state: DISABLED
2023-07-18 14:15:55.401 1377-1438/? D/CompatibilityChangeReporter: Compat change id reported: 177438394; UID 1000; state: DISABLED
2023-07-18 14:15:55.401 1377-1438/? D/CompatibilityChangeReporter: Compat change id reported: 135772972; UID 1000; state: DISABLED
2023-07-18 14:15:55.401 1377-1438/? D/CompatibilityChangeReporter: Compat change id reported: 135754954; UID 1000; state: ENABLED
2023-07-18 14:15:55.401 4735-4735/? I/DMASA[D]: [DropBoxReceiverManager]allowList : com.snapchat.android
2023-07-18 14:15:55.402 1377-5332/? D/SGM:GameManager: identifyGamePackage. com.sec.android.app.launcher, mCurrentUserId: 0, callerUserId: 0, callingMethodInfo: com.samsung.android.game.IGameManagerService$Stub.onTransact(IGameManagerService.java:242)
2023-07-18 14:15:55.402 1377-5332/? D/SGM:PkgDataHelper: getGamePkgData(). com.sec.android.app.launcher
2023-07-18 14:15:55.402 4735-4735/? I/DMASA[D]: [DropBoxReceiverManager]allowList : com.nhn.android.nmap
2023-07-18 14:15:55.402 1377-1554/? D/SamsungAlarmManager: setInexact (T:3/F:0/AC:false) 20330715T141555 now=1969022340 - CU:10232/CP:25764/OP:PendingIntent{31e3c3a: PendingIntentRecord{91580eb com.google.android.gms/ startService}}
2023-07-18 14:15:55.403 1377-1554/? V/SamsungAlarmManager: setLocked to kernel - W:1969060579 / NW:1969026938, now=1969022341
2023-07-18 14:15:55.403 1377-1908/? V/WindowManager: Relayout Window{d90f655 u0 com.sec.android.app.launcher/com.sec.android.app.launcher.activities.LauncherActivity}: viewVisibility=4 req=1440x3200 d0
2023-07-18 14:15:55.403 4735-4735/? I/DMASA[D]: [DropBoxReceiverManager]allowList : com.facebook.katana
2023-07-18 14:15:55.404 4735-4735/? I/DMASA[D]: [DropBoxReceiverManager]allowList : com.android.vending
2023-07-18 14:15:55.404 3369-3369/? I/SAMSUNGWALLET: [Hint_PayHintService] Hint Status - already invisible, skip hide : [4000000] - 4000000
2023-07-18 14:15:55.404 23163-23501/? I/Rubin: [392] ExercisingWithCmhMonitor.isSatisfiedByCmh(:6) : isSatisfiedByCmh is false
2023-07-18 14:15:55.405 1377-1908/? V/WindowManager: Relayout hash=d90f655, pid=2361: mAttrs={(0,0)(fillxfill) sim={adjust=nothing} layoutInDisplayCutoutMode=shortEdges ty=BASE_APPLICATION fmt=TRANSPARENT wanim=0x10302f2
      fl=81910100
      pfl=1e020040
      vsysui=1700
      bhv=SHOW_TRANSIENT_BARS_BY_SWIPE
      fitSides= naviIconColor=0}
2023-07-18 14:15:55.405 2361-2361/? I/ViewRootImpl@2e9530d[LauncherActivity]: Relayout returned: old=(0,0,1440,3200) new=(0,0,1440,3200) req=(1440,3200)4 dur=4 res=0x1 s={false 0} ch=false fn=-1
2023-07-18 14:15:55.405 1377-2437/? D/InputMethodManagerService: removeClient
2023-07-18 14:15:55.406 1377-2437/? D/InputTransport: Input channel destroyed: 'ClientS', fd=887
2023-07-18 14:15:55.406 1377-2437/? V/InputMethodManagerService: hideCurrentInputLocked : shouldHideSoftInput is false
2023-07-18 14:15:55.406 1377-5332/? I/WindowManager: WIN DEATH: Window{b7d3c57 u0 com.vietvan.inappkotlin/com.example.kotlin.DynamicModulesActivity}
2023-07-18 14:15:55.407 1377-5332/? D/InputTransport: Input channel destroyed: 'b7d3c57', fd=919
2023-07-18 14:15:55.407 1377-5332/? W/InputManager-JNI: Input channel object 'b7d3c57 com.vietvan.inappkotlin/com.example.kotlin.DynamicModulesActivity (client)' was disposed without first being removed with the input manager!
2023-07-18 14:15:55.407 1377-5332/? D/InputTransport: Input channel destroyed: 'b7d3c57', fd=920
2023-07-18 14:15:55.407 1377-5332/? D/RestrictionPolicy: isScreenCaptureEnabled : ret=true userId=0
2023-07-18 14:15:55.407 1377-5332/? I/WindowManager: Cancelling animation restarting=true, leash=Surface(name=Surface(name=47b690e InputMethod)/@0xe88993c - animation-leash of insets_animation)/@0xd9d314b
2023-07-18 14:15:55.407 1377-5332/? I/WindowManager: Reparenting to original parent: Surface(name=WindowToken{844fc6e android.os.Binder@2e637e9})/@0xf41b6c5, destroy=false, surface=Surface(name=47b690e InputMethod)/@0xe88993c
2023-07-18 14:15:55.407 1377-5332/? I/WindowManager: Reparenting to leash, surface=Surface(name=47b690e InputMethod)/@0xe88993c, leashParent=Surface(name=WindowToken{844fc6e android.os.Binder@2e637e9})/@0xf41b6c5
2023-07-18 14:15:55.408 988-1034/? I/SurfaceFlinger: id=118094 createSurf (0x0),-1 flag=24004, Surface(name=47b690e InputMethod)/@0xe88993c - animation-leash of insets_animation#1
2023-07-18 14:15:55.408 1377-5332/? D/WindowManager: makeSurface duration=1 leash=Surface(name=Surface(name=47b690e InputMethod)/@0xe88993c - animation-leash of insets_animation)/@0x7f154e1
2023-07-18 14:15:55.408 1377-5332/? I/WindowManager: Destroying surface Surface(name=com.vietvan.inappkotlin/com.example.kotlin.DynamicModulesActivity$_20042)/@0xa3e206 called by com.android.server.wm.WindowStateAnimator.destroySurface:987 com.android.server.wm.WindowStateAnimator.destroySurfaceLocked:518 com.android.server.wm.WindowState.removeImmediately:2960 com.android.server.wm.WindowState.removeIfPossible:3151 com.android.server.wm.WindowState.access$300:334 com.android.server.wm.WindowState$DeathRecipient.binderDied:3725 android.os.IBinder$DeathRecipient.binderDied:320 android.os.BinderProxy.sendDeathNotice:750 
2023-07-18 14:15:55.409 4735-4735/? I/DMASA[D]: [DropBoxReceiverManager]allowList : com.yahoo.mobile.client.android.mail
2023-07-18 14:15:55.409 4735-4735/? I/DMASA[D]: [DropBoxReceiverManager]allowList : com.samsung.diagmonagenttest
2023-07-18 14:15:55.409 4735-4735/? I/DMASA[D]: [DropBoxReceiverManager]allowList : com.nhn.android.search
2023-07-18 14:15:55.409 4735-4735/? I/DMASA[D]: [DropBoxReceiverManager]allowList : com.google.android.gms
2023-07-18 14:15:55.410 861-861/? D/Zygote: Forked child process 20141
2023-07-18 14:15:55.411 4735-4735/? I/DMASA[D]: [DropBoxReceiverManager]allowList : com.instagram.android
2023-07-18 14:15:55.411 4735-4735/? I/DMASA[D]: [DropBoxReceiverManager]allowList : com.google.android.apps.messaging
2023-07-18 14:15:55.411 4735-4735/? I/DMASA[D]: [DropBoxReceiverManager]allowList : com.google.android.googlequicksearchbox
2023-07-18 14:15:55.411 4735-4735/? I/DMASA[D]: [DropBoxReceiverManager]allowList : com.zhiliaoapp.musically
2023-07-18 14:15:55.412 4735-4735/? I/DMASA[D]: [DropBoxReceiverManager]allowList : com.google.android.gm
2023-07-18 14:15:55.412 4735-4735/? I/DMASA[D]: [DropBoxReceiverManager]allowList : com.kakao.talk
2023-07-18 14:15:55.413 4735-4735/? I/DMASA[D]: [DropBoxReceiverManager]allowList : com.google.android.youtube
2023-07-18 14:15:55.413 4735-4735/? I/DMASA[D]: [DropBoxReceiverManager]allowList : com.microsoft.office.outlook
2023-07-18 14:15:55.413 1377-2775/? V/PkgPredictorService-SecIpmManagerServiceImpl: discard foreground app:com.sec.android.app.launcher 1|true
2023-07-18 14:15:55.414 1377-1796/? I/ActivityManager: Process com.vietvan.inappkotlin (pid 20042) has died: fg  TOP (614,4592)
2023-07-18 14:15:55.414 988-988/? I/Layer: id=118083 removeFromCurrentState com.vietvan.inappkotlin/com.example.kotlin.DynamicModulesActivity$_20042#0 (122)
2023-07-18 14:15:55.414 988-988/? I/Layer: id=118082 removeFromCurrentState b7d3c57 com.vietvan.inappkotlin/com.example.kotlin.DynamicModulesActivity#0 (122)
2023-07-18 14:15:55.414 988-988/? I/Layer: id=118087 removeFromCurrentState Surface(name=47b690e InputMethod)/@0xe88993c - animation-leash of insets_animation#0 (122)
2023-07-18 14:15:55.414 988-988/? I/SurfaceFlinger: id=118082 Removed b7d3c57 com.vietvan.inappkotlin/com.example.kotlin.DynamicModulesActivity#0 (122)
2023-07-18 14:15:55.414 988-988/? I/SurfaceFlinger: id=118087 Removed Surface(name=47b690e InputMethod)/@0xe88993c - animation-leash of insets_animation#0 (122)
2023-07-18 14:15:55.414 988-988/? I/SurfaceFlinger: id=118083 Removed com.vietvan.inappkotlin/com.example.kotlin.DynamicModulesActivity$_20042#0 (122)
2023-07-18 14:15:55.414 988-988/? I/Layer: id=118082 Destroyed b7d3c57 com.vietvan.inappkotlin/com.example.kotlin.DynamicModulesActivity#0
2023-07-18 14:15:55.414 988-988/? I/Layer: id=118087 Destroyed Surface(name=47b690e InputMethod)/@0xe88993c - animation-leash of insets_animation#0
2023-07-18 14:15:55.414 988-988/? I/DisplayDevice: ActiveConfigToHWC, ID : 0, Display : 4633128672291735937
2023-07-18 14:15:55.414 885-1072/? I/display: Set Affinity config for fps(120) : 0, cpuIDs : 255
2023-07-18 14:15:55.414 885-1072/? I/display: Set Affinity CPU ID : 0
2023-07-18 14:15:55.414 885-1072/? I/display: Set Affinity CPU ID : 1
2023-07-18 14:15:55.414 885-1072/? I/display: Set Affinity CPU ID : 2
2023-07-18 14:15:55.414 885-1072/? I/display: Set Affinity CPU ID : 3
2023-07-18 14:15:55.414 885-1072/? I/display: Set Affinity CPU ID : 4
2023-07-18 14:15:55.415 885-1072/? I/display: Set Affinity CPU ID : 5
2023-07-18 14:15:55.415 885-1072/? I/display: Set Affinity CPU ID : 6
2023-07-18 14:15:55.415 885-1072/? I/display: Set Affinity CPU ID : 7
2023-07-18 14:15:55.415 885-1072/? I/display: Set affinity HWC : 885
2023-07-18 14:15:55.415 885-1072/? I/display: CPU set : Cluster(0), min_clock(0)
2023-07-18 14:15:55.415 885-1072/? I/display: CPU set : Cluster(1), min_clock(0)
2023-07-18 14:15:55.415 885-1072/? I/display: CPU set : Cluster(2), min_clock(0)
2023-07-18 14:15:55.415 3369-3530/? I/SAMSUNGWALLET: [Hint_ProcessStatusChange] invoke foreground activities changed - onProcessDied pid:20042 uid : 11160
2023-07-18 14:15:55.416 3369-3954/? I/SAMSUNGWALLET: [ResetData] getSAResetDialogFlag : false
2023-07-18 14:15:55.417 20141-20141/? I/android.dqagen: Using CollectorTypeCC GC.
2023-07-18 14:15:55.418 1377-1796/? I/ActivityTaskManager: Removing activity ActivityRecord{918a7df u0 com.vietvan.inappkotlin/com.example.push_provisionings.SpinnerActivity t1350 f}}(appDied)  from stack callers=com.android.server.wm.ActivityRecord.handleAppDied:4286 com.android.server.wm.WindowProcessController.handleAppDied:1287 com.android.server.wm.ActivityTaskManagerService$LocalService.handleAppDied:7108 com.android.server.am.ActivityManagerService.handleAppDiedLocked:3651 com.android.server.am.ActivityManagerService.appDiedLocked:3841 
2023-07-18 14:15:55.418 3369-3954/? I/SAMSUNGWALLET: [Hint_e] isHomePackageRunning topPkgName = com.sec.android.app.launcher, topClsName = com.android.launcher3.uioverrides.QuickstepLauncher, return true , se : true
2023-07-18 14:15:55.419 4735-4735/? I/DMASA[D]: [DropBoxReceiverManager]allowList : com.facebook.orca
2023-07-18 14:15:55.419 4735-4735/? I/DMASA[D]: [DropBoxReceiverManager]allowList : com.netflix.mediaclient
2023-07-18 14:15:55.419 4735-4735/? W/DMASA[D]: [DropBoxReceiverManager]This app does not allow 3rd-party FC detection: com.vietvan.inappkotlin
2023-07-18 14:15:55.419 988-988/? I/SurfaceFlinger: getBestRefreshRateLocked TouchBoost - choose [1440_120]
2023-07-18 14:15:55.419 861-861/? I/Zygote: Process 20042 exited due to signal 9 (Killed)
2023-07-18 14:15:55.419 20141-20141/? E/android.dqagen: Not starting debugger since process cannot load the jdwp agent.
2023-07-18 14:15:55.419 1377-1796/? I/ActivityTaskManager: Removing activity ActivityRecord{391f9c0 u0 com.vietvan.inappkotlin/com.example.kotlin.DynamicModulesActivity t1350 f}}(appDied)  from stack callers=com.android.server.wm.ActivityRecord.handleAppDied:4286 com.android.server.wm.WindowProcessController.handleAppDied:1287 com.android.server.wm.ActivityTaskManagerService$LocalService.handleAppDied:7108 com.android.server.am.ActivityManagerService.handleAppDiedLocked:3651 com.android.server.am.ActivityManagerService.appDiedLocked:3841 
2023-07-18 14:15:55.420 3369-3369/? I/SAMSUNGWALLET: [Hint_PayHintService] Hint Status - already invisible, skip hide : [4000000] - 4000000
2023-07-18 14:15:55.420 20141-20141/? E/USNET: USNET: appName: com.samsung.android.dqagent
2023-07-18 14:15:55.421 20141-20141/? D/ProcessState: Binder ioctl to enable oneway spam detection failed: Invalid argument
2023-07-18 14:15:55.421 1377-1440/? I/libprocessgroup: Successfully killed process cgroup uid 11160 pid 20042 in 7ms
2023-07-18 14:15:55.421 988-988/? E/BpTransactionCompletedListener: Failed to transact (-32)
2023-07-18 14:15:55.421 988-988/? I/Layer: id=118083 Destroyed com.vietvan.inappkotlin/com.example.kotlin.DynamicModulesActivity$_20042#0
2023-07-18 14:15:55.422 20141-20141/? D/ActivityThread: setConscryptValidator
2023-07-18 14:15:55.422 20141-20141/? D/ActivityThread: setConscryptValidator - put
2023-07-18 14:15:55.422 992-1057/? I/heimdall: update_proc:388, put <pre-initialized>(20141) in root memcg
2023-07-18 14:15:55.422 992-1057/? I/heimdall: update_proc:388, put <pre-initialized>(20141) in root memcg
2023-07-18 14:15:55.422 885-965/? I/display: doDisplayConfigPostProcess needSetActiveConfig is true - mDesiredConfig: 0
2023-07-18 14:15:55.422 885-965/? I/display: setActiveConfig(config=0)
2023-07-18 14:15:55.422 885-965/? I/display: next config(0): width=1440 height=3200 period=8333333 Xdpi=515154 Ydpi=514430 groupId=1440
2023-07-18 14:15:55.422 885-965/? I/display: Current VRR MODE is 1
2023-07-18 14:15:55.423 988-2760/? I/SurfaceFlinger: id=118095 createSurf (0x0),-1 flag=24004, Task=1350#1
2023-07-18 14:15:55.423 1377-1796/? V/MARsPolicyManager: Current Home Package com.sec.android.app.launcher Resumed
2023-07-18 14:15:55.424 1377-1796/? D/MARsPolicyManager: onPackageResumedFG pkgName = com.sec.android.app.launcher, userId = 0
2023-07-18 14:15:55.424 1377-1796/? I/SemDvfsHyPerManager: acquire hyper - AMS_APP_HOME/1377@32, type = -999
2023-07-18 14:15:55.424 899-978/? I/HYPER-HAL: [RequestManager.cpp]acquire(): Acquired ID : 993377  [1377 / 32]    HINT : AMS_APP_HOME    list : 
2023-07-18 14:15:55.424 988-988/? D/SurfaceFlinger: Display 4633128672291735937 HWC layers:
         CLIENT | 0xb400007d05b87310 | 0100 | RGBA_8888    |    0.0    0.0 1440.0  100.0 |    0    0 1440  100 | StatusBar$_1805#0
         CLIENT | 0xb400007d05b84ad0 | 0100 | RGBA_8888    |    0.0    0.0   67.0  456.0 | 1373  563 1440 1019 | com.samsung.android.app.cocktailbars[...]arservice.CocktailBarService$_5423#0
         CLIENT | 0xb400007d05b75950 | 0100 | RGBA_8888    |    0.0    0.0 1440.0  180.0 |    0 3020 1440 3200 | NavigationBar0$_1805#0
2023-07-18 14:15:55.424 988-2762/? D/NativeSemDvfsManager: acquire:: timeout = 2000 mIsAcquired = 1  mTagName : SurfaceFlinger 
2023-07-18 14:15:55.425 988-2762/? E/NativeCustomFrequencyManager: [NativeCFMS] BpCustomFrequencyManager::acquire()
2023-07-18 14:15:55.426 899-978/? I/HYPER-HAL: [RequestManager.cpp]acquire(): Acquired ID : 1978066  [988 / 1000]    HINT : SF_GPU_MINLOCK    list : [TIMEOUT / 2000] 
2023-07-18 14:15:55.427 1377-1796/? D/ActivityManagerPerformance: AMP_acquire() HOME
2023-07-18 14:15:55.427 1377-1796/? W/WindowManager: Prepare app transition: mNextAppTransitionRequests=[TRANSIT_OPEN, TRANSIT_OPEN, TRANSIT_CLOSE, TRANSIT_CLOSE, TRANSIT_CLOSE, TRANSIT_OPEN], mNextAppTransitionFlags=TRANSIT_FLAG_APP_CRASHED, displayId: 0 Callers=com.android.server.wm.DisplayContent.prepareAppTransition:6369 com.android.server.wm.DisplayContent.prepareAppTransition:6364 com.android.server.wm.Task.resumeTopActivityInnerLocked:8419 com.android.server.wm.Task.resumeTopActivityInnerLocked:8142 com.android.server.wm.Task.resumeTopActivityUncheckedLocked:8040 
2023-07-18 14:15:55.428 1377-1796/? V/WindowManager: rotationForOrientation(orient=SCREEN_ORIENTATION_NOSENSOR (5), last=ROTATION_0 (0)); user=ROTATION_0 (0) USER_ROTATION_LOCKED
2023-07-18 14:15:55.428 1377-1796/? D/WindowManager: rotationForOrientation, orientationSource=ActivityRecord{323a6a7 u0 com.sec.android.app.launcher/.activities.LauncherActivity t350}
2023-07-18 14:15:55.428 1377-1796/? V/WindowManager: Computed rotation=ROTATION_0 (0) for display id=0 based on lastOrientation=SCREEN_ORIENTATION_NOSENSOR (5) and oldRotation=ROTATION_0 (0), caller=com.android.server.wm.DisplayRotation.updateOrientation:407 com.android.server.wm.DisplayContent.updateOrientation:1939 com.android.server.wm.DisplayContent.updateOrientation:1877 com.android.server.wm.RootWindowContainer.ensureVisibilityAndConfig:2207 com.android.server.wm.Task.resumeTopActivityInnerLocked:8487 com.android.server.wm.Task.resumeTopActivityInnerLocked:8142 
2023-07-18 14:15:55.430 1377-1796/? D/TspStateManager: updateCustomValue customSetting=
2023-07-18 14:15:55.430 988-988/? I/Scheduler: DisplayModeChanged : 0
2023-07-18 14:15:55.430 988-988/? I/Layer: id=118090 removeFromCurrentState ActivityRecord{918a7df u0 com.vietvan.inappkotlin/com.example.push_provisionings.SpinnerActivity t1350}#0 (120)
2023-07-18 14:15:55.430 988-988/? I/SurfaceFlinger: id=118090 Removed ActivityRecord{918a7df u0 com.vietvan.inappkotlin/com.example.push_provisionings.SpinnerActivity t1350}#0 (120)
2023-07-18 14:15:55.431 988-988/? I/Layer: id=118090 Destroyed ActivityRecord{918a7df u0 com.vietvan.inappkotlin/com.example.push_provisionings.SpinnerActivity t1350}#0
2023-07-18 14:15:55.431 1377-1796/? D/TspStateManager: updateCustomValue customSetting=
2023-07-18 14:15:55.431 988-988/? D/SurfaceFlinger: GPIS:: requestGPIS
2023-07-18 14:15:55.432 2361-2361/? I/ViewRootImpl@2e9530d[LauncherActivity]: stopped(false) old=true
2023-07-18 14:15:55.432 988-988/? D/SurfaceFlinger: Display 4633128672291735937 HWC layers:
         DEVICE | 0xb400007d05b87310 | 0100 | RGBA_8888    |    0.0    0.0 1440.0  100.0 |    0    0 1440  100 | StatusBar$_1805#0
         DEVICE | 0xb400007d05b84ad0 | 0100 | RGBA_8888    |    0.0    0.0   67.0  456.0 | 1373  563 1440 1019 | com.samsung.android.app.cocktailbars[...]arservice.CocktailBarService$_5423#0
         DEVICE | 0xb400007d05b8ce10 | 0100 | RGBA_8888    |    0.0    0.0  714.0  165.0 |  363 2739 1077 2904 | Toast$_1805#0
         DEVICE | 0xb400007d05b75950 | 0100 | RGBA_8888    |    0.0    0.0 1440.0  180.0 |    0 3020 1440 3200 | NavigationBar0$_1805#0
2023-07-18 14:15:55.432 1377-1796/? W/WindowManager: Execute app transition: mNextAppTransitionRequests=[TRANSIT_OPEN, TRANSIT_OPEN, TRANSIT_CLOSE, TRANSIT_CLOSE, TRANSIT_CLOSE, TRANSIT_OPEN], mNextAppTransitionFlags=TRANSIT_FLAG_APP_CRASHED, displayId: 0 Callers=com.android.server.wm.RootWindowContainer.executeAppTransitionForAllDisplay:2706 com.android.server.wm.ActivityTaskSupervisor.reportResumedActivityLocked:2252 com.android.server.wm.ActivityRecord.completeResumeLocked:6361 com.android.server.wm.Task.resumeTopActivityInnerLocked:8577 com.android.server.wm.Task.resumeTopActivityInnerLocked:8142 
2023-07-18 14:15:55.432 4811-4811/? I/SDHMS:BarTender:Gatherer:AppError: update AppError : uid=11160, pkg=com.vietvan.inappkotlin, errorType=crash
2023-07-18 14:15:55.432 2361-2361/? I/BaseActivity: addActivityFlags, flags : 1
2023-07-18 14:15:55.432 2361-2361/? W/LauncherAppWidgetHost: setShouldListenFlag, mFlags:2 flag:start on:true isFront:false
2023-07-18 14:15:55.433 2361-2361/? W/Launcher: onStart isListening : false isLoading false
2023-07-18 14:15:55.433 1377-1796/? W/ActivityTaskManager: Can't find TaskDisplayArea to determine support for multi window. Task id=1350 attached=false
2023-07-18 14:15:55.433 1377-1796/? W/ActivityTaskManager: Can't find TaskDisplayArea to determine support for multi window. Task id=1350 attached=false
2023-07-18 14:15:55.433 1377-1796/? W/ActivityTaskManager: Can't find TaskDisplayArea to determine support for multi window. Task id=1350 attached=false
2023-07-18 14:15:55.433 2361-2361/? W/PageOverlayMover: updateActivityLifecycleState : 1
2023-07-18 14:15:55.433 2876-2983/? I/PageOverlayServiceImpl: [FROM HOME] updateActivityLifecycleState : 1
2023-07-18 14:15:55.433 1377-1796/? V/ActivityManager: Changed top to ProcessRecord{7d15f20 2361:com.sec.android.app.launcher/u0a139}
2023-07-18 14:15:55.433 1377-1908/? V/WindowManager: Relayout Window{6445ad6 u0 com.samsung.android.app.spage}: viewVisibility=8 req=0x3044 d0
2023-07-18 14:15:55.433 2361-2361/? I/LiveIconViewUpdater: onUpdateLiveIcon 20
2023-07-18 14:15:55.433 28426-28426/? I/A: onStart
2023-07-18 14:15:55.434 2361-2361/? E/SchedPolicy: Failed to find cgroup for tid 2361
2023-07-18 14:15:55.434 1377-1908/? V/WindowManager: Relayout hash=6445ad6, pid=2876: mAttrs={(0,0)(0xfill) sim={adjust=pan} ty=APPLICATION_PANEL fmt=RGBA_8888
      fl=1000018
      pfl=42000040
      bhv=DEFAULT
      fitTypes=STATUS_BARS NAVIGATION_BARS CAPTION_BAR naviIconColor=0}
2023-07-18 14:15:55.434 2361-2361/? E/libprocessgroup: set_timerslack_ns write failed: Operation not permitted
2023-07-18 14:15:55.434 2361-2361/? I/LiveIconViewUpdater: onUpdateLiveIcon 56
2023-07-18 14:15:55.434 2876-2876/? I/ViewRootImpl@8a4cef0[]: Relayout returned: old=(0,100,1440,3144) new=(0,100,1440,3144) req=(0,3044)8 dur=12 res=0x1 s={false 0} ch=false fn=-1
2023-07-18 14:15:55.434 2361-2361/? I/LiveIconViewUpdater: onUpdateLiveIcon 59
2023-07-18 14:15:55.434 2361-2361/? I/MSHandlerLifeCycle: isMultiSplitHandlerRequested: windowingMode=1 isFullscreen=true isPopOver=false isHidden=false skipActivityType=true isHandlerType=true this: DecorView@f3c4542[LauncherActivity]
2023-07-18 14:15:55.435 2361-2361/? I/MSHandlerLifeCycle: isMultiSplitHandlerRequested: ignored. pkg=com.sec.android.app.launcher callers=com.android.internal.policy.DecorView.setVisibility:4295 android.app.Activity.makeVisible:6493 android.app.ActivityThread.updateVisibility:5813 android.app.ActivityThread.handleStartActivity:4172 android.app.servertransaction.TransactionExecutor.performLifecycleSequence:221 
2023-07-18 14:15:55.435 2361-2361/? I/MSHandlerLifeCycle: removeMultiSplitHandler: no exist. decor=DecorView@f3c4542[LauncherActivity]
2023-07-18 14:15:55.435 2361-2361/? I/ViewRootImpl@2e9530d[LauncherActivity]: stopped(false) old=false
2023-07-18 14:15:55.435 2361-2361/? I/Launcher: !@Boot_DEBUG: Launcher.onResume()
2023-07-18 14:15:55.435 2361-2361/? I/Launcher: !@Boot_EBS_D: Launcher.onResume()
2023-07-18 14:15:55.435 2361-2361/? I/BaseActivity: addActivityFlags, flags : 18
2023-07-18 14:15:55.435 2361-2361/? I/BaseActivity: removeActivityFlags, flags : 32
2023-07-18 14:15:55.435 2361-2489/? I/IMM_LC: hsifw() - flags=0, caller=android.view.inputmethod.InputMethodManager.hideSoftInputFromWindow:1858 android.view.inputmethod.InputMethodManager.hideSoftInputFromWindow:1827 com.android.launcher3.util.UiThreadHelper$UiCallbacks.handleMessage:103 android.os.Handler.dispatchMessage:102 android.os.Looper.loopOnce:226 
2023-07-18 14:15:55.435 2361-2489/? I/IMM_LC: hideSoftInputFromWindow - mService.hideSoftInput
2023-07-18 14:15:55.435 2876-2983/? I/PageOverlayServiceImpl: [FROM HOME] updateActivityLifecycleState : 2
2023-07-18 14:15:55.435 2361-2361/? W/PageOverlayMover: updateActivityLifecycleState : 2
2023-07-18 14:15:55.435 2361-2361/? I/AppsSearchBar: restoreCurrentCellLayoutAlpha: null
2023-07-18 14:15:55.435 4811-4811/? I/SDHMS:BarTender:Analyzer:AppError: analyze app error : uid=11160, pkg=com.vietvan.inappkotlin, appErrorCount=1
2023-07-18 14:15:55.435 4811-4811/? I/SemDvfsHyPerManager: acquire hyper - APP_START_SHORT/4811@13, type = -999
2023-07-18 14:15:55.435 2361-2361/? W/PageOverlayMover: isMoving : false
2023-07-18 14:15:55.436 899-978/? I/HYPER-HAL: [RequestManager.cpp]acquire(): Acquired ID : 11637913  [4811 / 13]    HINT : APP_START    list : [TIMEOUT / 1500] 
2023-07-18 14:15:55.436 2361-2361/? I/DecorView: notifyKeepScreenOnChanged: keepScreenOn=false
2023-07-18 14:15:55.436 2361-2361/? I/MSHandlerLifeCycle: isMultiSplitHandlerRequested: windowingMode=1 isFullscreen=true isPopOver=false isHidden=false skipActivityType=true isHandlerType=true this: DecorView@f3c4542[LauncherActivity]
2023-07-18 14:15:55.436 2361-2361/? I/MSHandlerLifeCycle: isMultiSplitHandlerRequested: ignored. pkg=com.sec.android.app.launcher callers=com.android.internal.policy.DecorView.hasMultiSplitHandlerInNonFreeformMode:891 com.android.internal.policy.DecorView.notifyKeepScreenOnChanged:885 android.view.ViewRootImpl.applyKeepScreenOnFlag:2945 android.view.ViewRootImpl.setLayoutParams:2108 android.view.WindowManagerGlobal.updateViewLayout:537 
2023-07-18 14:15:55.437 2361-6780/? I/Launcher: DisplayMetrics from Resources : DisplayMetrics{density=3.75, width=1440, height=3044, scaledDensity=3.75, xdpi=515.154, ydpi=514.43}
2023-07-18 14:15:55.437 2361-2361/? I/Launcher: setWallpaperOffsets
2023-07-18 14:15:55.437 1377-1908/? D/InputMethodManagerService: hideSoftInput
2023-07-18 14:15:55.438 2361-6780/? I/Launcher: realMetrics from Wm : DisplayMetrics{density=3.75, width=1440, height=3200, scaledDensity=3.75, xdpi=515.154, ydpi=514.43}
2023-07-18 14:15:55.438 2361-6780/? I/Launcher: DeviceProfile, isLand : false, isMultiWin :false, availableWidthPx : 1440, availableHeightPx : 3144
2023-07-18 14:15:55.438 2361-2361/? I/DecorView: notifyKeepScreenOnChanged: keepScreenOn=false
2023-07-18 14:15:55.438 2361-2361/? I/MSHandlerLifeCycle: isMultiSplitHandlerRequested: windowingMode=1 isFullscreen=true isPopOver=false isHidden=false skipActivityType=true isHandlerType=true this: DecorView@f3c4542[LauncherActivity]
2023-07-18 14:15:55.438 2361-2361/? I/MSHandlerLifeCycle: isMultiSplitHandlerRequested: ignored. pkg=com.sec.android.app.launcher callers=com.android.internal.policy.DecorView.hasMultiSplitHandlerInNonFreeformMode:891 com.android.internal.policy.DecorView.notifyKeepScreenOnChanged:885 android.view.ViewRootImpl.applyKeepScreenOnFlag:2945 android.view.ViewRootImpl.setLayoutParams:2108 android.view.WindowManagerGlobal.updateViewLayout:537 
2023-07-18 14:15:55.438 2361-2361/? I/MSHandlerLifeCycle: isMultiSplitHandlerRequested: windowingMode=1 isFullscreen=true isPopOver=false isHidden=false skipActivityType=true isHandlerType=true this: DecorView@f3c4542[LauncherActivity]
2023-07-18 14:15:55.438 2361-2361/? I/MSHandlerLifeCycle: isMultiSplitHandlerRequested: ignored. pkg=com.sec.android.app.launcher callers=com.android.internal.policy.DecorView.setVisibility:4295 android.app.Activity.makeVisible:6493 android.app.ActivityThread.handleResumeActivity:5448 android.app.servertransaction.ResumeActivityItem.execute:54 android.app.servertransaction.ActivityTransactionItem.execute:45 
2023-07-18 14:15:55.438 2361-2361/? I/MSHandlerLifeCycle: removeMultiSplitHandler: no exist. decor=DecorView@f3c4542[LauncherActivity]
2023-07-18 14:15:55.438 2361-2361/? I/BaseActivity: addActivityFlags, flags : 4
2023-07-18 14:15:55.438 2361-2361/? I/Launcher: onDeferredResumed
2023-07-18 14:15:55.438 2361-2361/? W/Launcher.NotificationListener: setNotificationsChangedListener connected : true
2023-07-18 14:15:55.438 2361-2361/? I/BadgeCountUpdaterImpl: onNotificationsChangedConnected
2023-07-18 14:15:55.438 2361-2361/? I/Launcher.NotificationListener: registerObserver this is not notificationService!!
2023-07-18 14:15:55.438 2361-2361/? I/Launcher.NotificationListener: onNotificationFullRefresh
2023-07-18 14:15:55.438 2361-2361/? W/LauncherAppWidgetHost: setShouldListenFlag, mFlags:6 flag:resume on:true isFront:false
2023-07-18 14:15:55.438 1377-5335/? I/AppWidgetServiceImpl: startListening callbacks : com.android.internal.appwidget.IAppWidgetHost$Stub$Proxy@27dfe60
2023-07-18 14:15:55.438 1377-1439/? I/ActivityManager: Start proc 20141:com.samsung.android.dqagent/1000 for broadcast {com.samsung.android.dqagent/com.samsung.android.dqagent.receiver.DQADataReceiver}
2023-07-18 14:15:55.439 2361-2361/? W/LauncherAppWidgetHost: startListening, mFlags:15 isFront:false
2023-07-18 14:15:55.439 1377-1431/? W/ActivityManager: setHasOverlayUi called on unknown pid: 20042
2023-07-18 14:15:55.439 1377-1908/? W/InputMethodManagerService: Ignoring hideSoftInput of uid 10139: com.android.internal.view.IInputMethodClient$Stub$Proxy@d4f2bde
2023-07-18 14:15:55.440 1377-1431/? D/LocalDisplayAdapter: updateActiveModeLocked, mActiveModeId=1, mActiveSfDisplayMode=DisplayMode{id=0, width=1440, height=3200, xDpi=515.154, yDpi=514.43, refreshRate=120.00001, appVsyncOffsetNanos=0, presentationDeadlineNanos=9333333, group=1440}
2023-07-18 14:15:55.440 1377-1908/? V/WindowManager: Relayout Window{d90f655 u0 com.sec.android.app.launcher/com.sec.android.app.launcher.activities.LauncherActivity}: viewVisibility=0 req=1440x3200 d0
2023-07-18 14:15:55.440 2361-2490/? I/Launcher.NotificationListener: notificationIsValidForUI : com.wssyncmldm missingTitleAndText : false isGroupHeader : false
2023-07-18 14:15:55.440 28426-28426/? I/A: onResume
2023-07-18 14:15:55.440 2361-2490/? I/Launcher.NotificationListener: Full refresh isConnected : true active size : 1
2023-07-18 14:15:55.440 988-1035/? I/SurfaceFlinger: id=118096 createSurf (1440x3200),-3 flag=40004, com.sec.android.app.launcher/com.sec.android.app.launcher.activities.LauncherActivity$_2361#0
2023-07-18 14:15:55.440 30888-30921/? D/KnoxHelper: getActivityList callingUserId: 0, target user: 0
2023-07-18 14:15:55.440 1377-1908/? D/WindowManager: makeSurface duration=1 name=com.sec.android.app.launcher/com.sec.android.app.launcher.activities.LauncherActivity$_2361
2023-07-18 14:15:55.441 30888-30921/? D/KnoxHelper: getActivityList callingUserId: 0, target user: 0
2023-07-18 14:15:55.441 1377-1908/? V/WindowManager: Changing focus from null to Window{d90f655 u0 com.sec.android.app.launcher/com.sec.android.app.launcher.activities.LauncherActivity} displayId=0 Callers=com.android.server.wm.RootWindowContainer.updateFocusedWindowLocked:583 com.android.server.wm.WindowManagerService.updateFocusedWindowLocked:6496 com.android.server.wm.WindowManagerService.relayoutWindow:2769 com.android.server.wm.Session.relayout:242 
2023-07-18 14:15:55.441 1377-1908/? I/WindowManager: Cancelling animation restarting=true, leash=Surface(name=Surface(name=dcf498f StatusBar)/@0x213fc3c - animation-leash of insets_animation)/@0x6af46f3
2023-07-18 14:15:55.441 1377-1908/? I/WindowManager: Reparenting to original parent: Surface(name=WindowToken{21cf0ee android.os.BinderProxy@b5c58f0})/@0xbc4ddc5, destroy=false, surface=Surface(name=dcf498f StatusBar)/@0x213fc3c
2023-07-18 14:15:55.441 1377-1908/? I/WindowManager: Reparenting to leash, surface=Surface(name=dcf498f StatusBar)/@0x213fc3c, leashParent=Surface(name=WindowToken{21cf0ee android.os.BinderProxy@b5c58f0})/@0xbc4ddc5
2023-07-18 14:15:55.442 30888-30921/? D/KnoxHelper: getActivityList callingUserId: 0, target user: 0
2023-07-18 14:15:55.442 988-1035/? I/SurfaceFlinger: id=118097 createSurf (0x0),-1 flag=24000, Surface(name=dcf498f StatusBar)/@0x213fc3c - animation-leash of insets_animation#1
2023-07-18 14:15:55.442 1377-1908/? D/WindowManager: makeSurface duration=0 leash=Surface(name=Surface(name=dcf498f StatusBar)/@0x213fc3c - animation-leash of insets_animation)/@0x834a08c
2023-07-18 14:15:55.442 1377-1908/? I/WindowManager: Cancelling animation restarting=true, leash=Surface(name=Surface(name=a74cc0 NavigationBar0)/@0x5ad8e4b - animation-leash of insets_animation)/@0xe345e29
2023-07-18 14:15:55.442 1377-1908/? I/WindowManager: Reparenting to original parent: Surface(name=WindowToken{8ad2e43 android.os.BinderProxy@b2ecefd})/@0x542a028, destroy=false, surface=Surface(name=a74cc0 NavigationBar0)/@0x5ad8e4b
2023-07-18 14:15:55.442 1377-1908/? I/WindowManager: Reparenting to leash, surface=Surface(name=a74cc0 NavigationBar0)/@0x5ad8e4b, leashParent=Surface(name=WindowToken{8ad2e43 android.os.BinderProxy@b2ecefd})/@0x542a028
2023-07-18 14:15:55.442 30888-30921/? D/KnoxHelper: getActivityList callingUserId: 0, target user: 0
2023-07-18 14:15:55.442 988-1035/? I/SurfaceFlinger: id=118098 createSurf (0x0),-1 flag=24000, Surface(name=a74cc0 NavigationBar0)/@0x5ad8e4b - animation-leash of insets_animation#1
2023-07-18 14:15:55.442 1377-1908/? D/WindowManager: makeSurface duration=1 leash=Surface(name=Surface(name=a74cc0 NavigationBar0)/@0x5ad8e4b - animation-leash of insets_animation)/@0xa9e27ea
2023-07-18 14:15:55.442 1377-1908/? D/StatusBarManagerService: notifyRequestedSystemKey recent=false home=false
2023-07-18 14:15:55.443 30888-30921/? D/KnoxHelper: getActivityList callingUserId: 0, target user: 0
2023-07-18 14:15:55.443 1805-1805/? D/NavigationBar: onSystemBarAttributesChanged() -  displayId:0, appearance:0, navbarColorManagedByIme:false
2023-07-18 14:15:55.443 1805-1805/? V/Navbar.Store: handleEvent [EventType] GET_BOOL_REGION_SAMPLING_ENABLED [Module] LightBarController  KEYS_DEFAULT=false
2023-07-18 14:15:55.443 5168-5168/? I/wpa_supplicant: Heartbeat 5295
2023-07-18 14:15:55.443 1805-1805/? V/Navbar.Store: [Band]COLOR_PACK_GET_REGION_SAMPLING_ENABLED
2023-07-18 14:15:55.443 1805-1805/? V/Navbar.Store: getValue(BOOL_REGION_SAMPLING_ENABLED)=true
2023-07-18 14:15:55.443 1377-2135/? I/ActivityManager: DSS OFF for com.samsung.android.dqagent
2023-07-18 14:15:55.443 1377-1908/? V/WindowManager: Relayout hash=d90f655, pid=2361: mAttrs={(0,0)(fillxfill) sim={adjust=nothing forwardNavigation} layoutInDisplayCutoutMode=shortEdges ty=BASE_APPLICATION fmt=TRANSPARENT wanim=0x10302f2
      fl=81910100
      pfl=1e020040
      vsysui=1700
      bhv=SHOW_TRANSIENT_BARS_BY_SWIPE
      fitSides= screenDimDuration=200000 naviIconColor=0}
2023-07-18 14:15:55.444 2361-17026/? I/TouchInteractionService: onSystemUiStateChanged, stateFlags : 0
2023-07-18 14:15:55.445 2361-2361/? I/ViewRootImpl@2e9530d[LauncherActivity]: Relayout returned: old=(0,0,1440,3200) new=(0,0,1440,3200) req=(1440,3200)0 dur=4 res=0x7 s={true -5476376638521537056} ch=true fn=-1
2023-07-18 14:15:55.445 1377-2135/? D/ActivityManager: attachApplicationLocked() app=ProcessRecord{a98a765 20141:com.samsung.android.dqagent/1000} app.isolatedEntryPoint=null instr2=null
2023-07-18 14:15:55.445 2361-2361/? I/ViewRootImpl@2e9530d[LauncherActivity]: [DP] dp(1) 1 android.view.ViewRootImpl.reportNextDraw:11442 android.view.ViewRootImpl.performTraversals:4198 android.view.ViewRootImpl.doTraversal:2924 
2023-07-18 14:15:55.445 988-1035/? I/SurfaceFlinger: id=118099 createSurf (0x0),-1 flag=24000, OneUiHome-BlurLayer#0
2023-07-18 14:15:55.446 2361-2361/? I/BadgeRenderer: Invalid count : 0
2023-07-18 14:15:55.446 2361-2361/? I/BadgeRenderer: Invalid count : 0
2023-07-18 14:15:55.447 30888-30921/? D/KnoxHelper: getActivityList callingUserId: 0, target user: 0
2023-07-18 14:15:55.447 988-988/? I/Layer: id=118073 removeFromCurrentState ActivityRecord{391f9c0 u0 com.vietvan.inappkotlin/com.example.kotlin.DynamicModulesActivity t1350}#0 (123)
2023-07-18 14:15:55.447 988-988/? I/Layer: id=118072 removeFromCurrentState Task=1350#0 (123)
2023-07-18 14:15:55.447 988-988/? I/Layer: id=118095 removeFromCurrentState Task=1350#1 (123)
2023-07-18 14:15:55.447 988-988/? D/Layer: setBackgroundBlurRadius ## OneUiHome-BlurLayer#0, backgroundBlurRadius=150
2023-07-18 14:15:55.447 988-988/? I/SurfaceFlinger: id=118073 Removed ActivityRecord{391f9c0 u0 com.vietvan.inappkotlin/com.example.kotlin.DynamicModulesActivity t1350}#0 (123)
2023-07-18 14:15:55.447 988-988/? I/SurfaceFlinger: id=118095 Removed Task=1350#1 (123)
2023-07-18 14:15:55.447 988-988/? I/Layer: id=118073 Destroyed ActivityRecord{391f9c0 u0 com.vietvan.inappkotlin/com.example.kotlin.DynamicModulesActivity t1350}#0
2023-07-18 14:15:55.447 988-988/? I/Layer: id=118095 Destroyed Task=1350#1
2023-07-18 14:15:55.448 20141-20141/? D/ActivityThread: handleBindApplication()++ app=com.samsung.android.dqagent
2023-07-18 14:15:55.448 20141-20141/? D/CompatibilityChangeReporter: Compat change id reported: 171979766; UID 1000; state: ENABLED
2023-07-18 14:15:55.451 30888-30921/? D/KnoxHelper: getActivityList callingUserId: 0, target user: 0
2023-07-18 14:15:55.451 2361-2361/? I/ViewRootImpl@2e9530d[LauncherActivity]: [DP] pdf(0) 1 android.view.ViewRootImpl.lambda$addFrameCompleteCallbackIfNeeded$3$ViewRootImpl:5000 android.view.ViewRootImpl$$ExternalSyntheticLambda16.run:6 android.os.Handler.handleCallback:938 
2023-07-18 14:15:55.451 2361-2361/? I/ViewRootImpl@2e9530d[LauncherActivity]: [DP] rdf()
2023-07-18 14:15:55.451 1377-1908/? D/WindowManager: finishDrawingWindow: Window{d90f655 u0 com.sec.android.app.launcher/com.sec.android.app.launcher.activities.LauncherActivity} mDrawState=DRAW_PENDING
2023-07-18 14:15:55.452 992-1057/? I/heimdall: insert_task_to_group:64, insert tgid 20141 to group com.samsung.android.dqagent, ret = 0
2023-07-18 14:15:55.452 1377-1432/? V/WindowManager: Setting visibility of Window{8498c1d u0 com.android.systemui.ImageWallpaper}: true, caller=com.android.server.wm.WindowContainer.sendAppVisibilityToClients:1110 com.android.server.wm.WindowToken.setClientVisible:448 com.android.server.wm.WallpaperWindowToken.setVisible:162 com.android.server.wm.WallpaperWindowToken.commitVisibility:202 com.android.server.wm.WallpaperWindowToken.setVisibility:187 
2023-07-18 14:15:55.452 1805-1822/? D/WallpaperService: dispatchAppVisibility onVisibilityChanged(): true
2023-07-18 14:15:55.453 1377-1432/? D/WindowManager: Loading animation for app transition. transit=TRANSIT_OLD_CRASHING_ACTIVITY_CLOSE enter=true frame=Rect(0, 0 - 1440, 3044) insets=Rect(0, 0 - 0, 0) surfaceInsets=Rect(0, 0 - 0, 0)
2023-07-18 14:15:55.453 1377-1432/? I/SemDvfsHyPerManager: acquire hyper - AMS_RESUME_TAIL/1377@19, type = -999
2023-07-18 14:15:55.453 1377-1432/? I/SemDvfsHyPerManager: acquire hyper - AMS_ACT_LAZY/1377@20, type = -999
2023-07-18 14:15:55.453 1377-1432/? D/ActivityManagerPerformance: AMP_acquire() TAIL
2023-07-18 14:15:55.453 1377-1432/? D/ActivityManagerPerformance: AMP_release() ACT_START
2023-07-18 14:15:55.453 899-978/? I/HYPER-HAL: [RequestManager.cpp]acquire(): Acquired ID : 975125  [1377 / 19]    HINT : AMS_RESUME_TAIL    list : 
2023-07-18 14:15:55.454 899-978/? I/HYPER-HAL: [RequestManager.cpp]releaseLocked(): Released ID : 972332
2023-07-18 14:15:55.454 1805-1805/? D/WallpaperService: updateSurface forceRelayout=true forceReport=false redrawNeeded=false myWidth=3200 myHeight=3200 fixedSize=true x = 0 y = 0 mWidth=3200 mHeight=3200 mIsSleepMode=false
2023-07-18 14:15:55.454 1805-1805/? D/WallpaperService: mDeviceHeight : 3200, mDeviceWidth : 1440,mDeviceRotation  : 0
2023-07-18 14:15:55.454 1377-2047/? V/WindowManager: Relayout Window{8498c1d u0 com.android.systemui.ImageWallpaper}: viewVisibility=0 req=3200x3200 d0
2023-07-18 14:15:55.455 30888-30921/? D/KnoxHelper: getActivityList callingUserId: 0, target user: 0
2023-07-18 14:15:55.455 988-988/? I/Layer: id=118084 removeFromCurrentState Surface(name=dcf498f StatusBar)/@0x213fc3c - animation-leash of insets_animation#0 (121)
2023-07-18 14:15:55.455 988-988/? I/Layer: id=118085 removeFromCurrentState Surface(name=a74cc0 NavigationBar0)/@0x5ad8e4b - animation-leash of insets_animation#0 (121)
2023-07-18 14:15:55.455 988-988/? I/SurfaceFlinger: [d90f655 com.sec.android.app.launcher/com.sec.android.app.launcher.activities.LauncherActivity#0] FrameRatePriority: 1
2023-07-18 14:15:55.456 988-988/? I/SurfaceFlinger: id=118084 Removed Surface(name=dcf498f StatusBar)/@0x213fc3c - animation-leash of insets_animation#0 (121)
2023-07-18 14:15:55.456 988-988/? I/SurfaceFlinger: id=118085 Removed Surface(name=a74cc0 NavigationBar0)/@0x5ad8e4b - animation-leash of insets_animation#0 (121)
2023-07-18 14:15:55.456 988-988/? I/Layer: id=118084 Destroyed Surface(name=dcf498f StatusBar)/@0x213fc3c - animation-leash of insets_animation#0
2023-07-18 14:15:55.456 988-988/? I/Layer: id=118085 Destroyed Surface(name=a74cc0 NavigationBar0)/@0x5ad8e4b - animation-leash of insets_animation#0
2023-07-18 14:15:55.456 1377-1908/? D/InputDispatcher: Focus entered window (0): d90f655 com.sec.android.app.launcher/com.sec.android.app.launcher.activities.LauncherActivity
2023-07-18 14:15:55.457 1377-2047/? V/WindowManager: Relayout hash=8498c1d, pid=1805: mAttrs={(0,0)(3200x3200) gr=TOP START CENTER layoutInDisplayCutoutMode=always ty=WALLPAPER fmt=RGBX_8888 wanim=0x1030314
      fl=14318
      pfl=2000004
      bhv=DEFAULT naviIconColor=0
      sfl=8}
2023-07-18 14:15:55.457 30888-30921/? D/KnoxHelper: getActivityList callingUserId: 0, target user: 0
2023-07-18 14:15:55.457 1805-1805/? D/WallpaperService: updateSurface redrawNeeded=false didSurface=false , mDestroyed = false
2023-07-18 14:15:55.457 1805-1805/? D/WallpaperService: reportVisibility onVisibilityChanged visible: true
2023-07-18 14:15:55.457 1805-1917/? I/ImageWallpaper:  onVisibilityChanged true , 0
2023-07-18 14:15:55.457 1377-5335/? D/WALLPAPER_SVC:WallpaperManagerService: getWallpaperSafeLocked, userId = 0, which = 1, caller = com.android.server.wallpaper.WallpaperManagerService.semGetWallpaperType:6094 
2023-07-18 14:15:55.457 1377-5335/? D/WallpaperManagerService: which : 1, return type : 0 (called by userId= 0)
2023-07-18 14:15:55.458 1805-1917/? I/ImageWallpaperRenderer: updateWallpaperOffset 0 lastCropOffset 0 wp Type , 0 , rotation == 0 Do not change Display offset 0
2023-07-18 14:15:55.458 1377-1554/? D/SamsungAlarmManager: setInexact (T:3/F:0/AC:false) 20330715T141555 now=1969022397 - CU:10232/CP:29768/OP:PendingIntent{9c7524: PendingIntentRecord{c27088d com.google.android.gms/ startService}}
2023-07-18 14:15:55.459 2361-2489/? I/SPayUpdater: updateSpayHandler, show = false, defaultPage = false
2023-07-18 14:15:55.459 2361-2489/? I/LiveIconUpdateEventHandler: LiveIcon Init
2023-07-18 14:15:55.459 2361-2489/? I/LiveIconUpdateEventHandler: registerDateChangedReceiver
2023-07-18 14:15:55.459 1377-1554/? V/SamsungAlarmManager: setLocked to kernel - W:1969060579 / NW:1969026938, now=1969022398
2023-07-18 14:15:55.459 1377-1377/? I/Pageboost: package null
2023-07-18 14:15:55.460 2873-2873/? E/pageboostd: Received HALT command code 2
2023-07-18 14:15:55.460 30888-30921/? D/KnoxHelper: getActivityList callingUserId: 0, target user: 0
2023-07-18 14:15:55.460 988-988/? D/SurfaceFlinger: Display 4633128672291735937 HWC layers:
         CLIENT | 0xb400007d05b843d0 | 0100 | RGBx_8888    |  880.0    0.0 2320.0 3200.0 |    0    0 1440 3200 | Wallpaper BBQ wrapper#0
         CLIENT |              | 0000 |  Unknown  |    0.0    0.0    0.0    0.0 |    0    0 1440 3200 | OneUiHome-BlurLayer#0 (backgroundBlurRadius)
         DEVICE | 0xb400007d05b890d0 | 0100 | RGBA_8888    |    0.0    0.0 1440.0 3200.0 |    0    0 1440 3200 | com.sec.android.app.launcher/com.sec[...].activities.LauncherActivity$_2361#0
         DEVICE | 0xb400007d05b87310 | 0100 | RGBA_8888    |    0.0    0.0 1440.0  100.0 |    0    0 1440  100 | StatusBar$_1805#0
         DEVICE | 0xb400007d05b84ad0 | 0100 | RGBA_8888    |    0.0    0.0   67.0  456.0 | 1373  563 1440 1019 | com.samsung.android.app.cocktailbars[...]arservice.CocktailBarService$_5423#0
         DEVICE | 0xb400007d05b8ce10 | 0100 | RGBA_8888    |    0.0    0.0  714.0  165.0 |  363 2739 1077 2904 | Toast$_1805#0
         DEVICE | 0xb400007d05b75950 | 0100 | RGBA_8888    |    0.0    0.0 1440.0  18
2023-07-18 14:15:55.460 988-988/? D/SurfaceFlinger: 0.0 |    0 3020 1440 3200 | NavigationBar0$_1805#0
2023-07-18 14:15:55.461 30888-30921/? D/KnoxHelper: getActivityList callingUserId: 0, target user: 0
2023-07-18 14:15:55.462 30888-30921/? D/KnoxHelper: getActivityList callingUserId: 0, target user: 0
2023-07-18 14:15:55.463 30888-30921/? D/KnoxHelper: getActivityList callingUserId: 0, target user: 0
2023-07-18 14:15:55.467 1377-1431/? I/GameSDK@LifeCycle: noteResumeComponent(): package name  : com.sec.android.app.launcher
2023-07-18 14:15:55.468 3369-3369/? I/SAMSUNGWALLET: [Hint_PayHintService] onReceive() action=com.sec.android.app.launcher.intent.action.UPDATE_SPAY_HANDLER
2023-07-18 14:15:55.468 3369-3369/? I/SAMSUNGWALLET: [Hint_PayHintService] home change, s home : false , default : false , gesture : true , s result : false , prev : false
2023-07-18 14:15:55.469 1377-1431/? D/SGM:GameManager: identifyGamePackage. com.sec.android.app.launcher, mCurrentUserId: 0, callerUserId: 0, callingMethodInfo: com.samsung.android.game.SemGameManager.isGamePackage(SemGameManager.java:104)
2023-07-18 14:15:55.469 1377-1431/? D/SGM:PkgDataHelper: getGamePkgData(). com.sec.android.app.launcher
2023-07-18 14:15:55.469 1377-1431/? D/SGM:SemGameManager: isGamePackage(), pkgName=com.sec.android.app.launcher, ret=false
2023-07-18 14:15:55.469 1377-1431/? D/SGM:GameManager: noteResumeComponent(), received pkgName: com.sec.android.app.launcher, userId: 0
2023-07-18 14:15:55.469 1377-1619/? D/SGM:GameManager: onLooperPrepared(), msg: MSG_APP_RESUME, pkgName: com.sec.android.app.launcher, userid: 0
2023-07-18 14:15:55.469 1377-1619/? D/SGM:GameManager: handleResume().
2023-07-18 14:15:55.469 1377-1619/? D/SGM:GameManager: sendFocusOutConditionally() - mPrevNotiPkg: com.samsung.android.game.gamehome, userId: 0
2023-07-18 14:15:55.469 1377-1619/? D/SGM:GameManager:   handleResume(). pkgName: com.sec.android.app.launcher, userId: 0, isTunableApp: null
2023-07-18 14:15:55.469 1377-1619/? D/SGM:GameManager: notifyFocusInOut(). of pkg: com.sec.android.app.launcher, type: 4, isMinimized: false, isTunableApp: false, userId: 0
2023-07-18 14:15:55.469 1377-1619/? D/SGM:GameManager:   notifyFocusInOut(). do nothing. mKillNotiCount: 1
2023-07-18 14:15:55.469 1377-1619/? D/SGM:NetworkLimit: callRelease
2023-07-18 14:15:55.469 1377-1619/? D/SGM:SystemHelper: callReleaseBlock needReleaseBlock:false
2023-07-18 14:15:55.469 1377-1431/? D/SGM:GameManager: identifyGamePackage. com.sec.android.app.launcher, mCurrentUserId: 0, callerUserId: 0, callingMethodInfo: com.android.server.ssrm.fgapps.GameAppUtils.isGame(GameAppUtils.java:84)
2023-07-18 14:15:55.469 1377-1431/? D/SGM:PkgDataHelper: getGamePkgData(). com.sec.android.app.launcher
2023-07-18 14:15:55.470 1377-1377/? I/CocktailBarManagerServiceContainer: handleMessage: entry what = 5
2023-07-18 14:15:55.470 1377-2967/? I/MediaSessionMonitor: Media session stopped : controllerList empty
2023-07-18 14:15:55.471 5423-5423/? I/Utils: HomePackage : com.sec.android.app.launcher, resumePackageName : com.sec.android.app.launcher
2023-07-18 14:15:55.471 1377-5332/? I/AppOps: updateUidProcState uid: 10241 procState: 3 capability:15
2023-07-18 14:15:55.470 30888-30921/? D/KnoxHelper: getActivityList callingUserId: 0, target user: 0
2023-07-18 14:15:55.473 2361-2361/? E/libprocessgroup: set_timerslack_ns write failed: Operation not permitted
2023-07-18 14:15:55.473 2361-2361/? I/PopupDataProvider: onNotificationFullRefresh prev dotInfoSize : 1
2023-07-18 14:15:55.473 2361-2361/? I/PopupDataProvider: refresh badge  package : com.wssyncmldm count : 1
2023-07-18 14:15:55.473 2361-2361/? I/TouchInteractionService: onSystemUiFlagsChanged, userUnlocked
2023-07-18 14:15:55.475 2361-2361/? W/Launcher: onEnterAnimationComplete
2023-07-18 14:15:55.475 2361-2361/? W/Launcher: onEnterAnimationComplete
2023-07-18 14:15:55.475 2361-2361/? I/RecentsView: onTaskRemoved() taskId : 1350
2023-07-18 14:15:55.475 2361-2361/? I/RecentsView: onTaskRemoved() taskId : 1350
2023-07-18 14:15:55.475 2361-2361/? I/ViewRootImpl@2e9530d[LauncherActivity]: MSG_WINDOW_FOCUS_CHANGED 1 1
2023-07-18 14:15:55.475 2361-2361/? I/BaseActivity: addActivityFlags, flags : 8
2023-07-18 14:15:55.476 2361-2361/? I/InputMethodManager: startInputInner - mService.startInputOrWindowGainedFocus
2023-07-18 14:15:55.477 1377-1411/? D/InputMethodManagerService: mSecureKeypadEnabled = false
2023-07-18 14:15:55.477 1377-1411/? V/InputMethodManagerService: Unspecified window will hide input
2023-07-18 14:15:55.477 1377-1411/? V/InputMethodManagerService: hideCurrentInputLocked : shouldHideSoftInput is false
