2023-07-18 14:15:55.477 30888-30921/? D/KnoxHelper: getActivityList callingUserId: 0, target user: 0
2023-07-18 14:15:55.477 1377-1411/? D/InputMethodManagerService: DESKTOP MODE! : 2
2023-07-18 14:15:55.477 1377-1411/? D/InputMethodManagerService: NOT IN KNOX DESKTOP MODE!
2023-07-18 14:15:55.477 1377-1411/? V/InputMethodManagerService: getDisplayIdOfInputMethodWindowToBeAdded : 0
2023-07-18 14:15:55.477 1377-1411/? D/InputMethodManagerService: checkDisplayOfStartInputAndUpdateKeyboard display Id 0last 0
2023-07-18 14:15:55.477 1377-1411/? D/InputTransport: Input channel constructed: 'ClientS', fd=774
2023-07-18 14:15:55.477 1377-1411/? D/InputTransport: Input channel destroyed: 'ClientS', fd=774
2023-07-18 14:15:55.477 30888-30921/? D/KnoxHelper: getActivityList callingUserId: 0, target user: 0
2023-07-18 14:15:55.478 2361-2489/? I/LiveIconUpdateEventHandler: cancelDateChangeAlarm
2023-07-18 14:15:55.478 5693-5693/? I/HBD: HoneyBoardService onFinishInput 
2023-07-18 14:15:55.478 30888-30921/? D/KnoxHelper: getActivityList callingUserId: 0, target user: 0
2023-07-18 14:15:55.478 5693-5693/? I/HBD: a IC have been unbinding,  InputConnectionWrapper{idHash=#459f1bb mMissingMethods=}
2023-07-18 14:15:55.478 5693-5693/? I/HBD: HoneyBoardService [PF_CL][onFinishInput]  411231 ns 
2023-07-18 14:15:55.478 5693-5693/? I/HBD: HoneyBoardService [IMI] onStartInput - caller pid : 2361 , caller uid : 10139 
2023-07-18 14:15:55.479 30888-30921/? D/KnoxHelper: getActivityList callingUserId: 0, target user: 0
2023-07-18 14:15:55.479 5693-5693/? I/HBD: j updateConfigs 
2023-07-18 14:15:55.479 5693-5693/? I/HBD: j isEnabledNightMode : false 
2023-07-18 14:15:55.479 5693-5693/? I/HBD: a IC have been binding, InputConnectionWrapper{idHash=#680ba31 mMissingMethods=} 
2023-07-18 14:15:55.479 5693-5693/? I/HBD: h [EditorInputType]setPrivateImeOptionsToTable privateImeOptions ( null )
2023-07-18 14:15:55.479 5693-5693/? I/HBD: b incognitoMode : false 
2023-07-18 14:15:55.479 1377-1554/? D/SamsungAlarmManager: Cancel Alarm calling from uid:10139 pid :2361 / OP:PendingIntent{382efd: PendingIntentRecord{aeb47f2 com.sec.android.app.launcher broadcastIntent}}
2023-07-18 14:15:55.479 5693-5693/? I/HBD: a needOff = true , isForceOff = false, isNullInputClass : true 
2023-07-18 14:15:55.479 1377-2047/? I/WindowManager: Cancelling animation restarting=true, leash=Surface(name=Surface(name=47b690e InputMethod)/@0xe88993c - animation-leash of insets_animation)/@0x7f154e1
2023-07-18 14:15:55.479 1377-2047/? I/WindowManager: Reparenting to original parent: Surface(name=WindowToken{844fc6e android.os.Binder@2e637e9})/@0xf41b6c5, destroy=false, surface=Surface(name=47b690e InputMethod)/@0xe88993c
2023-07-18 14:15:55.479 5693-5693/? I/HBD: h getDefaultInputRange : UNKNOWN 
2023-07-18 14:15:55.479 1377-2047/? I/WindowManager: Reparenting to leash, surface=Surface(name=47b690e InputMethod)/@0xe88993c, leashParent=Surface(name=WindowToken{844fc6e android.os.Binder@2e637e9})/@0xf41b6c5
2023-07-18 14:15:55.480 5693-5693/? I/HBD: h getDefaultInputRange : UNKNOWN 
2023-07-18 14:15:55.480 5693-5693/? I/HBD: h getDefaultInputRange : UNKNOWN 
2023-07-18 14:15:55.480 988-1035/? I/SurfaceFlinger: id=118100 createSurf (0x0),-1 flag=24004, Surface(name=47b690e InputMethod)/@0xe88993c - animation-leash of insets_animation#0
2023-07-18 14:15:55.480 30888-30921/? D/KnoxHelper: getActivityList callingUserId: 0, target user: 0
2023-07-18 14:15:55.480 1377-2047/? D/WindowManager: makeSurface duration=0 leash=Surface(name=Surface(name=47b690e InputMethod)/@0xe88993c - animation-leash of insets_animation)/@0x2c82cc0
2023-07-18 14:15:55.481 2361-2361/? I/BadgeRenderer: Invalid count : 0
2023-07-18 14:15:55.481 2361-2361/? I/BadgeRenderer: Invalid count : 0
2023-07-18 14:15:55.481 2361-2361/? I/BadgeRenderer: Invalid count : 0
2023-07-18 14:15:55.481 2361-2361/? I/BadgeRenderer: Invalid count : 0
2023-07-18 14:15:55.481 2361-2361/? I/BadgeRenderer: Invalid count : 0
2023-07-18 14:15:55.480 1377-5335/? D/DARUtil: Device owner status not updated yet...
2023-07-18 14:15:55.484 1377-5335/? D/DARUtil: Not an enterprise user : 0
2023-07-18 14:15:55.484 1377-2047/? D/InputMethodManagerServicePhysicalKey: isConnectedDexOnPC false
2023-07-18 14:15:55.485 1377-5335/? D/DARUtil: Device owner status not updated yet...
2023-07-18 14:15:55.485 1377-5335/? D/DARUtil: Not an enterprise user : 0
2023-07-18 14:15:55.485 1805-1805/? D/DisplayImeController: insetsControlChanged(), ime control is null, anim=null
2023-07-18 14:15:55.486 1377-2047/? D/InputMethodManagerService: isImeSwitcherDisabledPackage : false
2023-07-18 14:15:55.486 5693-5693/? I/HBD: a needOff = true , isForceOff = false, isNullInputClass : true 
2023-07-18 14:15:55.486 5693-5693/? I/HBD: a update cached prediction status : false 
2023-07-18 14:15:55.486 5693-5693/? I/HBD: h getDefaultInputRange : UNKNOWN 
2023-07-18 14:15:55.487 5693-5693/? I/HBD: a currentState : 0 
2023-07-18 14:15:55.487 30888-30921/? D/KnoxHelper: getActivityList callingUserId: 0, target user: 0
2023-07-18 14:15:55.488 5693-5693/? I/HBD: h load selected json path : /data/user/0/com.samsung.android.honeyboard/files/selected.json 
2023-07-18 14:15:55.488 5693-5693/? I/HBD: h load selected json info : {"version":"4.1","currentLanguageOrder":0,"selected":[{"activeOptionList":["auto_replace","auto_spacing","writing_assistant"],"engName":"English","id":65538,"inputType":"qwerty","isUsed":true},{"activeOptionList":["auto_replace","auto_spacing"],"engName":"Vietnamese","id":4390912,"inputType":"vietnamese_telex","isUsed":true}]} 
2023-07-18 14:15:55.488 1377-1431/? I/DisplayDeviceRepository: Display device changed: DisplayDeviceInfo{"Built-in Screen": uniqueId="local:4633128672291735937", 1440 x 3200
        modeId 1, defaultModeId 3, supportedModes [{id=1, width=1440, height=3200, fps=120.00001, alternativeRefreshRates=[48.000004, 60.000004, 96.00001]}, {id=2, width=1440, height=3200, fps=96.00001, alternativeRefreshRates=[48.000004, 60.000004, 120.00001]}, {id=3, width=1440, height=3200, fps=60.000004, alternativeRefreshRates=[48.000004, 96.00001, 120.00001]}, {id=4, width=1440, height=3200, fps=48.000004, alternativeRefreshRates=[60.000004, 96.00001, 120.00001]}, {id=5, width=1080, height=2400, fps=120.00001, alternativeRefreshRates=[48.000004, 60.000004, 96.00001]}, {id=6, width=1080, height=2400, fps=96.00001, alternativeRefreshRates=[48.000004, 60.000004, 120.00001]}, {id=7, width=1080, height=2400, fps=60.000004, alternativeRefreshRates=[48.000004, 96.00001, 120.00001]}, {id=8, width=1080, height=2400, fps=48.000004, alternativeRefreshRates=[60.000004, 96.00001, 120.00001]}, {id=9, width=720, height=1600, fps=120.00001, alternativeRefreshRates=[48.000004, 60.000004, 96.00001]}, {id=10, width=720, height=1600, fps=96.00001, alternativeRefreshRates=[48.000004, 60.000004, 120.00001]}, {id=11, width=720, height=1600, fps=60.000004, alternativeRefreshRates=[48.000004, 96.00001, 120.00001]}, {id=12, width=720, height=1600, fps=48.000004, alternativeRefreshRates=[60.000004, 96.00001, 120.00001]}]
        colorMode 0, supportedColorModes [0, 6, 7], hdrCapabilities HdrCapabilities{mSupportedHdrTypes=[2, 3, 4], mMaxLuminance=450.0, mMaxAverageLuminance=120.0, mMinLuminance=5.0E-4}
        allmSupported false, gameContentTypeSupported false, density 600, 515.154 x 514.43 dpi, appVsyncOff 0, presDeadline 17666666
        cutout DisplayCutout{insets=Rect(0, 100 - 0, 0) waterfall=Insets{left=0, top=0, right=0, bottom=0} boundingRect={Bounds=[Rect(0, 0 - 0, 0), Rect(681, 0 - 759, 100), Rect(0, 0 - 0, 0), Rect(0, 0 - 0, 0)]} cutoutPathParserInfo={CutoutPathParserInfo{displayWidth=1440 displayHeight=3200 density={3.75} cutoutSpec={M 0, 0 H -10.4 V 26.66666666666667 H 10.4 V 0 H 0 Z @dp} rotation={0} scale={1.0}}}}
        touch INTERNAL, rotation 0, type INTERNAL, address {port=129, model=0x404c2dfae6a049}, deviceProductInfo DeviceProductInfo{name=samsung lcd  , manufacturerPnpId=SAM, productId=0, modelYear=null, manufactureDate=ManufactureDate{week=16, year=2020}, connectionToSinkType=0}
        state ON, frameRateOverride , brightnessMinimum 0.0, brightnessMaximum 1.0, brightnessDefault 0.5019608
        roundedCorners RoundedCorners{[RoundedCorner{position=TopLeft, radius=120, center=Point(120, 120)}, RoundedCorner{position=TopRight, radius=120, center=Point(1320, 120)}, RoundedCorner{position=BottomRight, radius=120, center=Point(1320, 3080)}, RoundedCorner{position=BottomLeft, radius=120, center=Point(120, 3080)}]}
        , FLAG_DEFAULT_DISPLAY, FLAG_ROTATES_WITH_CONTENT, FLAG_SECURE, FLAG_SUPPORTS_PROTECTED_BUFFERS}
2023-07-18 14:15:55.488 30888-30921/? D/KnoxHelper: getActivityList callingUserId: 0, target user: 0
2023-07-18 14:15:55.488 2361-2489/? I/LiveIconUpdateEventHandler: setDateChangeAlarm
2023-07-18 14:15:55.488 5693-5693/? I/HBD: a [UpdatePolicy] [post] a: 0 cl: 65538 kit: [0/0] vt: 0 ir: 1 
2023-07-18 14:15:55.489 1377-1796/? D/SamsungAlarmManager: setInexact (T:0/F:0/AC:false) 20230719T000000 now=1969022427 - CU:10139/CP:2361/OP:PendingIntent{95dbdf9: PendingIntentRecord{aeb47f2 com.sec.android.app.launcher broadcastIntent}}
2023-07-18 14:15:55.489 988-988/? I/Layer: id=118094 removeFromCurrentState Surface(name=47b690e InputMethod)/@0xe88993c - animation-leash of insets_animation#1 (120)
2023-07-18 14:15:55.489 5693-5693/? I/HBD: HoneyBoardService [PF_OP][onStartInput]  10517769 ns 
2023-07-18 14:15:55.490 1377-1796/? V/SamsungAlarmManager: setLocked to kernel - W:1969060579 / NW:1969026938, now=1969022429
2023-07-18 14:15:55.490 1377-1431/? D/PowerManagerService: [api] setScreenDimDurationOverrideFromWindowManagerInternal: timeoutMillis: 200000
2023-07-18 14:15:55.491 2361-3931/? I/RecentModel: onTaskStackChangedBackground
2023-07-18 14:15:55.492 2361-2489/? I/LiveIconUpdateEventHandler: cancelMinuteChangeAlarm
2023-07-18 14:15:55.492 2361-3931/? I/RecentTasksList: getTaskKeys, numTasks :3 callback : com.android.quickstep.-$$Lambda$RecentsModel$k1Mm-BV64Bc89eJHYugywZmW_Js@dd9b5d0
2023-07-18 14:15:55.492 1377-1554/? D/SamsungAlarmManager: Cancel Alarm calling from uid:10139 pid :2361 / OP:PendingIntent{461f13e: PendingIntentRecord{928cb9f com.sec.android.app.launcher broadcastIntent}}
2023-07-18 14:15:55.492 2361-2489/? I/LiveIconUpdateEventHandler: setMinuteChangeAlarm
2023-07-18 14:15:55.493 30888-30921/? D/KnoxHelper: getActivityList callingUserId: 0, target user: 0
2023-07-18 14:15:55.493 5693-5693/? I/MSHandlerLifeCycle: isMultiSplitHandlerRequested: ignored. pkg=com.samsung.android.honeyboard isActivity=false callers=com.android.internal.policy.DecorView.setVisibility:4295 android.app.Dialog.hide:741 android.inputmethodservice.InputMethodService.removeImeSurface:1143 android.inputmethodservice.InputMethodService.scheduleImeSurfaceRemoval:1136 android.inputmethodservice.InputMethodService.access$1400:354 
2023-07-18 14:15:55.493 5693-5693/? I/MSHandlerLifeCycle: removeMultiSplitHandler: no exist. decor=DecorView@eeed23c[InputMethod]
2023-07-18 14:15:55.495 30888-30921/? D/KnoxHelper: getActivityList callingUserId: 0, target user: 0
2023-07-18 14:15:55.496 30888-30921/? D/KnoxHelper: getActivityList callingUserId: 0, target user: 0
2023-07-18 14:15:55.497 30888-30921/? D/KnoxHelper: getActivityList callingUserId: 0, target user: 0
2023-07-18 14:15:55.497 1377-1908/? D/SamsungAlarmManager: setInexact (T:1/F:0/AC:false) 20230718T141600 now=1969022435 - CU:10139/CP:2361/OP:PendingIntent{8b340b5: PendingIntentRecord{928cb9f com.sec.android.app.launcher broadcastIntent}}
2023-07-18 14:15:55.497 1377-1908/? V/SamsungAlarmManager: setLocked to kernel - W:1969060579 / NW:1969026938, now=1969022435
2023-07-18 14:15:55.498 2361-2489/? I/LiveIconUpdateEventHandler: Initialized
2023-07-18 14:15:55.499 1805-1805/? D/DisplayLifecycle: updateDisplay id = 0
2023-07-18 14:15:55.499 1377-2047/? D/ActivityTaskManager: getRecentPairTasks() maxNum :3 from 10139
2023-07-18 14:15:55.499 30888-30921/? D/KnoxHelper: getActivityList callingUserId: 0, target user: 0
2023-07-18 14:15:55.500 1377-2964/? D/LiftUpHandler: already ended..
2023-07-18 14:15:55.500 1377-2047/? D/RecentTaskItemController: getRecentPairTasksImpl() maxNum :3 from 10139
2023-07-18 14:15:55.501 2361-2489/? I/RecentTasksList: loadTasksInBackground() task id : 1350
2023-07-18 14:15:55.501 30888-30921/? D/KnoxHelper: getActivityList callingUserId: 0, target user: 0
2023-07-18 14:15:55.502 30888-30921/? D/KnoxHelper: getActivityList callingUserId: 0, target user: 0
2023-07-18 14:15:55.502 1377-1377/? D/MotionRecognitionService: [DisplayListner] getRefreshRate 120.00001
2023-07-18 14:15:55.502 1377-1593/? D/MotionRecognitionService: [REFRESHRATE]  : 120
2023-07-18 14:15:55.502 1377-1377/? D/SGM:GameManager: onDisplayChanged. displyId: 0, state: 2
2023-07-18 14:15:55.502 1377-1593/? D/SensorService: setSContextDataLocked ints length 3 , byte length 8
2023-07-18 14:15:55.502 1377-1593/? D/SensorService: setSContextDataLocked 100048c1
2023-07-18 14:15:55.502 1377-1619/? D/SGM:GameManager: onLooperPrepared(), msg: MSG_LCD_ON
2023-07-18 14:15:55.502 1377-1377/? D/SGM:GameManager: dpi: 600, longPixel: 3044, shortPixel: 1440
2023-07-18 14:15:55.502 1377-1377/? D/AODManagerService: requestReCalToTSP IsSingleTouchMode = false / previousDisplayState = ON
2023-07-18 14:15:55.502 1377-1377/? D/BrightnessSynchronizer: onDisplayChanged() : displayId=0
2023-07-18 14:15:55.502 1377-1377/? D/BrightnessSynchronizer: updateScreenBrightness: type=2 mPreferredSettingValue=0.40392157(103) currentBrightnessInt=103 currentBrightnessIntFromFloat=103(0.40392157)
2023-07-18 14:15:55.502 890-890/? D/Sensors: c1 48 00 10 78 00 00 00  
2023-07-18 14:15:55.502 2361-2489/? I/DisplayController: Global displayType : -1
2023-07-18 14:15:55.502 890-890/? E/Sensors: inject_scontext_data: New ssp_data_injection_fd(43)
2023-07-18 14:15:55.503 2361-2489/? I/DisplayController: handleInfoChange start
2023-07-18 14:15:55.503 2361-2489/? I/DisplayController: Update info Point(1440, 3044)-1440x3200, Point(3100, 1294)-3200x1440, 0, 384x811, handleInfoChange end 4
2023-07-18 14:15:55.505 890-890/? D/Sensors: SContext Data Injection return 8
2023-07-18 14:15:55.508 30888-30921/? D/KnoxHelper: getActivityList callingUserId: 0, target user: 0
2023-07-18 14:15:55.508 30888-30921/? D/KnoxHelper: getActivityList callingUserId: 0, target user: 0
2023-07-18 14:15:55.509 20141-20141/? I/DIAGMON_SDK[605045]: DiagMonAgent type: 2
2023-07-18 14:15:55.509 30888-30921/? D/KnoxHelper: getActivityList callingUserId: 0, target user: 0
2023-07-18 14:15:55.510 20141-20141/? I/DIAGMON_SDK[605045][999-399-549750]: generated SR object
2023-07-18 14:15:55.510 30888-30921/? D/KnoxHelper: getActivityList callingUserId: 0, target user: 0
2023-07-18 14:15:55.510 30888-30921/? D/KnoxHelper: getActivityList callingUserId: 0, target user: 0
2023-07-18 14:15:55.511 30888-30921/? D/KnoxHelper: getActivityList callingUserId: 0, target user: 0
2023-07-18 14:15:55.512 30888-30921/? D/KnoxHelper: getActivityList callingUserId: 0, target user: 0
2023-07-18 14:15:55.513 30888-30921/? D/KnoxHelper: getActivityList callingUserId: 0, target user: 0
2023-07-18 14:15:55.516 30888-30921/? D/KnoxHelper: getActivityList callingUserId: 0, target user: 0
2023-07-18 14:15:55.517 2361-2490/? W/QuickstepModelDelegate: handleUpdate targets : 9
2023-07-18 14:15:55.518 4735-2992/? I/DMASA[D][999-399-549750]: [DiagmonProvider]Received msg based on provider : true / anr_logging
2023-07-18 14:15:55.519 4735-2992/? I/DMASA[D][999-399-549750]: [DiagmonProvider]Signature Check Success
2023-07-18 14:15:55.520 1377-1843/? D/MdnieScenarioControlService:  packageName : com.sec.android.app.launcher    className : com.android.launcher3.uioverrides.QuickstepLauncher
2023-07-18 14:15:55.521 1377-1843/? V/MdnieScenarioControlService: setUIMode from UI function(3)
2023-07-18 14:15:55.522 652-652/? W/keymaster_tee: [WRN]begin req PARAMS: A32 B2 P64 
2023-07-18 14:15:55.522 20141-20182/? I/DIAGMON_SDK[605045][999-399-549750]: Results : Success
2023-07-18 14:15:55.525 651-12328/? I/keystore2: keystore2::security_level: In create_operation. Success to create IKeystoreOperation. 1000, None
2023-07-18 14:15:55.525 2361-2361/? W/SuggestedAppsViewImpl: pending predictedApps : 9, alpha: 0.0, overview: false
2023-07-18 14:15:55.529 1377-2135/? I/GenerationRegistry: mBackingStore.isClosed() : false
2023-07-18 14:15:55.546 20141-20141/? I/DQA: [DQADatabaseOpenHelper]db open success
2023-07-18 14:15:55.551 1377-2135/? I/GenerationRegistry: mBackingStore.isClosed() : false
2023-07-18 14:15:55.621 1377-1843/? V/MdnieScenarioControlService: mAclOffEnabled : false mAclPreviewState : false mAclCompensationState : false
2023-07-18 14:15:55.661 5423-5423/? I/Utils: isCurrentUser current = 0, ownerId = 0
2023-07-18 14:15:55.661 5423-5423/? I/TrayVisibilityController: getComputedTrayVisible : keyguardState = 1
2023-07-18 14:15:55.661 5423-5423/? I/TrayVisibilityController: updateTrayVisible: State=1 visible=1 mCurrentVisible=1 specificMode=0
2023-07-18 14:15:55.661 5423-5423/? I/TrayStateController: onNotifyUpdateTray: state=0
2023-07-18 14:15:55.754 899-20169/? I/HYPER-HAL: [RequestManager.cpp]releaseLocked(): Released ID : 975125
2023-07-18 14:15:55.815 20134-20134/? I/dumpstate: current cpu usage: 128
2023-07-18 14:15:55.816 20134-20134/? I/dumpstate: do_vibrate: 0 stream_to_socket: 0 progress_updates_to_socket: 0 do_screenshot: 0 is_remote_mode: 0 show_header_only: 0 telephony_only: 0 wifi_only: 0 do_progress_updates: 0 fd: -1 bugreport_mode: BUGREPORT_A_ERROR dumpstate_hal_mode: DEFAULT limited_only: 0 light_level : 0 args: /system/bin/dumpstate -m -d -z
2023-07-18 14:15:55.816 20134-20134/? I/dumpstate: sec_mode : 1 dump_flags : 1823696524, booting_delay : 0 booting_enospc : 0 sys_rescue : 0 sys_error : 0 sys_native : 0 sys_watchdog : 0 app_error : 1 app_native : 0 app_anr : 0 change_output_path : 0, enospc : 0, light_level : 0
2023-07-18 14:15:55.816 20134-20134/? I/dumpstate: shutdown_broadcast: 0, shutdown_delay: 0
2023-07-18 14:15:55.816 20134-20134/? D/dumpstate: dumpstate calling_uid = -1 ; calling package =  
2023-07-18 14:15:55.816 20134-20134/? D/dumpstate: Loading stats from /data/log/dumpstate-stats.txt
2023-07-18 14:15:55.816 20134-20134/? I/dumpstate: Average max progress: 443 in 403 runs; estimated max: 443
2023-07-18 14:15:55.817 20134-20134/? D/hw-ProcessState: Binder ioctl to enable oneway spam detection failed: Invalid argument
2023-07-18 14:15:55.818 20134-20134/? D/dumpstate: Wake lock acquired.
2023-07-18 14:15:55.818 20134-20134/? I/dumpstate: dumpstate info: id=89, args='/system/bin/dumpstate -m -d -z', bugreport_mode= BUGREPORT_A_ERROR bugreport format version: 2.0
2023-07-18 14:15:55.818 20134-20134/? I/dumpstate: current storage free is 83680 MB
2023-07-18 14:15:55.861 1377-1768/? I/Pageboost: Launcher Page Up
2023-07-18 14:15:55.863 1377-1768/? E/SchedPolicy: Failed to find cgroup for tid 1377
2023-07-18 14:15:55.866 1377-1768/? I/Pageboost: IO Prefetch for : com.vietvan.inappkotlin
2023-07-18 14:15:55.866 2873-20194/? E/pageboostd: prefetch start : app comvietvaninappkotlin
2023-07-18 14:15:55.866 2873-2873/? E/pageboostd: Received Reclaim command code 3, 150MB
2023-07-18 14:15:55.867 2873-20194/? E/pageboostd: comvietvaninappkotlin, amt 94208 scnt 3 fcnt 1
2023-07-18 14:15:55.867 2873-20194/? E/pageboostd: prefetch end : app comvietvaninappkotlin data_amount 94208
2023-07-18 14:15:55.867 2873-20195/? E/pageboostd: mem prepare start : 150 MB
2023-07-18 14:15:55.867 838-838/? E/audit: type=1400 audit(1689664555.861:15933034): avc:  denied  { search } for  pid=2873 comm="pageboostd" name="overlay" dev="dm-6" ino=91 scontext=u:r:pageboostd:s0 tcontext=u:object_r:vendor_overlay_file:s0 tclass=dir permissive=0 SEPF_SM-G998B_12_0001 audit_filtered
2023-07-18 14:15:55.867 838-838/? E/audit: type=1300 audit(1689664555.861:15933034): arch=c00000b7 syscall=56 success=no exit=-13 a0=ffffff9c a1=b400006fe48d8730 a2=0 a3=0 items=1 ppid=1 pid=2873 auid=4294967295 uid=1000 gid=1000 euid=1000 suid=1000 fsuid=1000 egid=1000 sgid=1000 fsgid=1000 tty=(none) ses=4294967295 comm="pageboostd" exe="/system/bin/pageboostd" subj=u:r:pageboostd:s0 key=(null)
2023-07-18 14:15:55.867 838-838/? E/audit: type=1302 audit(1689664555.861:15933034): item=0 name="/product/overlay/framework-res__auto_generated_rro_product.apk" nametype=UNKNOWN cap_fp=0 cap_fi=0 cap_fe=0 cap_fver=0 cap_frootid=0
2023-07-18 14:15:55.867 838-838/? E/audit: type=1327 audit(1689664555.861:15933034): proctitle="/system/bin/pageboostd"
2023-07-18 14:15:55.880 1377-1431/? W/ActivityTaskManager: Activity top resumed state loss timeout for ActivityRecord{918a7df u0 com.vietvan.inappkotlin/com.example.push_provisionings.SpinnerActivity t-1 f}}
2023-07-18 14:15:55.896 1377-1432/? I/WindowManager: Reparenting to original parent: Surface(name=WindowToken{1e0b039 android.os.Binder@3128000})/@0x4bb673, destroy=true, surface=Surface(name=d1316f5 Toast)/@0xded32e2
2023-07-18 14:15:55.898 20196-20196/? I/ENOSPC: !@ ------ DISK STATS (du -cmd2 /data/media/0 [MB]) ------
    !@ 7299 total 7299 /data/media/0/ 3227 /data/media/0/DCIM 2194 /data/media/0/DCIM/Camera 2156 /data/media/0/Android 1690 /data/media/0/Android/data 982 /data/media/0/DCIM/Screen recordings 514 /data/media/0/Download 467 /data/media/0/Android/.Trash 332 /data/media/0/log
2023-07-18 14:15:55.904 988-988/? I/Layer: id=118093 removeFromCurrentState Surface(name=d1316f5 Toast)/@0xded32e2 - animation-leash of window_animation#0 (120)
2023-07-18 14:15:55.904 988-988/? I/SurfaceFlinger: id=118093 Removed Surface(name=d1316f5 Toast)/@0xded32e2 - animation-leash of window_animation#0 (120)
2023-07-18 14:15:55.905 988-988/? I/Layer: id=118093 Destroyed Surface(name=d1316f5 Toast)/@0xded32e2 - animation-leash of window_animation#0
2023-07-18 14:15:55.919 2873-20195/? E/pageboostd: mem prepare done : 157286400 bytes
2023-07-18 14:15:55.935 20203-20203/? I/ENOSPC: !@ ------ DISK STATS (du -cmd1 /data/app [MB]) ------
    !@ 9002 total 9002 /data/app/ 701 /data/app/~~Vc8WYrNKOnW8dcBw2TS0hQ== 534 /data/app/~~E7385ozUNJjvQmembSKDRA== 368 /data/app/~~8MR66pKb08auYW941MgIWQ== 360 /data/app/~~FzG6WF_Iv4gRS_V9WKMNzQ== 310 /data/app/~~-raNfBsiDteVDw3o0ChlXQ== 294 /data/app/~~CHH13dlv51QCRTU5fwZWhQ== 263 /data/app/~~ilSEkjFBebYa74iLkqVaCw== 244 /data/app/~~exTTtXbiDLt7JjOARUBTMQ==
2023-07-18 14:15:55.962 20210-20210/? I/ENOSPC: !@ ------ DISK STATS (du -cmd2 /data/log [MB]) ------
    !@ 265 total 265 /data/log/ 76 /data/log/ewlogd 50 /data/log/acore 49 /data/log/batterystats 27 /data/log/core 8 /data/log/wifi/iwc 8 /data/log/wifi 6 /data/log/bt 2 /data/log/netstats
2023-07-18 14:15:55.963 20134-20134/? D/dumpstate: Bugreport dir: [/data/log] Base name: [dumpstate_app_error] Suffix: [] Log path: [/data/log/dumpstate_app_error.txt] Temporary path: [/data/log/dumpstate_app_error.tmp] Screenshot path: []
2023-07-18 14:15:55.963 20134-20134/? D/dumpstate: Creating initial .zip file (/data/log/dumpstate_app_error_now.zip)
2023-07-18 14:15:55.963 20134-20134/? D/dumpstate: Adding zip text entry version.txt
2023-07-18 14:15:55.964 20134-20134/? I/dumpstate: !@bugreport_mode BUGREPORT_A_ERROR, and dumpstate by com.vietvan.inappkotlin
2023-07-18 14:15:55.965 20134-20134/? D/ProcessState: Binder ioctl to enable oneway spam detection failed: Invalid argument
2023-07-18 14:15:55.966 20134-20134/? D/dumpstate: Module metadata package name: com.google.android.modulemetadata
2023-07-18 14:15:55.976 592-592/? I/hwservicemanager: Since android.hardware.dumpstate@1.0::IDumpstateDevice/default is not registered, trying to start it as a lazy HAL.
2023-07-18 14:15:55.977 592-592/? I/hwservicemanager: Since android.hardware.dumpstate@1.0::IDumpstateDevice/default is not registered, trying to start it as a lazy HAL.
2023-07-18 14:15:55.977 20134-20134/? I/HidlServiceManagement: getService: Trying again for android.hardware.dumpstate@1.0::IDumpstateDevice/default...
2023-07-18 14:15:55.980 1377-20216/? D/TspStateManager: update cmd=set_grip_data,1,60,10,32,960,32,3200
2023-07-18 14:15:55.985 20215-20215/? I/android.hardware.dumpstate@1.1-service-lazy: Registering HAL: android.hardware.dumpstate@1.1::IDumpstateDevice with name: default
2023-07-18 14:15:55.986 20215-20215/? I/HidlServiceManagement: Registered android.hardware.dumpstate@1.1::IDumpstateDevice/default
2023-07-18 14:15:55.986 20215-20215/? I/HidlServiceManagement: Removing namespace from process name android.hardware.dumpstate@1.1-service-lazy to dumpstate@1.1-service-lazy.
2023-07-18 14:15:55.986 592-592/? I/hw-BpHwBinder: onLastStrongRef automatically unlinking death recipients
2023-07-18 14:15:55.986 20134-20134/? I/dumpstate: Successfully connected to Dumpstate HAL service ver 1.1
2023-07-18 14:15:55.987 20215-20215/? I/android.hardware.dumpstate@1.1-service-lazy: Print kernel node before critical in Dumpstate HAL
2023-07-18 14:15:56.067 636-636/? D/io_stats: !@   8,0 r 7715849 280679848 w 8949654 151508392 d 2481533 247432536 f 0 0 iot 8860660 0 th 0 0 0 pt 0 inp 0 0 407699.463
2023-07-18 14:15:56.094 20218-20218/? E/perfetto: perfetto_cmd.cc:779     No trace with TraceConfig.bugreport_score > 0 eligible for bug reporting was found
2023-07-18 14:15:56.096 20134-20134/? E/dumpstate: *** command 'perfetto --save-for-bugreport' failed: exit code 1
2023-07-18 14:15:56.101 20219-20219/? D/ProcessState: Binder ioctl to enable oneway spam detection failed: Invalid argument
2023-07-18 14:15:56.103 1377-4745/? I/WindowTracing: Error: Tracing is not supported on user builds.
2023-07-18 14:15:56.111 20222-20222/? D/ProcessState: Binder ioctl to enable oneway spam detection failed: Invalid argument
2023-07-18 14:15:56.173 1805-1891/? D/NetworkController: SignalStrength from intent slotId=0
2023-07-18 14:15:56.173 1805-1891/? D/NetworkController.MobileSignalController(0/2147483647): new mSignalStrength=SignalStrength:{mCdma=Invalid,mGsm=Invalid,mWcdma=CellSignalStrengthWcdma: ss=-75 ber=99 rscp=-74 ecno=0 level=4,mTdscdma=Invalid,mLte=Invalid,mNr=Invalid,SignalBarInfo{ wcdmaLevel=4 },rat=3,primary=CellSignalStrengthWcdma}
2023-07-18 14:15:56.174 1805-1891/? D/NetworkController.MobileSignalController(0/2147483647): Display signal bar by emergency only[true][true]
2023-07-18 14:15:56.227 899-20162/? I/HYPER-HAL: [RequestManager.cpp]releaseLocked(): Released ID : 993377
2023-07-18 14:15:56.277 20134-20134/? D/dumpstate: Duration of 'EVENT LOG': 0.13s
2023-07-18 14:15:56.289 20134-20134/? D/dumpstate: Duration of 'STATS LOG': 0.01s
2023-07-18 14:15:56.398 1377-4745/? D/SamsungAlarmManager: Cancel Alarm calling from uid:5010 pid :23163 / OP:PendingIntent{f133d95: PendingIntentRecord{895a6d4 com.samsung.android.rubin.app broadcastIntent}}
2023-07-18 14:15:56.399 1377-4745/? D/SamsungAlarmManager: Cancel Alarm calling from uid:5010 pid :23163 / OP:PendingIntent{e32ceaa: PendingIntentRecord{4b86288 com.samsung.android.rubin.app broadcastIntent}}
2023-07-18 14:15:56.400 1377-4745/? D/SamsungAlarmManager: Cancel Alarm calling from uid:5010 pid :23163 / OP:PendingIntent{815fa9b: PendingIntentRecord{d3dc23d com.samsung.android.rubin.app broadcastIntent}}
2023-07-18 14:15:56.471 1377-8683/? D/SGM:GameManager: identifyGamePackage. com.sec.android.app.launcher, mCurrentUserId: 0, callerUserId: 0, callingMethodInfo: com.android.server.ssrm.SortingMachine.isGame(SortingMachine.java:162)
2023-07-18 14:15:56.471 1377-8683/? D/SGM:PkgDataHelper: getGamePkgData(). com.sec.android.app.launcher
2023-07-18 14:15:56.496 20134-20134/? D/dumpstate: Duration of 'RADIO LOG': 0.21s
2023-07-18 14:15:56.563 20134-20134/? E/dumpstate: *** command 'logcat -L -b all -v threadtime -v printable -v uid -d *:v' failed: exit code 1
2023-07-18 14:15:56.630 20236-20236/? E/dmabuf_dump: Failed to open dmabuf info from debugfs
2023-07-18 14:15:56.936 899-20164/? I/HYPER-HAL: [RequestManager.cpp]releaseLocked(): Released ID : 11637913
2023-07-18 14:15:56.947 1377-2792/? D/FreecessController: com.google.android.gm(state: Freezeable -> Frozen, Reason: uidIdle)
2023-07-18 14:15:56.948 1377-2792/? D/FreecessController: com.zing.zalo(state: Freezeable -> Frozen, Reason: uidIdle)
2023-07-18 14:15:56.948 1377-2792/? D/FreecessController: vieon.phim.tv(state: Freezeable -> Frozen, Reason: uidIdle)
2023-07-18 14:15:56.948 1377-2792/? D/FreecessController: com.samsung.android.spay(state: Freezeable -> Frozen, Reason: uidIdle)
2023-07-18 14:15:56.948 1377-2792/? D/FreecessController: FZ : com.google.android.gm(32584)
2023-07-18 14:15:56.949 1377-2792/? D/FreecessController: FZ : com.google.android.gm(0), reason: Bg
2023-07-18 14:15:56.950 860-16002/? E/TrafficController: FREECESS
2023-07-18 14:15:56.953 1377-2792/? D/FreecessController: add uid 10256 to release restriction list
2023-07-18 14:15:56.953 1377-2792/? D/FreecessController: FZ : com.zing.zalo(17631)
2023-07-18 14:15:56.954 1377-2792/? D/FreecessController: FZ : com.zing.zalo(0), reason: Bg
2023-07-18 14:15:56.954 860-16002/? E/TrafficController: FREECESS
2023-07-18 14:15:56.957 1377-2792/? D/FreecessController: add uid 10316 to release restriction list
2023-07-18 14:15:56.957 1377-2792/? D/FreecessController: FZ : vieon.phim.tv(9002)
2023-07-18 14:15:56.957 1377-2792/? D/FreecessController: FZ : vieon.phim.tv(0), reason: Bg
2023-07-18 14:15:56.958 860-16002/? E/TrafficController: FREECESS
2023-07-18 14:15:56.960 1377-2792/? D/FreecessController: add uid 10352 to release restriction list
2023-07-18 14:15:56.961 1377-2792/? I/PowerManagerService: [PWL] SetWakeLockEnableDisable uid = 10256 , disable= true
2023-07-18 14:15:56.961 1377-2792/? I/PowerManagerService: [PWL] can not change uid =  10256
2023-07-18 14:15:56.961 1377-2792/? W/LocationManagerService: onFreezeStateChanged, uid[10256]=true
2023-07-18 14:15:56.961 1377-2792/? D/FreecessController: add uid 10256 to release restriction list
2023-07-18 14:15:56.961 1377-2792/? I/PowerManagerService: [PWL] SetWakeLockEnableDisable uid = 10316 , disable= true
2023-07-18 14:15:56.961 1377-2792/? I/PowerManagerService: [PWL] can not change uid =  10316
2023-07-18 14:15:56.961 1377-2792/? W/LocationManagerService: onFreezeStateChanged, uid[10316]=true
2023-07-18 14:15:56.961 1377-2792/? D/FreecessController: add uid 10316 to release restriction list
2023-07-18 14:15:56.961 1377-2792/? I/PowerManagerService: [PWL] SetWakeLockEnableDisable uid = 10352 , disable= true
2023-07-18 14:15:56.961 1377-2792/? I/PowerManagerService: [PWL] can not change uid =  10352
2023-07-18 14:15:56.961 1377-2792/? W/LocationManagerService: onFreezeStateChanged, uid[10352]=true
2023-07-18 14:15:56.961 1377-2792/? D/FreecessController: add uid 10352 to release restriction list
2023-07-18 14:15:56.996 20237-20237/? E/dmabuf_dump: Unable to access: /sys/kernel/dmabuf/buffers: No such file or directory
2023-07-18 14:15:56.999 20134-20134/? I/dumpstate: Successfully connected to Dumpstate HAL service ver 1.1
2023-07-18 14:15:57.000 20215-20215/? I/android.hardware.dumpstate@1.1-service-lazy: Print kernel node after critical in Dumpstate HAL
2023-07-18 14:15:57.161 1377-1377/? V/SamsungAlarmManager: setLocked to kernel - W:1969060579 / NW:1969026938, now=1969024100
2023-07-18 14:15:57.214 1805-1805/? I/UiThreadMonitor: setAwake 83999 3001 148
2023-07-18 14:15:57.272 29768-29768/? D/BoundBrokerSvc: onUnbind: Intent { act=com.google.android.gms.feedback.internal.IFeedbackService dat=chimera-action: cmp=com.google.android.gms/.chimera.GmsBoundBrokerService }
2023-07-18 14:15:57.275 592-592/? I/hwservicemanager: Notifying android.hardware.dumpstate@1.1::IDumpstateDevice/default they have clients: 1
2023-07-18 14:15:57.276 20215-20215/? I/android.hardware.dumpstate@1.1-service-lazy: Process has 1 (of 1 available) client(s) in use after notification android.hardware.dumpstate@1.1::IDumpstateDevice has clients: 1
2023-07-18 14:15:57.391 1377-1758/? D/ChimeraPolicyHandler: onHomeLaunched()
2023-07-18 14:15:57.406 20246-20246/? E/SchedPolicy: Failed to find cgroup for tid 1
2023-07-18 14:15:57.407 20246-20246/? E/SchedPolicy: Failed to find cgroup for tid 537
2023-07-18 14:15:57.407 20246-20246/? E/SchedPolicy: Failed to find cgroup for tid 2
2023-07-18 14:15:57.407 20246-20246/? E/SchedPolicy: Failed to find cgroup for tid 3
2023-07-18 14:15:57.408 20246-20246/? E/SchedPolicy: Failed to find cgroup for tid 4
2023-07-18 14:15:57.408 20246-20246/? E/SchedPolicy: Failed to find cgroup for tid 6
2023-07-18 14:15:57.408 20246-20246/? E/SchedPolicy: Failed to find cgroup for tid 8
2023-07-18 14:15:57.409 20246-20246/? E/SchedPolicy: Failed to find cgroup for tid 9
2023-07-18 14:15:57.409 20246-20246/? E/SchedPolicy: Failed to find cgroup for tid 10
2023-07-18 14:15:57.409 20246-20246/? E/SchedPolicy: Failed to find cgroup for tid 11
2023-07-18 14:15:57.409 20246-20246/? E/SchedPolicy: Failed to find cgroup for tid 13
2023-07-18 14:15:57.409 20246-20246/? E/SchedPolicy: Failed to find cgroup for tid 14
2023-07-18 14:15:57.410 20246-20246/? E/SchedPolicy: Failed to find cgroup for tid 15
2023-07-18 14:15:57.410 20246-20246/? E/SchedPolicy: Failed to find cgroup for tid 16
2023-07-18 14:15:57.410 20246-20246/? E/SchedPolicy: Failed to find cgroup for tid 18
2023-07-18 14:15:57.410 20246-20246/? E/SchedPolicy: Failed to find cgroup for tid 19
2023-07-18 14:15:57.411 20246-20246/? E/SchedPolicy: Failed to find cgroup for tid 20
2023-07-18 14:15:57.411 20246-20246/? E/SchedPolicy: Failed to find cgroup for tid 21
2023-07-18 14:15:57.411 20246-20246/? E/SchedPolicy: Failed to find cgroup for tid 23
2023-07-18 14:15:57.411 20246-20246/? E/SchedPolicy: Failed to find cgroup for tid 24
2023-07-18 14:15:57.411 20246-20246/? E/SchedPolicy: Failed to find cgroup for tid 25
2023-07-18 14:15:57.412 20246-20246/? E/SchedPolicy: Failed to find cgroup for tid 26
2023-07-18 14:15:57.412 20246-20246/? E/SchedPolicy: Failed to find cgroup for tid 29
2023-07-18 14:15:57.412 20246-20246/? E/SchedPolicy: Failed to find cgroup for tid 30
2023-07-18 14:15:57.412 20246-20246/? E/SchedPolicy: Failed to find cgroup for tid 31
2023-07-18 14:15:57.412 20246-20246/? E/SchedPolicy: Failed to find cgroup for tid 33
2023-07-18 14:15:57.413 20246-20246/? E/SchedPolicy: Failed to find cgroup for tid 34
2023-07-18 14:15:57.413 20246-20246/? E/SchedPolicy: Failed to find cgroup for tid 35
2023-07-18 14:15:57.413 20246-20246/? E/SchedPolicy: Failed to find cgroup for tid 36
2023-07-18 14:15:57.413 20246-20246/? E/SchedPolicy: Failed to find cgroup for tid 38
2023-07-18 14:15:57.414 20246-20246/? E/SchedPolicy: Failed to find cgroup for tid 39
2023-07-18 14:15:57.414 20246-20246/? E/SchedPolicy: Failed to find cgroup for tid 40
2023-07-18 14:15:57.414 20246-20246/? E/SchedPolicy: Failed to find cgroup for tid 41
2023-07-18 14:15:57.414 20246-20246/? E/SchedPolicy: Failed to find cgroup for tid 43
2023-07-18 14:15:57.414 20246-20246/? E/SchedPolicy: Failed to find cgroup for tid 44
2023-07-18 14:15:57.415 20246-20246/? E/SchedPolicy: Failed to find cgroup for tid 45
2023-07-18 14:15:57.415 20246-20246/? E/SchedPolicy: Failed to find cgroup for tid 46
2023-07-18 14:15:57.415 20246-20246/? E/SchedPolicy: Failed to find cgroup for tid 48
2023-07-18 14:15:57.416 20246-20246/? E/SchedPolicy: Failed to find cgroup for tid 49
2023-07-18 14:15:57.416 20246-20246/? E/SchedPolicy: Failed to find cgroup for tid 50
2023-07-18 14:15:57.416 20246-20246/? E/SchedPolicy: Failed to find cgroup for tid 52
2023-07-18 14:15:57.416 20246-20246/? E/SchedPolicy: Failed to find cgroup for tid 53
2023-07-18 14:15:57.417 20246-20246/? E/SchedPolicy: Failed to find cgroup for tid 54
2023-07-18 14:15:57.417 20246-20246/? E/SchedPolicy: Failed to find cgroup for tid 55
2023-07-18 14:15:57.417 20246-20246/? E/SchedPolicy: Failed to find cgroup for tid 72
2023-07-18 14:15:57.417 20246-20246/? E/SchedPolicy: Failed to find cgroup for tid 105
2023-07-18 14:15:57.417 20246-20246/? E/SchedPolicy: Failed to find cgroup for tid 107
2023-07-18 14:15:57.418 20246-20246/? E/SchedPolicy: Failed to find cgroup for tid 108
2023-07-18 14:15:57.418 20246-20246/? E/SchedPolicy: Failed to find cgroup for tid 109
2023-07-18 14:15:57.418 20246-20246/? E/SchedPolicy: Failed to find cgroup for tid 110
2023-07-18 14:15:57.418 20246-20246/? E/SchedPolicy: Failed to find cgroup for tid 111
2023-07-18 14:15:57.418 20246-20246/? E/SchedPolicy: Failed to find cgroup for tid 113
2023-07-18 14:15:57.419 20246-20246/? E/SchedPolicy: Failed to find cgroup for tid 139
2023-07-18 14:15:57.419 20246-20246/? E/SchedPolicy: Failed to find cgroup for tid 140
2023-07-18 14:15:57.419 20246-20246/? E/SchedPolicy: Failed to find cgroup for tid 141
2023-07-18 14:15:57.419 20246-20246/? E/SchedPolicy: Failed to find cgroup for tid 142
2023-07-18 14:15:57.420 20246-20246/? E/SchedPolicy: Failed to find cgroup for tid 143
2023-07-18 14:15:57.420 20246-20246/? E/SchedPolicy: Failed to find cgroup for tid 146
2023-07-18 14:15:57.420 20246-20246/? E/SchedPolicy: Failed to find cgroup for tid 147
2023-07-18 14:15:57.420 20246-20246/? E/SchedPolicy: Failed to find cgroup for tid 148
2023-07-18 14:15:57.420 20246-20246/? E/SchedPolicy: Failed to find cgroup for tid 149
2023-07-18 14:15:57.421 20246-20246/? E/SchedPolicy: Failed to find cgroup for tid 150
2023-07-18 14:15:57.421 20246-20246/? E/SchedPolicy: Failed to find cgroup for tid 153
2023-07-18 14:15:57.421 20246-20246/? E/SchedPolicy: Failed to find cgroup for tid 154
2023-07-18 14:15:57.421 20246-20246/? E/SchedPolicy: Failed to find cgroup for tid 190
2023-07-18 14:15:57.421 20246-20246/? E/SchedPolicy: Failed to find cgroup for tid 192
2023-07-18 14:15:57.422 20246-20246/? E/SchedPolicy: Failed to find cgroup for tid 198
2023-07-18 14:15:57.422 20246-20246/? E/SchedPolicy: Failed to find cgroup for tid 199
2023-07-18 14:15:57.422 20246-20246/? E/SchedPolicy: Failed to find cgroup for tid 200
2023-07-18 14:15:57.422 20246-20246/? E/SchedPolicy: Failed to find cgroup for tid 201
2023-07-18 14:15:57.423 20246-20246/? E/SchedPolicy: Failed to find cgroup for tid 202
2023-07-18 14:15:57.423 20246-20246/? E/SchedPolicy: Failed to find cgroup for tid 203
2023-07-18 14:15:57.423 20246-20246/? E/SchedPolicy: Failed to find cgroup for tid 204
2023-07-18 14:15:57.423 20246-20246/? E/SchedPolicy: Failed to find cgroup for tid 205
2023-07-18 14:15:57.423 20246-20246/? E/SchedPolicy: Failed to find cgroup for tid 206
2023-07-18 14:15:57.423 20246-20246/? E/SchedPolicy: Failed to find cgroup for tid 207
2023-07-18 14:15:57.424 20246-20246/? E/SchedPolicy: Failed to find cgroup for tid 208
2023-07-18 14:15:57.424 20246-20246/? E/SchedPolicy: Failed to find cgroup for tid 209
2023-07-18 14:15:57.424 20246-20246/? E/SchedPolicy: Failed to find cgroup for tid 210
2023-07-18 14:15:57.424 20246-20246/? E/SchedPolicy: Failed to find cgroup for tid 211
2023-07-18 14:15:57.424 20246-20246/? E/SchedPolicy: Failed to find cgroup for tid 212
2023-07-18 14:15:57.424 20246-20246/? E/SchedPolicy: Failed to find cgroup for tid 213
2023-07-18 14:15:57.425 20246-20246/? E/SchedPolicy: Failed to find cgroup for tid 214
2023-07-18 14:15:57.425 20246-20246/? E/SchedPolicy: Failed to find cgroup for tid 215
2023-07-18 14:15:57.425 20246-20246/? E/SchedPolicy: Failed to find cgroup for tid 216
2023-07-18 14:15:57.425 20246-20246/? E/SchedPolicy: Failed to find cgroup for tid 217
2023-07-18 14:15:57.425 20246-20246/? E/SchedPolicy: Failed to find cgroup for tid 218
2023-07-18 14:15:57.425 20246-20246/? E/SchedPolicy: Failed to find cgroup for tid 219
2023-07-18 14:15:57.426 20246-20246/? E/SchedPolicy: Failed to find cgroup for tid 220
2023-07-18 14:15:57.426 20246-20246/? E/SchedPolicy: Failed to find cgroup for tid 221
2023-07-18 14:15:57.426 20246-20246/? E/SchedPolicy: Failed to find cgroup for tid 222
2023-07-18 14:15:57.426 20246-20246/? E/SchedPolicy: Failed to find cgroup for tid 223
2023-07-18 14:15:57.426 20246-20246/? E/SchedPolicy: Failed to find cgroup for tid 224
2023-07-18 14:15:57.426 20246-20246/? E/SchedPolicy: Failed to find cgroup for tid 225
2023-07-18 14:15:57.427 20246-20246/? E/SchedPolicy: Failed to find cgroup for tid 226
2023-07-18 14:15:57.427 899-20163/? I/HYPER-HAL: [RequestManager.cpp]releaseLocked(): Released ID : 1978066
2023-07-18 14:15:57.427 20246-20246/? E/SchedPolicy: Failed to find cgroup for tid 227
2023-07-18 14:15:57.427 20246-20246/? E/SchedPolicy: Failed to find cgroup for tid 228
2023-07-18 14:15:57.427 20246-20246/? E/SchedPolicy: Failed to find cgroup for tid 229
2023-07-18 14:15:57.427 20246-20246/? E/SchedPolicy: Failed to find cgroup for tid 230
2023-07-18 14:15:57.428 20246-20246/? E/SchedPolicy: Failed to find cgroup for tid 231
2023-07-18 14:15:57.428 20246-20246/? E/SchedPolicy: Failed to find cgroup for tid 232
2023-07-18 14:15:57.428 20246-20246/? E/SchedPolicy: Failed to find cgroup for tid 233
2023-07-18 14:15:57.428 20246-20246/? E/SchedPolicy: Failed to find cgroup for tid 234
2023-07-18 14:15:57.428 20246-20246/? E/SchedPolicy: Failed to find cgroup for tid 235
2023-07-18 14:15:57.428 20246-20246/? E/SchedPolicy: Failed to find cgroup for tid 236
2023-07-18 14:15:57.429 20246-20246/? E/SchedPolicy: Failed to find cgroup for tid 237
2023-07-18 14:15:57.429 20246-20246/? E/SchedPolicy: Failed to find cgroup for tid 238
2023-07-18 14:15:57.429 20246-20246/? E/SchedPolicy: Failed to find cgroup for tid 239
2023-07-18 14:15:57.429 20246-20246/? E/SchedPolicy: Failed to find cgroup for tid 240
2023-07-18 14:15:57.429 20246-20246/? E/SchedPolicy: Failed to find cgroup for tid 241
2023-07-18 14:15:57.429 20246-20246/? E/SchedPolicy: Failed to find cgroup for tid 242
2023-07-18 14:15:57.430 20246-20246/? E/SchedPolicy: Failed to find cgroup for tid 243
2023-07-18 14:15:57.430 20246-20246/? E/SchedPolicy: Failed to find cgroup for tid 244
2023-07-18 14:15:57.430 20246-20246/? E/SchedPolicy: Failed to find cgroup for tid 245
2023-07-18 14:15:57.430 20246-20246/? E/SchedPolicy: Failed to find cgroup for tid 246
2023-07-18 14:15:57.430 20246-20246/? E/SchedPolicy: Failed to find cgroup for tid 247
2023-07-18 14:15:57.430 20246-20246/? E/SchedPolicy: Failed to find cgroup for tid 248
2023-07-18 14:15:57.431 20246-20246/? E/SchedPolicy: Failed to find cgroup for tid 249
2023-07-18 14:15:57.431 20246-20246/? E/SchedPolicy: Failed to find cgroup for tid 250
2023-07-18 14:15:57.431 20246-20246/? E/SchedPolicy: Failed to find cgroup for tid 251
2023-07-18 14:15:57.431 20246-20246/? E/SchedPolicy: Failed to find cgroup for tid 252
2023-07-18 14:15:57.431 20246-20246/? E/SchedPolicy: Failed to find cgroup for tid 253
2023-07-18 14:15:57.431 20246-20246/? E/SchedPolicy: Failed to find cgroup for tid 256
2023-07-18 14:15:57.432 20246-20246/? E/SchedPolicy: Failed to find cgroup for tid 258
2023-07-18 14:15:57.432 20246-20246/? E/SchedPolicy: Failed to find cgroup for tid 261
2023-07-18 14:15:57.432 20246-20246/? E/SchedPolicy: Failed to find cgroup for tid 262
2023-07-18 14:15:57.432 20246-20246/? E/SchedPolicy: Failed to find cgroup for tid 263
2023-07-18 14:15:57.432 20246-20246/? E/SchedPolicy: Failed to find cgroup for tid 264
2023-07-18 14:15:57.432 20246-20246/? E/SchedPolicy: Failed to find cgroup for tid 266
2023-07-18 14:15:57.433 20246-20246/? E/SchedPolicy: Failed to find cgroup for tid 267
2023-07-18 14:15:57.433 20246-20246/? E/SchedPolicy: Failed to find cgroup for tid 268
2023-07-18 14:15:57.433 20246-20246/? E/SchedPolicy: Failed to find cgroup for tid 269
2023-07-18 14:15:57.433 20246-20246/? E/SchedPolicy: Failed to find cgroup for tid 270
2023-07-18 14:15:57.433 20246-20246/? E/SchedPolicy: Failed to find cgroup for tid 271
2023-07-18 14:15:57.433 20246-20246/? E/SchedPolicy: Failed to find cgroup for tid 272
2023-07-18 14:15:57.434 20246-20246/? E/SchedPolicy: Failed to find cgroup for tid 273
2023-07-18 14:15:57.434 20246-20246/? E/SchedPolicy: Failed to find cgroup for tid 274
2023-07-18 14:15:57.434 988-2762/? D/NativeSemDvfsManager: acquire:: timeout = 2000 mIsAcquired = 1  mTagName : SurfaceFlinger 
2023-07-18 14:15:57.434 20246-20246/? E/SchedPolicy: Failed to find cgroup for tid 275
2023-07-18 14:15:57.434 988-988/? I/DisplayDevice: ActiveConfigToHWC, ID : 2, Display : 4633128672291735937
2023-07-18 14:15:57.434 20246-20246/? E/SchedPolicy: Failed to find cgroup for tid 276
2023-07-18 14:15:57.434 20246-20246/? E/SchedPolicy: Failed to find cgroup for tid 277
2023-07-18 14:15:57.434 885-1072/? I/display: Set Affinity config for fps(60) : 2, cpuIDs : 255
2023-07-18 14:15:57.434 885-1072/? I/display: Set Affinity CPU ID : 0
2023-07-18 14:15:57.434 20246-20246/? E/SchedPolicy: Failed to find cgroup for tid 278
2023-07-18 14:15:57.434 885-1072/? I/display: Set Affinity CPU ID : 1
2023-07-18 14:15:57.435 885-1072/? I/display: Set Affinity CPU ID : 2
2023-07-18 14:15:57.435 885-1072/? I/display: Set Affinity CPU ID : 3
2023-07-18 14:15:57.435 20246-20246/? E/SchedPolicy: Failed to find cgroup for tid 279
2023-07-18 14:15:57.435 885-1072/? I/display: Set Affinity CPU ID : 4
2023-07-18 14:15:57.435 885-1072/? I/display: Set Affinity CPU ID : 5
2023-07-18 14:15:57.435 885-1072/? I/display: Set Affinity CPU ID : 6
2023-07-18 14:15:57.435 20246-20246/? E/SchedPolicy: Failed to find cgroup for tid 280
2023-07-18 14:15:57.435 885-1072/? I/display: Set Affinity CPU ID : 7
2023-07-18 14:15:57.435 885-1072/? I/display: Set affinity HWC : 885
2023-07-18 14:15:57.435 20246-20246/? E/SchedPolicy: Failed to find cgroup for tid 281
2023-07-18 14:15:57.435 899-978/? I/HYPER-HAL: [RequestManager.cpp]acquire(): Acquired ID : 1978066  [988 / 1000]    HINT : SF_GPU_MINLOCK    list : [TIMEOUT / 2000] 
2023-07-18 14:15:57.435 20246-20246/? E/SchedPolicy: Failed to find cgroup for tid 283
2023-07-18 14:15:57.435 988-2762/? E/NativeCustomFrequencyManager: [NativeCFMS] BpCustomFrequencyManager::acquire()
2023-07-18 14:15:57.435 885-1072/? I/display: CPU set : Cluster(0), min_clock(0)
2023-07-18 14:15:57.435 885-1072/? I/display: CPU set : Cluster(1), min_clock(0)
2023-07-18 14:15:57.435 885-1072/? I/display: CPU set : Cluster(2), min_clock(0)
2023-07-18 14:15:57.436 988-988/? I/SurfaceFlinger: getBestRefreshRateLocked Idle - choose [1440_60]
2023-07-18 14:15:57.436 988-988/? D/SurfaceFlinger: GPIS:: requestGPIS
2023-07-18 14:15:57.436 20246-20246/? E/SchedPolicy: Failed to find cgroup for tid 284
2023-07-18 14:15:57.436 20246-20246/? E/SchedPolicy: Failed to find cgroup for tid 285
2023-07-18 14:15:57.436 20246-20246/? E/SchedPolicy: Failed to find cgroup for tid 286
2023-07-18 14:15:57.437 970-1159/? I/EDEN: [Exynos][EDEN][v1.6.20][SERVICE] processAliveMointorMain:190: Try to check pid=(924)...
2023-07-18 14:15:57.437 20246-20246/? E/SchedPolicy: Failed to find cgroup for tid 287
2023-07-18 14:15:57.438 20246-20246/? E/SchedPolicy: Failed to find cgroup for tid 288
2023-07-18 14:15:57.438 20246-20246/? E/SchedPolicy: Failed to find cgroup for tid 289
2023-07-18 14:15:57.438 20246-20246/? E/SchedPolicy: Failed to find cgroup for tid 290
2023-07-18 14:15:57.438 20246-20246/? E/SchedPolicy: Failed to find cgroup for tid 291
2023-07-18 14:15:57.438 20246-20246/? E/SchedPolicy: Failed to find cgroup for tid 292
2023-07-18 14:15:57.439 20246-20246/? E/SchedPolicy: Failed to find cgroup for tid 293
2023-07-18 14:15:57.439 20246-20246/? E/SchedPolicy: Failed to find cgroup for tid 294
2023-07-18 14:15:57.439 20246-20246/? E/SchedPolicy: Failed to find cgroup for tid 295
2023-07-18 14:15:57.439 20246-20246/? E/SchedPolicy: Failed to find cgroup for tid 296
2023-07-18 14:15:57.440 20246-20246/? E/SchedPolicy: Failed to find cgroup for tid 297
2023-07-18 14:15:57.440 20246-20246/? E/SchedPolicy: Failed to find cgroup for tid 298
2023-07-18 14:15:57.440 20246-20246/? E/SchedPolicy: Failed to find cgroup for tid 299
2023-07-18 14:15:57.440 20246-20246/? E/SchedPolicy: Failed to find cgroup for tid 300
2023-07-18 14:15:57.440 885-965/? I/display: doDisplayConfigPostProcess needSetActiveConfig is true - mDesiredConfig: 2
2023-07-18 14:15:57.440 885-965/? I/display: setActiveConfig(config=2)
2023-07-18 14:15:57.440 885-965/? I/display: next config(2): width=1440 height=3200 period=16666666 Xdpi=515154 Ydpi=514430 groupId=1440
2023-07-18 14:15:57.440 885-965/? I/display: Current VRR MODE is 1
2023-07-18 14:15:57.440 20246-20246/? E/SchedPolicy: Failed to find cgroup for tid 301
2023-07-18 14:15:57.441 20246-20246/? E/SchedPolicy: Failed to find cgroup for tid 302
2023-07-18 14:15:57.441 20246-20246/? E/SchedPolicy: Failed to find cgroup for tid 303
2023-07-18 14:15:57.441 20246-20246/? E/SchedPolicy: Failed to find cgroup for tid 304
2023-07-18 14:15:57.441 20246-20246/? E/SchedPolicy: Failed to find cgroup for tid 305
2023-07-18 14:15:57.441 20246-20246/? E/SchedPolicy: Failed to find cgroup for tid 306
2023-07-18 14:15:57.441 20246-20246/? E/SchedPolicy: Failed to find cgroup for tid 307
2023-07-18 14:15:57.442 20246-20246/? E/SchedPolicy: Failed to find cgroup for tid 308
2023-07-18 14:15:57.442 20246-20246/? E/SchedPolicy: Failed to find cgroup for tid 309
2023-07-18 14:15:57.442 20246-20246/? E/SchedPolicy: Failed to find cgroup for tid 310
2023-07-18 14:15:57.442 20246-20246/? E/SchedPolicy: Failed to find cgroup for tid 311
2023-07-18 14:15:57.443 20246-20246/? E/SchedPolicy: Failed to find cgroup for tid 312
2023-07-18 14:15:57.443 20246-20246/? E/SchedPolicy: Failed to find cgroup for tid 313
2023-07-18 14:15:57.443 20246-20246/? E/SchedPolicy: Failed to find cgroup for tid 323
2023-07-18 14:15:57.443 20246-20246/? E/SchedPolicy: Failed to find cgroup for tid 325
2023-07-18 14:15:57.443 20246-20246/? E/SchedPolicy: Failed to find cgroup for tid 326
2023-07-18 14:15:57.443 20246-20246/? E/SchedPolicy: Failed to find cgroup for tid 327
2023-07-18 14:15:57.444 20246-20246/? E/SchedPolicy: Failed to find cgroup for tid 328
2023-07-18 14:15:57.444 20246-20246/? E/SchedPolicy: Failed to find cgroup for tid 329
