2023-07-18 14:15:57.682 20246-20246/? E/SchedPolicy: Failed to find cgroup for tid 2434
2023-07-18 14:15:57.682 20246-20246/? E/SchedPolicy: Failed to find cgroup for tid 2473
2023-07-18 14:15:57.682 20246-20246/? E/SchedPolicy: Failed to find cgroup for tid 2474
2023-07-18 14:15:57.682 20246-20246/? E/SchedPolicy: Failed to find cgroup for tid 2476
2023-07-18 14:15:57.682 988-988/? I/DisplayDevice: ActiveConfigToHWC, ID : 0, Display : 4633128672291735937
2023-07-18 14:15:57.682 20246-20246/? E/SchedPolicy: Failed to find cgroup for tid 2486
2023-07-18 14:15:57.682 20246-20246/? E/SchedPolicy: Failed to find cgroup for tid 2487
2023-07-18 14:15:57.682 885-1072/? I/display: Set Affinity config for fps(120) : 0, cpuIDs : 255
2023-07-18 14:15:57.683 885-1072/? I/display: Set Affinity CPU ID : 0
2023-07-18 14:15:57.683 20246-20246/? E/SchedPolicy: Failed to find cgroup for tid 2488
2023-07-18 14:15:57.683 885-1072/? I/display: Set Affinity CPU ID : 1
2023-07-18 14:15:57.683 885-1072/? I/display: Set Affinity CPU ID : 2
2023-07-18 14:15:57.683 885-1072/? I/display: Set Affinity CPU ID : 3
2023-07-18 14:15:57.683 885-1072/? I/display: Set Affinity CPU ID : 4
2023-07-18 14:15:57.683 885-1072/? I/display: Set Affinity CPU ID : 5
2023-07-18 14:15:57.683 20246-20246/? E/SchedPolicy: Failed to find cgroup for tid 2491
2023-07-18 14:15:57.683 885-1072/? I/display: Set Affinity CPU ID : 6
2023-07-18 14:15:57.683 885-1072/? I/display: Set Affinity CPU ID : 7
2023-07-18 14:15:57.683 885-1072/? I/display: Set affinity HWC : 885
2023-07-18 14:15:57.683 20246-20246/? E/SchedPolicy: Failed to find cgroup for tid 2492
2023-07-18 14:15:57.683 20246-20246/? E/SchedPolicy: Failed to find cgroup for tid 2493
2023-07-18 14:15:57.683 885-1072/? I/display: CPU set : Cluster(0), min_clock(0)
2023-07-18 14:15:57.683 885-1072/? I/display: CPU set : Cluster(1), min_clock(0)
2023-07-18 14:15:57.683 20246-20246/? E/SchedPolicy: Failed to find cgroup for tid 2496
2023-07-18 14:15:57.683 885-1072/? I/display: CPU set : Cluster(2), min_clock(0)
2023-07-18 14:15:57.683 20246-20246/? E/SchedPolicy: Failed to find cgroup for tid 2497
2023-07-18 14:15:57.683 20246-20246/? E/SchedPolicy: Failed to find cgroup for tid 2498
2023-07-18 14:15:57.683 20246-20246/? E/SchedPolicy: Failed to find cgroup for tid 2499
2023-07-18 14:15:57.683 20246-20246/? E/SchedPolicy: Failed to find cgroup for tid 2500
2023-07-18 14:15:57.683 20246-20246/? E/SchedPolicy: Failed to find cgroup for tid 2502
2023-07-18 14:15:57.683 988-988/? I/SurfaceFlinger: getBestRefreshRateLocked TouchBoost - choose [1440_120]
2023-07-18 14:15:57.683 20246-20246/? E/SchedPolicy: Failed to find cgroup for tid 2503
2023-07-18 14:15:57.683 20246-20246/? E/SchedPolicy: Failed to find cgroup for tid 2510
2023-07-18 14:15:57.683 20246-20246/? E/SchedPolicy: Failed to find cgroup for tid 2512
2023-07-18 14:15:57.683 20246-20246/? E/SchedPolicy: Failed to find cgroup for tid 2513
2023-07-18 14:15:57.684 20246-20246/? E/SchedPolicy: Failed to find cgroup for tid 2517
2023-07-18 14:15:57.684 20246-20246/? E/SchedPolicy: Failed to find cgroup for tid 2531
2023-07-18 14:15:57.684 20246-20246/? E/SchedPolicy: Failed to find cgroup for tid 2540
2023-07-18 14:15:57.684 20246-20246/? E/SchedPolicy: Failed to find cgroup for tid 2542
2023-07-18 14:15:57.684 20246-20246/? E/SchedPolicy: Failed to find cgroup for tid 2569
2023-07-18 14:15:57.684 20246-20246/? E/SchedPolicy: Failed to find cgroup for tid 2570
2023-07-18 14:15:57.684 20246-20246/? E/SchedPolicy: Failed to find cgroup for tid 2584
2023-07-18 14:15:57.684 20246-20246/? E/SchedPolicy: Failed to find cgroup for tid 2615
2023-07-18 14:15:57.684 20246-20246/? E/SchedPolicy: Failed to find cgroup for tid 2621
2023-07-18 14:15:57.684 20246-20246/? E/SchedPolicy: Failed to find cgroup for tid 3521
2023-07-18 14:15:57.684 20246-20246/? E/SchedPolicy: Failed to find cgroup for tid 3786
2023-07-18 14:15:57.684 20246-20246/? E/SchedPolicy: Failed to find cgroup for tid 3787
2023-07-18 14:15:57.684 20246-20246/? E/SchedPolicy: Failed to find cgroup for tid 3788
2023-07-18 14:15:57.684 20246-20246/? E/SchedPolicy: Failed to find cgroup for tid 3790
2023-07-18 14:15:57.684 20246-20246/? E/SchedPolicy: Failed to find cgroup for tid 3791
2023-07-18 14:15:57.685 20246-20246/? E/SchedPolicy: Failed to find cgroup for tid 3792
2023-07-18 14:15:57.685 20246-20246/? E/SchedPolicy: Failed to find cgroup for tid 3793
2023-07-18 14:15:57.685 20246-20246/? E/SchedPolicy: Failed to find cgroup for tid 3795
2023-07-18 14:15:57.685 20246-20246/? E/SchedPolicy: Failed to find cgroup for tid 3796
2023-07-18 14:15:57.685 20246-20246/? E/SchedPolicy: Failed to find cgroup for tid 3797
2023-07-18 14:15:57.685 20246-20246/? E/SchedPolicy: Failed to find cgroup for tid 3798
2023-07-18 14:15:57.685 20246-20246/? E/SchedPolicy: Failed to find cgroup for tid 3799
2023-07-18 14:15:57.685 20246-20246/? E/SchedPolicy: Failed to find cgroup for tid 3800
2023-07-18 14:15:57.685 20246-20246/? E/SchedPolicy: Failed to find cgroup for tid 3801
2023-07-18 14:15:57.685 20246-20246/? E/SchedPolicy: Failed to find cgroup for tid 3802
2023-07-18 14:15:57.685 20246-20246/? E/SchedPolicy: Failed to find cgroup for tid 3803
2023-07-18 14:15:57.685 20246-20246/? E/SchedPolicy: Failed to find cgroup for tid 3804
2023-07-18 14:15:57.685 20246-20246/? E/SchedPolicy: Failed to find cgroup for tid 3805
2023-07-18 14:15:57.685 20246-20246/? E/SchedPolicy: Failed to find cgroup for tid 3806
2023-07-18 14:15:57.686 20246-20246/? E/SchedPolicy: Failed to find cgroup for tid 3807
2023-07-18 14:15:57.686 20246-20246/? E/SchedPolicy: Failed to find cgroup for tid 3808
2023-07-18 14:15:57.686 20246-20246/? E/SchedPolicy: Failed to find cgroup for tid 3809
2023-07-18 14:15:57.686 20246-20246/? E/SchedPolicy: Failed to find cgroup for tid 3810
2023-07-18 14:15:57.686 20246-20246/? E/SchedPolicy: Failed to find cgroup for tid 3811
2023-07-18 14:15:57.686 20246-20246/? E/SchedPolicy: Failed to find cgroup for tid 3812
2023-07-18 14:15:57.686 20246-20246/? E/SchedPolicy: Failed to find cgroup for tid 3815
2023-07-18 14:15:57.686 20246-20246/? E/SchedPolicy: Failed to find cgroup for tid 3816
2023-07-18 14:15:57.686 20246-20246/? E/SchedPolicy: Failed to find cgroup for tid 3817
2023-07-18 14:15:57.686 20246-20246/? E/SchedPolicy: Failed to find cgroup for tid 3818
2023-07-18 14:15:57.686 20246-20246/? E/SchedPolicy: Failed to find cgroup for tid 3820
2023-07-18 14:15:57.686 20246-20246/? E/SchedPolicy: Failed to find cgroup for tid 3822
2023-07-18 14:15:57.686 20246-20246/? E/SchedPolicy: Failed to find cgroup for tid 4813
2023-07-18 14:15:57.686 20246-20246/? E/SchedPolicy: Failed to find cgroup for tid 7603
2023-07-18 14:15:57.687 20246-20246/? E/SchedPolicy: Failed to find cgroup for tid 23444
2023-07-18 14:15:57.687 20246-20246/? E/SchedPolicy: Failed to find cgroup for tid 20963
2023-07-18 14:15:57.687 20246-20246/? E/SchedPolicy: Failed to find cgroup for tid 32168
2023-07-18 14:15:57.687 20246-20246/? E/SchedPolicy: Failed to find cgroup for tid 30326
2023-07-18 14:15:57.687 20246-20246/? E/SchedPolicy: Failed to find cgroup for tid 3157
2023-07-18 14:15:57.687 20246-20246/? E/SchedPolicy: Failed to find cgroup for tid 24162
2023-07-18 14:15:57.691 885-965/? I/display: doDisplayConfigPostProcess needSetActiveConfig is true - mDesiredConfig: 0
2023-07-18 14:15:57.691 885-965/? I/display: setActiveConfig(config=0)
2023-07-18 14:15:57.691 885-965/? I/display: next config(0): width=1440 height=3200 period=8333333 Xdpi=515154 Ydpi=514430 groupId=1440
2023-07-18 14:15:57.691 885-965/? I/display: Current VRR MODE is 1
2023-07-18 14:15:57.693 20246-20246/? E/SchedPolicy: Failed to find cgroup for tid 2115
2023-07-18 14:15:57.693 20246-20246/? E/SchedPolicy: Failed to find cgroup for tid 2123
2023-07-18 14:15:57.693 20246-20246/? E/SchedPolicy: Failed to find cgroup for tid 2124
2023-07-18 14:15:57.693 20246-20246/? E/SchedPolicy: Failed to find cgroup for tid 2125
2023-07-18 14:15:57.693 20246-20246/? E/SchedPolicy: Failed to find cgroup for tid 2126
2023-07-18 14:15:57.693 20246-20246/? E/SchedPolicy: Failed to find cgroup for tid 2127
2023-07-18 14:15:57.693 20246-20246/? E/SchedPolicy: Failed to find cgroup for tid 2128
2023-07-18 14:15:57.693 20246-20246/? E/SchedPolicy: Failed to find cgroup for tid 2129
2023-07-18 14:15:57.693 20246-20246/? E/SchedPolicy: Failed to find cgroup for tid 2130
2023-07-18 14:15:57.693 20246-20246/? E/SchedPolicy: Failed to find cgroup for tid 2131
2023-07-18 14:15:57.693 20246-20246/? E/SchedPolicy: Failed to find cgroup for tid 2139
2023-07-18 14:15:57.693 20246-20246/? E/SchedPolicy: Failed to find cgroup for tid 2159
2023-07-18 14:15:57.693 20246-20246/? E/SchedPolicy: Failed to find cgroup for tid 2198
2023-07-18 14:15:57.693 20246-20246/? E/SchedPolicy: Failed to find cgroup for tid 2362
2023-07-18 14:15:57.694 20246-20246/? E/SchedPolicy: Failed to find cgroup for tid 2506
2023-07-18 14:15:57.694 20246-20246/? E/SchedPolicy: Failed to find cgroup for tid 2263
2023-07-18 14:15:57.694 20246-20246/? E/SchedPolicy: Failed to find cgroup for tid 29269
2023-07-18 14:15:57.695 20246-20246/? E/SchedPolicy: Failed to find cgroup for tid 29270
2023-07-18 14:15:57.695 20246-20246/? E/SchedPolicy: Failed to find cgroup for tid 29271
2023-07-18 14:15:57.695 20246-20246/? E/SchedPolicy: Failed to find cgroup for tid 29272
2023-07-18 14:15:57.695 20246-20246/? E/SchedPolicy: Failed to find cgroup for tid 29273
2023-07-18 14:15:57.695 20246-20246/? E/SchedPolicy: Failed to find cgroup for tid 2361
2023-07-18 14:15:57.695 20246-20246/? E/SchedPolicy: Failed to find cgroup for tid 2374
2023-07-18 14:15:57.696 20246-20246/? E/SchedPolicy: Failed to find cgroup for tid 2375
2023-07-18 14:15:57.696 20246-20246/? E/SchedPolicy: Failed to find cgroup for tid 2376
2023-07-18 14:15:57.696 20246-20246/? E/SchedPolicy: Failed to find cgroup for tid 2377
2023-07-18 14:15:57.696 20246-20246/? E/SchedPolicy: Failed to find cgroup for tid 2378
2023-07-18 14:15:57.696 20246-20246/? E/SchedPolicy: Failed to find cgroup for tid 2379
2023-07-18 14:15:57.696 20246-20246/? E/SchedPolicy: Failed to find cgroup for tid 2380
2023-07-18 14:15:57.696 20246-20246/? E/SchedPolicy: Failed to find cgroup for tid 2381
2023-07-18 14:15:57.696 20246-20246/? E/SchedPolicy: Failed to find cgroup for tid 2384
2023-07-18 14:15:57.696 20246-20246/? E/SchedPolicy: Failed to find cgroup for tid 2401
2023-07-18 14:15:57.696 20246-20246/? E/SchedPolicy: Failed to find cgroup for tid 2440
2023-07-18 14:15:57.696 20246-20246/? E/SchedPolicy: Failed to find cgroup for tid 2484
2023-07-18 14:15:57.696 20246-20246/? E/SchedPolicy: Failed to find cgroup for tid 2485
2023-07-18 14:15:57.696 20246-20246/? E/SchedPolicy: Failed to find cgroup for tid 2489
2023-07-18 14:15:57.696 20246-20246/? E/SchedPolicy: Failed to find cgroup for tid 2490
2023-07-18 14:15:57.697 20246-20246/? E/SchedPolicy: Failed to find cgroup for tid 3508
2023-07-18 14:15:57.697 20246-20246/? E/SchedPolicy: Failed to find cgroup for tid 3605
2023-07-18 14:15:57.697 20246-20246/? E/SchedPolicy: Failed to find cgroup for tid 3648
2023-07-18 14:15:57.697 20246-20246/? E/SchedPolicy: Failed to find cgroup for tid 3931
2023-07-18 14:15:57.697 20246-20246/? E/SchedPolicy: Failed to find cgroup for tid 4020
2023-07-18 14:15:57.697 20246-20246/? E/SchedPolicy: Failed to find cgroup for tid 4862
2023-07-18 14:15:57.697 20246-20246/? E/SchedPolicy: Failed to find cgroup for tid 5173
2023-07-18 14:15:57.697 20246-20246/? E/SchedPolicy: Failed to find cgroup for tid 5190
2023-07-18 14:15:57.697 20246-20246/? E/SchedPolicy: Failed to find cgroup for tid 5191
2023-07-18 14:15:57.697 20246-20246/? E/SchedPolicy: Failed to find cgroup for tid 5193
2023-07-18 14:15:57.697 20246-20246/? E/SchedPolicy: Failed to find cgroup for tid 5194
2023-07-18 14:15:57.697 20246-20246/? E/SchedPolicy: Failed to find cgroup for tid 5195
2023-07-18 14:15:57.697 20246-20246/? E/SchedPolicy: Failed to find cgroup for tid 5196
2023-07-18 14:15:57.697 20246-20246/? E/SchedPolicy: Failed to find cgroup for tid 5509
2023-07-18 14:15:57.697 20246-20246/? E/SchedPolicy: Failed to find cgroup for tid 5525
2023-07-18 14:15:57.698 20246-20246/? E/SchedPolicy: Failed to find cgroup for tid 5530
2023-07-18 14:15:57.698 20246-20246/? E/SchedPolicy: Failed to find cgroup for tid 5617
2023-07-18 14:15:57.698 20246-20246/? E/SchedPolicy: Failed to find cgroup for tid 5633
2023-07-18 14:15:57.698 20246-20246/? E/SchedPolicy: Failed to find cgroup for tid 5687
2023-07-18 14:15:57.698 20246-20246/? E/SchedPolicy: Failed to find cgroup for tid 5761
2023-07-18 14:15:57.698 20246-20246/? E/SchedPolicy: Failed to find cgroup for tid 5762
2023-07-18 14:15:57.698 20246-20246/? E/SchedPolicy: Failed to find cgroup for tid 6002
2023-07-18 14:15:57.698 20246-20246/? E/SchedPolicy: Failed to find cgroup for tid 6005
2023-07-18 14:15:57.698 20246-20246/? E/SchedPolicy: Failed to find cgroup for tid 6006
2023-07-18 14:15:57.698 20246-20246/? E/SchedPolicy: Failed to find cgroup for tid 6007
2023-07-18 14:15:57.698 20246-20246/? E/SchedPolicy: Failed to find cgroup for tid 6008
2023-07-18 14:15:57.698 20246-20246/? E/SchedPolicy: Failed to find cgroup for tid 6009
2023-07-18 14:15:57.698 20246-20246/? E/SchedPolicy: Failed to find cgroup for tid 6010
2023-07-18 14:15:57.698 20246-20246/? E/SchedPolicy: Failed to find cgroup for tid 6011
2023-07-18 14:15:57.699 20246-20246/? E/SchedPolicy: Failed to find cgroup for tid 6012
2023-07-18 14:15:57.699 20246-20246/? E/SchedPolicy: Failed to find cgroup for tid 6013
2023-07-18 14:15:57.699 20246-20246/? E/SchedPolicy: Failed to find cgroup for tid 6014
2023-07-18 14:15:57.699 988-988/? I/Scheduler: DisplayModeChanged : 0
2023-07-18 14:15:57.699 20246-20246/? E/SchedPolicy: Failed to find cgroup for tid 6773
2023-07-18 14:15:57.699 20246-20246/? E/SchedPolicy: Failed to find cgroup for tid 6780
2023-07-18 14:15:57.699 20246-20246/? E/SchedPolicy: Failed to find cgroup for tid 6800
2023-07-18 14:15:57.699 20246-20246/? E/SchedPolicy: Failed to find cgroup for tid 6812
2023-07-18 14:15:57.699 20246-20246/? E/SchedPolicy: Failed to find cgroup for tid 6864
2023-07-18 14:15:57.699 20246-20246/? E/SchedPolicy: Failed to find cgroup for tid 7104
2023-07-18 14:15:57.699 20246-20246/? E/SchedPolicy: Failed to find cgroup for tid 8923
2023-07-18 14:15:57.699 20246-20246/? E/SchedPolicy: Failed to find cgroup for tid 17798
2023-07-18 14:15:57.699 20246-20246/? E/SchedPolicy: Failed to find cgroup for tid 17810
2023-07-18 14:15:57.699 20246-20246/? E/SchedPolicy: Failed to find cgroup for tid 17818
2023-07-18 14:15:57.699 20246-20246/? E/SchedPolicy: Failed to find cgroup for tid 9932
2023-07-18 14:15:57.700 20246-20246/? E/SchedPolicy: Failed to find cgroup for tid 10230
2023-07-18 14:15:57.700 20246-20246/? E/SchedPolicy: Failed to find cgroup for tid 16845
2023-07-18 14:15:57.700 20246-20246/? E/SchedPolicy: Failed to find cgroup for tid 16846
2023-07-18 14:15:57.700 20246-20246/? E/SchedPolicy: Failed to find cgroup for tid 16847
2023-07-18 14:15:57.700 20246-20246/? E/SchedPolicy: Failed to find cgroup for tid 16848
2023-07-18 14:15:57.700 20246-20246/? E/SchedPolicy: Failed to find cgroup for tid 21665
2023-07-18 14:15:57.700 20246-20246/? E/SchedPolicy: Failed to find cgroup for tid 29244
2023-07-18 14:15:57.700 20246-20246/? E/SchedPolicy: Failed to find cgroup for tid 17026
2023-07-18 14:15:57.700 20246-20246/? E/SchedPolicy: Failed to find cgroup for tid 17321
2023-07-18 14:15:57.700 20246-20246/? E/SchedPolicy: Failed to find cgroup for tid 32486
2023-07-18 14:15:57.700 20246-20246/? E/SchedPolicy: Failed to find cgroup for tid 14414
2023-07-18 14:15:57.700 20246-20246/? E/SchedPolicy: Failed to find cgroup for tid 12215
2023-07-18 14:15:57.700 20246-20246/? E/SchedPolicy: Failed to find cgroup for tid 16984
2023-07-18 14:15:57.704 20246-20246/? E/SchedPolicy: Failed to find cgroup for tid 2366
2023-07-18 14:15:57.704 20246-20246/? E/SchedPolicy: Failed to find cgroup for tid 2390
2023-07-18 14:15:57.704 20246-20246/? E/SchedPolicy: Failed to find cgroup for tid 2391
2023-07-18 14:15:57.704 20246-20246/? E/SchedPolicy: Failed to find cgroup for tid 2393
2023-07-18 14:15:57.704 20246-20246/? E/SchedPolicy: Failed to find cgroup for tid 2394
2023-07-18 14:15:57.704 20246-20246/? E/SchedPolicy: Failed to find cgroup for tid 2395
2023-07-18 14:15:57.704 20246-20246/? E/SchedPolicy: Failed to find cgroup for tid 2396
2023-07-18 14:15:57.705 20246-20246/? E/SchedPolicy: Failed to find cgroup for tid 2397
2023-07-18 14:15:57.705 20246-20246/? E/SchedPolicy: Failed to find cgroup for tid 2398
2023-07-18 14:15:57.705 20246-20246/? E/SchedPolicy: Failed to find cgroup for tid 2399
2023-07-18 14:15:57.705 20246-20246/? E/SchedPolicy: Failed to find cgroup for tid 2442
2023-07-18 14:15:57.705 20246-20246/? E/SchedPolicy: Failed to find cgroup for tid 2449
2023-07-18 14:15:57.705 20246-20246/? E/SchedPolicy: Failed to find cgroup for tid 2945
2023-07-18 14:15:57.705 20246-20246/? E/SchedPolicy: Failed to find cgroup for tid 8918
2023-07-18 14:15:57.705 20246-20246/? E/SchedPolicy: Failed to find cgroup for tid 12276
2023-07-18 14:15:57.705 20246-20246/? E/SchedPolicy: Failed to find cgroup for tid 12766
2023-07-18 14:15:57.705 20246-20246/? E/SchedPolicy: Failed to find cgroup for tid 9580
2023-07-18 14:15:57.705 20246-20246/? E/SchedPolicy: Failed to find cgroup for tid 24396
2023-07-18 14:15:57.705 20246-20246/? E/SchedPolicy: Failed to find cgroup for tid 24401
2023-07-18 14:15:57.705 20246-20246/? E/SchedPolicy: Failed to find cgroup for tid 24402
2023-07-18 14:15:57.706 20246-20246/? E/SchedPolicy: Failed to find cgroup for tid 24403
2023-07-18 14:15:57.706 20246-20246/? E/SchedPolicy: Failed to find cgroup for tid 24404
2023-07-18 14:15:57.706 20246-20246/? E/SchedPolicy: Failed to find cgroup for tid 24405
2023-07-18 14:15:57.706 20246-20246/? E/SchedPolicy: Failed to find cgroup for tid 24406
2023-07-18 14:15:57.706 20246-20246/? E/SchedPolicy: Failed to find cgroup for tid 24408
2023-07-18 14:15:57.706 20246-20246/? E/SchedPolicy: Failed to find cgroup for tid 24409
2023-07-18 14:15:57.706 20246-20246/? E/SchedPolicy: Failed to find cgroup for tid 24642
2023-07-18 14:15:57.706 20246-20246/? E/SchedPolicy: Failed to find cgroup for tid 32579
2023-07-18 14:15:57.706 20246-20246/? E/SchedPolicy: Failed to find cgroup for tid 11690
2023-07-18 14:15:57.706 20246-20246/? E/SchedPolicy: Failed to find cgroup for tid 30734
2023-07-18 14:15:57.706 20246-20246/? E/SchedPolicy: Failed to find cgroup for tid 26595
2023-07-18 14:15:57.706 20246-20246/? E/SchedPolicy: Failed to find cgroup for tid 13453
2023-07-18 14:15:57.706 20246-20246/? E/SchedPolicy: Failed to find cgroup for tid 13455
2023-07-18 14:15:57.706 20246-20246/? E/SchedPolicy: Failed to find cgroup for tid 13457
2023-07-18 14:15:57.706 20246-20246/? E/SchedPolicy: Failed to find cgroup for tid 13458
2023-07-18 14:15:57.707 20246-20246/? E/SchedPolicy: Failed to find cgroup for tid 13460
2023-07-18 14:15:57.707 20246-20246/? E/SchedPolicy: Failed to find cgroup for tid 13461
2023-07-18 14:15:57.707 20246-20246/? E/SchedPolicy: Failed to find cgroup for tid 13462
2023-07-18 14:15:57.707 20246-20246/? E/SchedPolicy: Failed to find cgroup for tid 13477
2023-07-18 14:15:57.707 20246-20246/? E/SchedPolicy: Failed to find cgroup for tid 30378
2023-07-18 14:15:57.707 20246-20246/? E/SchedPolicy: Failed to find cgroup for tid 21491
2023-07-18 14:15:57.707 20246-20246/? E/SchedPolicy: Failed to find cgroup for tid 5368
2023-07-18 14:15:57.707 20246-20246/? E/SchedPolicy: Failed to find cgroup for tid 5371
2023-07-18 14:15:57.707 20246-20246/? E/SchedPolicy: Failed to find cgroup for tid 12304
2023-07-18 14:15:57.707 20246-20246/? E/SchedPolicy: Failed to find cgroup for tid 12379
2023-07-18 14:15:57.708 20246-20246/? E/SchedPolicy: Failed to find cgroup for tid 18263
2023-07-18 14:15:57.708 20246-20246/? E/SchedPolicy: Failed to find cgroup for tid 18763
2023-07-18 14:15:57.710 20246-20246/? E/SchedPolicy: Failed to find cgroup for tid 2573
2023-07-18 14:15:57.710 20246-20246/? E/SchedPolicy: Failed to find cgroup for tid 2648
2023-07-18 14:15:57.711 20246-20246/? E/SchedPolicy: Failed to find cgroup for tid 2654
2023-07-18 14:15:57.711 20246-20246/? E/SchedPolicy: Failed to find cgroup for tid 2655
2023-07-18 14:15:57.711 20246-20246/? E/SchedPolicy: Failed to find cgroup for tid 2656
2023-07-18 14:15:57.711 20246-20246/? E/SchedPolicy: Failed to find cgroup for tid 2657
2023-07-18 14:15:57.711 20246-20246/? E/SchedPolicy: Failed to find cgroup for tid 2658
2023-07-18 14:15:57.711 20246-20246/? E/SchedPolicy: Failed to find cgroup for tid 2659
2023-07-18 14:15:57.711 20246-20246/? E/SchedPolicy: Failed to find cgroup for tid 2660
2023-07-18 14:15:57.711 20246-20246/? E/SchedPolicy: Failed to find cgroup for tid 2662
2023-07-18 14:15:57.711 20246-20246/? E/SchedPolicy: Failed to find cgroup for tid 2663
2023-07-18 14:15:57.711 20246-20246/? E/SchedPolicy: Failed to find cgroup for tid 2665
2023-07-18 14:15:57.711 20246-20246/? E/SchedPolicy: Failed to find cgroup for tid 2666
2023-07-18 14:15:57.711 20246-20246/? E/SchedPolicy: Failed to find cgroup for tid 2670
2023-07-18 14:15:57.711 20246-20246/? E/SchedPolicy: Failed to find cgroup for tid 2673
2023-07-18 14:15:57.711 20246-20246/? E/SchedPolicy: Failed to find cgroup for tid 3149
2023-07-18 14:15:57.712 20246-20246/? E/SchedPolicy: Failed to find cgroup for tid 3150
2023-07-18 14:15:57.712 20246-20246/? E/SchedPolicy: Failed to find cgroup for tid 3151
2023-07-18 14:15:57.712 20246-20246/? E/SchedPolicy: Failed to find cgroup for tid 3156
2023-07-18 14:15:57.712 20246-20246/? E/SchedPolicy: Failed to find cgroup for tid 3159
2023-07-18 14:15:57.712 20246-20246/? E/SchedPolicy: Failed to find cgroup for tid 3160
2023-07-18 14:15:57.712 20246-20246/? E/SchedPolicy: Failed to find cgroup for tid 3161
2023-07-18 14:15:57.712 20246-20246/? E/SchedPolicy: Failed to find cgroup for tid 3162
2023-07-18 14:15:57.712 20246-20246/? E/SchedPolicy: Failed to find cgroup for tid 3163
2023-07-18 14:15:57.712 20246-20246/? E/SchedPolicy: Failed to find cgroup for tid 3236
2023-07-18 14:15:57.712 20246-20246/? E/SchedPolicy: Failed to find cgroup for tid 3239
2023-07-18 14:15:57.712 20246-20246/? E/SchedPolicy: Failed to find cgroup for tid 3240
2023-07-18 14:15:57.712 20246-20246/? E/SchedPolicy: Failed to find cgroup for tid 3250
2023-07-18 14:15:57.712 20246-20246/? E/SchedPolicy: Failed to find cgroup for tid 4867
2023-07-18 14:15:57.712 20246-20246/? E/SchedPolicy: Failed to find cgroup for tid 29633
2023-07-18 14:15:57.712 20246-20246/? E/SchedPolicy: Failed to find cgroup for tid 8965
2023-07-18 14:15:57.713 20246-20246/? E/SchedPolicy: Failed to find cgroup for tid 8966
2023-07-18 14:15:57.713 20246-20246/? E/SchedPolicy: Failed to find cgroup for tid 8989
2023-07-18 14:15:57.713 20246-20246/? E/SchedPolicy: Failed to find cgroup for tid 8995
2023-07-18 14:15:57.713 20246-20246/? E/SchedPolicy: Failed to find cgroup for tid 8996
2023-07-18 14:15:57.713 20246-20246/? E/SchedPolicy: Failed to find cgroup for tid 8999
2023-07-18 14:15:57.713 20246-20246/? E/SchedPolicy: Failed to find cgroup for tid 9000
2023-07-18 14:15:57.713 20246-20246/? E/SchedPolicy: Failed to find cgroup for tid 9014
2023-07-18 14:15:57.713 20246-20246/? E/SchedPolicy: Failed to find cgroup for tid 10239
2023-07-18 14:15:57.713 20246-20246/? E/SchedPolicy: Failed to find cgroup for tid 10240
2023-07-18 14:15:57.713 20246-20246/? E/SchedPolicy: Failed to find cgroup for tid 10248
2023-07-18 14:15:57.713 20246-20246/? E/SchedPolicy: Failed to find cgroup for tid 10279
2023-07-18 14:15:57.713 20246-20246/? E/SchedPolicy: Failed to find cgroup for tid 10280
2023-07-18 14:15:57.713 20246-20246/? E/SchedPolicy: Failed to find cgroup for tid 10322
2023-07-18 14:15:57.713 20246-20246/? E/SchedPolicy: Failed to find cgroup for tid 19146
2023-07-18 14:15:57.713 20246-20246/? E/SchedPolicy: Failed to find cgroup for tid 19147
2023-07-18 14:15:57.714 20246-20246/? E/SchedPolicy: Failed to find cgroup for tid 19160
2023-07-18 14:15:57.714 20246-20246/? E/SchedPolicy: Failed to find cgroup for tid 21817
2023-07-18 14:15:57.714 20246-20246/? E/SchedPolicy: Failed to find cgroup for tid 9493
2023-07-18 14:15:57.714 20246-20246/? E/SchedPolicy: Failed to find cgroup for tid 9507
2023-07-18 14:15:57.714 20246-20246/? E/SchedPolicy: Failed to find cgroup for tid 9547
2023-07-18 14:15:57.714 20246-20246/? E/SchedPolicy: Failed to find cgroup for tid 14933
2023-07-18 14:15:57.714 20246-20246/? E/SchedPolicy: Failed to find cgroup for tid 14934
2023-07-18 14:15:57.714 20246-20246/? E/SchedPolicy: Failed to find cgroup for tid 25401
2023-07-18 14:15:57.714 20246-20246/? E/SchedPolicy: Failed to find cgroup for tid 25402
2023-07-18 14:15:57.714 20246-20246/? E/SchedPolicy: Failed to find cgroup for tid 25512
2023-07-18 14:15:57.714 20246-20246/? E/SchedPolicy: Failed to find cgroup for tid 25513
2023-07-18 14:15:57.714 20246-20246/? E/SchedPolicy: Failed to find cgroup for tid 11537
2023-07-18 14:15:57.714 20246-20246/? E/SchedPolicy: Failed to find cgroup for tid 13157
2023-07-18 14:15:57.714 20246-20246/? E/SchedPolicy: Failed to find cgroup for tid 13158
2023-07-18 14:15:57.714 20246-20246/? E/SchedPolicy: Failed to find cgroup for tid 15371
2023-07-18 14:15:57.715 20246-20246/? E/SchedPolicy: Failed to find cgroup for tid 17361
2023-07-18 14:15:57.715 20246-20246/? E/SchedPolicy: Failed to find cgroup for tid 25181
2023-07-18 14:15:57.715 20246-20246/? E/SchedPolicy: Failed to find cgroup for tid 26828
2023-07-18 14:15:57.715 20246-20246/? E/SchedPolicy: Failed to find cgroup for tid 27300
2023-07-18 14:15:57.715 20246-20246/? E/SchedPolicy: Failed to find cgroup for tid 28173
2023-07-18 14:15:57.715 20246-20246/? E/SchedPolicy: Failed to find cgroup for tid 30808
2023-07-18 14:15:57.715 20246-20246/? E/SchedPolicy: Failed to find cgroup for tid 8931
2023-07-18 14:15:57.715 20246-20246/? E/SchedPolicy: Failed to find cgroup for tid 15895
2023-07-18 14:15:57.715 20246-20246/? E/SchedPolicy: Failed to find cgroup for tid 16735
2023-07-18 14:15:57.715 20246-20246/? E/SchedPolicy: Failed to find cgroup for tid 16777
2023-07-18 14:15:57.715 20246-20246/? E/SchedPolicy: Failed to find cgroup for tid 17198
2023-07-18 14:15:57.715 20246-20246/? E/SchedPolicy: Failed to find cgroup for tid 19341
2023-07-18 14:15:57.715 20246-20246/? E/SchedPolicy: Failed to find cgroup for tid 19370
2023-07-18 14:15:57.716 20246-20246/? E/SchedPolicy: Failed to find cgroup for tid 28343
2023-07-18 14:15:57.716 20246-20246/? E/SchedPolicy: Failed to find cgroup for tid 29090
2023-07-18 14:15:57.716 20246-20246/? E/SchedPolicy: Failed to find cgroup for tid 6314
2023-07-18 14:15:57.716 20246-20246/? E/SchedPolicy: Failed to find cgroup for tid 7955
2023-07-18 14:15:57.716 20246-20246/? E/SchedPolicy: Failed to find cgroup for tid 11481
2023-07-18 14:15:57.716 20246-20246/? E/SchedPolicy: Failed to find cgroup for tid 11864
2023-07-18 14:15:57.716 20246-20246/? E/SchedPolicy: Failed to find cgroup for tid 24608
2023-07-18 14:15:57.716 20246-20246/? E/SchedPolicy: Failed to find cgroup for tid 24796
2023-07-18 14:15:57.716 20246-20246/? E/SchedPolicy: Failed to find cgroup for tid 15024
2023-07-18 14:15:57.716 20246-20246/? E/SchedPolicy: Failed to find cgroup for tid 15112
2023-07-18 14:15:57.716 20246-20246/? E/SchedPolicy: Failed to find cgroup for tid 18772
2023-07-18 14:15:57.716 20246-20246/? E/SchedPolicy: Failed to find cgroup for tid 22204
2023-07-18 14:15:57.716 20246-20246/? E/SchedPolicy: Failed to find cgroup for tid 22578
2023-07-18 14:15:57.716 20246-20246/? E/SchedPolicy: Failed to find cgroup for tid 6822
2023-07-18 14:15:57.716 20246-20246/? E/SchedPolicy: Failed to find cgroup for tid 7081
2023-07-18 14:15:57.717 20246-20246/? E/SchedPolicy: Failed to find cgroup for tid 20650
2023-07-18 14:15:57.717 20246-20246/? E/SchedPolicy: Failed to find cgroup for tid 23098
2023-07-18 14:15:57.717 20246-20246/? E/SchedPolicy: Failed to find cgroup for tid 28643
2023-07-18 14:15:57.717 20246-20246/? E/SchedPolicy: Failed to find cgroup for tid 8962
2023-07-18 14:15:57.717 20246-20246/? E/SchedPolicy: Failed to find cgroup for tid 11215
2023-07-18 14:15:57.717 20246-20246/? E/SchedPolicy: Failed to find cgroup for tid 28525
2023-07-18 14:15:57.717 20246-20246/? E/SchedPolicy: Failed to find cgroup for tid 29008
2023-07-18 14:15:57.717 20246-20246/? E/SchedPolicy: Failed to find cgroup for tid 5220
2023-07-18 14:15:57.717 20246-20246/? E/SchedPolicy: Failed to find cgroup for tid 8180
2023-07-18 14:15:57.717 20246-20246/? E/SchedPolicy: Failed to find cgroup for tid 12683
2023-07-18 14:15:57.717 20246-20246/? E/SchedPolicy: Failed to find cgroup for tid 13831
2023-07-18 14:15:57.717 20246-20246/? E/SchedPolicy: Failed to find cgroup for tid 14681
2023-07-18 14:15:57.717 20246-20246/? E/SchedPolicy: Failed to find cgroup for tid 18394
2023-07-18 14:15:57.717 20246-20246/? E/SchedPolicy: Failed to find cgroup for tid 18406
2023-07-18 14:15:57.717 20246-20246/? E/SchedPolicy: Failed to find cgroup for tid 22867
2023-07-18 14:15:57.718 20246-20246/? E/SchedPolicy: Failed to find cgroup for tid 26426
2023-07-18 14:15:57.718 20246-20246/? E/SchedPolicy: Failed to find cgroup for tid 12157
2023-07-18 14:15:57.718 20246-20246/? E/SchedPolicy: Failed to find cgroup for tid 13824
2023-07-18 14:15:57.718 20246-20246/? E/SchedPolicy: Failed to find cgroup for tid 23601
2023-07-18 14:15:57.718 20246-20246/? E/SchedPolicy: Failed to find cgroup for tid 28003
2023-07-18 14:15:57.718 20246-20246/? E/SchedPolicy: Failed to find cgroup for tid 7223
2023-07-18 14:15:57.718 20246-20246/? E/SchedPolicy: Failed to find cgroup for tid 9079
2023-07-18 14:15:57.718 20246-20246/? E/SchedPolicy: Failed to find cgroup for tid 10321
2023-07-18 14:15:57.718 20246-20246/? E/SchedPolicy: Failed to find cgroup for tid 12253
2023-07-18 14:15:57.718 20246-20246/? E/SchedPolicy: Failed to find cgroup for tid 13192
2023-07-18 14:15:57.718 20246-20246/? E/SchedPolicy: Failed to find cgroup for tid 13955
2023-07-18 14:15:57.718 20246-20246/? E/SchedPolicy: Failed to find cgroup for tid 16272
2023-07-18 14:15:57.718 20246-20246/? E/SchedPolicy: Failed to find cgroup for tid 17465
2023-07-18 14:15:57.718 20246-20246/? E/SchedPolicy: Failed to find cgroup for tid 19311
2023-07-18 14:15:57.719 20246-20246/? E/SchedPolicy: Failed to find cgroup for tid 20389
2023-07-18 14:15:57.719 20246-20246/? E/SchedPolicy: Failed to find cgroup for tid 26346
2023-07-18 14:15:57.719 20246-20246/? E/SchedPolicy: Failed to find cgroup for tid 26392
2023-07-18 14:15:57.719 20246-20246/? E/SchedPolicy: Failed to find cgroup for tid 27399
2023-07-18 14:15:57.719 20246-20246/? E/SchedPolicy: Failed to find cgroup for tid 27618
2023-07-18 14:15:57.719 20246-20246/? E/SchedPolicy: Failed to find cgroup for tid 29624
2023-07-18 14:15:57.719 20246-20246/? E/SchedPolicy: Failed to find cgroup for tid 29660
2023-07-18 14:15:57.719 20246-20246/? E/SchedPolicy: Failed to find cgroup for tid 30229
2023-07-18 14:15:57.719 20246-20246/? E/SchedPolicy: Failed to find cgroup for tid 24674
2023-07-18 14:15:57.719 20246-20246/? E/SchedPolicy: Failed to find cgroup for tid 25779
2023-07-18 14:15:57.719 20246-20246/? E/SchedPolicy: Failed to find cgroup for tid 21441
2023-07-18 14:15:57.719 20246-20246/? E/SchedPolicy: Failed to find cgroup for tid 21472
2023-07-18 14:15:57.719 20246-20246/? E/SchedPolicy: Failed to find cgroup for tid 2068
2023-07-18 14:15:57.719 20246-20246/? E/SchedPolicy: Failed to find cgroup for tid 10415
2023-07-18 14:15:57.720 20246-20246/? E/SchedPolicy: Failed to find cgroup for tid 23564
2023-07-18 14:15:57.720 20246-20246/? E/SchedPolicy: Failed to find cgroup for tid 26491
2023-07-18 14:15:57.720 20246-20246/? E/SchedPolicy: Failed to find cgroup for tid 28185
2023-07-18 14:15:57.720 20246-20246/? E/SchedPolicy: Failed to find cgroup for tid 29438
2023-07-18 14:15:57.720 20246-20246/? E/SchedPolicy: Failed to find cgroup for tid 8095
2023-07-18 14:15:57.720 20246-20246/? E/SchedPolicy: Failed to find cgroup for tid 10599
2023-07-18 14:15:57.720 20246-20246/? E/SchedPolicy: Failed to find cgroup for tid 12721
2023-07-18 14:15:57.720 20246-20246/? E/SchedPolicy: Failed to find cgroup for tid 15401
2023-07-18 14:15:57.720 20246-20246/? E/SchedPolicy: Failed to find cgroup for tid 6075
2023-07-18 14:15:57.720 20246-20246/? E/SchedPolicy: Failed to find cgroup for tid 12077
2023-07-18 14:15:57.720 20246-20246/? E/SchedPolicy: Failed to find cgroup for tid 19431
2023-07-18 14:15:57.720 20246-20246/? E/SchedPolicy: Failed to find cgroup for tid 2562
2023-07-18 14:15:57.721 20246-20246/? E/SchedPolicy: Failed to find cgroup for tid 7835
2023-07-18 14:15:57.721 20246-20246/? E/SchedPolicy: Failed to find cgroup for tid 9661
2023-07-18 14:15:57.721 20246-20246/? E/SchedPolicy: Failed to find cgroup for tid 15597
2023-07-18 14:15:57.721 20246-20246/? E/SchedPolicy: Failed to find cgroup for tid 16092
2023-07-18 14:15:57.721 20246-20246/? E/SchedPolicy: Failed to find cgroup for tid 7861
2023-07-18 14:15:57.721 20246-20246/? E/SchedPolicy: Failed to find cgroup for tid 14971
2023-07-18 14:15:57.721 20246-20246/? E/SchedPolicy: Failed to find cgroup for tid 26271
2023-07-18 14:15:57.721 20246-20246/? E/SchedPolicy: Failed to find cgroup for tid 32585
2023-07-18 14:15:57.721 20246-20246/? E/SchedPolicy: Failed to find cgroup for tid 32759
2023-07-18 14:15:57.721 20246-20246/? E/SchedPolicy: Failed to find cgroup for tid 8760
2023-07-18 14:15:57.721 20246-20246/? E/SchedPolicy: Failed to find cgroup for tid 829
2023-07-18 14:15:57.721 20246-20246/? E/SchedPolicy: Failed to find cgroup for tid 24465
2023-07-18 14:15:57.721 20246-20246/? E/SchedPolicy: Failed to find cgroup for tid 25261
2023-07-18 14:15:57.721 20246-20246/? E/SchedPolicy: Failed to find cgroup for tid 27451
2023-07-18 14:15:57.722 20246-20246/? E/SchedPolicy: Failed to find cgroup for tid 27582
2023-07-18 14:15:57.722 20246-20246/? E/SchedPolicy: Failed to find cgroup for tid 28308
2023-07-18 14:15:57.722 20246-20246/? E/SchedPolicy: Failed to find cgroup for tid 29287
2023-07-18 14:15:57.722 20246-20246/? E/SchedPolicy: Failed to find cgroup for tid 29515
2023-07-18 14:15:57.722 20246-20246/? E/SchedPolicy: Failed to find cgroup for tid 31775
2023-07-18 14:15:57.722 20246-20246/? E/SchedPolicy: Failed to find cgroup for tid 32758
2023-07-18 14:15:57.722 20246-20246/? E/SchedPolicy: Failed to find cgroup for tid 14186
2023-07-18 14:15:57.722 20246-20246/? E/SchedPolicy: Failed to find cgroup for tid 14643
2023-07-18 14:15:57.722 20246-20246/? E/SchedPolicy: Failed to find cgroup for tid 19910
2023-07-18 14:15:57.722 20246-20246/? E/SchedPolicy: Failed to find cgroup for tid 20935
2023-07-18 14:15:57.722 20246-20246/? E/SchedPolicy: Failed to find cgroup for tid 24159
2023-07-18 14:15:57.722 20246-20246/? E/SchedPolicy: Failed to find cgroup for tid 24248
2023-07-18 14:15:57.722 20246-20246/? E/SchedPolicy: Failed to find cgroup for tid 7362
2023-07-18 14:15:57.722 20246-20246/? E/SchedPolicy: Failed to find cgroup for tid 30766
2023-07-18 14:15:57.722 20246-20246/? E/SchedPolicy: Failed to find cgroup for tid 30940
2023-07-18 14:15:57.723 20246-20246/? E/SchedPolicy: Failed to find cgroup for tid 5307
2023-07-18 14:15:57.723 20246-20246/? E/SchedPolicy: Failed to find cgroup for tid 7010
2023-07-18 14:15:57.723 20246-20246/? E/SchedPolicy: Failed to find cgroup for tid 25272
2023-07-18 14:15:57.723 20246-20246/? E/SchedPolicy: Failed to find cgroup for tid 18112
2023-07-18 14:15:57.723 20246-20246/? E/SchedPolicy: Failed to find cgroup for tid 21963
2023-07-18 14:15:57.723 20246-20246/? E/SchedPolicy: Failed to find cgroup for tid 30405
2023-07-18 14:15:57.723 20246-20246/? E/SchedPolicy: Failed to find cgroup for tid 6027
2023-07-18 14:15:57.723 20246-20246/? E/SchedPolicy: Failed to find cgroup for tid 5602
2023-07-18 14:15:57.723 20246-20246/? E/SchedPolicy: Failed to find cgroup for tid 9332
2023-07-18 14:15:57.723 20246-20246/? E/SchedPolicy: Failed to find cgroup for tid 15876
2023-07-18 14:15:57.723 20246-20246/? E/SchedPolicy: Failed to find cgroup for tid 16612
2023-07-18 14:15:57.723 20246-20246/? E/SchedPolicy: Failed to find cgroup for tid 27580
2023-07-18 14:15:57.724 20246-20246/? E/SchedPolicy: Failed to find cgroup for tid 28289
2023-07-18 14:15:57.724 20246-20246/? E/SchedPolicy: Failed to find cgroup for tid 8005
2023-07-18 14:15:57.724 20246-20246/? E/SchedPolicy: Failed to find cgroup for tid 13732
2023-07-18 14:15:57.724 20246-20246/? E/SchedPolicy: Failed to find cgroup for tid 17607
2023-07-18 14:15:57.724 20246-20246/? E/SchedPolicy: Failed to find cgroup for tid 17111
2023-07-18 14:15:57.724 20246-20246/? E/SchedPolicy: Failed to find cgroup for tid 17362
2023-07-18 14:15:57.724 20246-20246/? E/SchedPolicy: Failed to find cgroup for tid 10832
2023-07-18 14:15:57.724 20246-20246/? E/SchedPolicy: Failed to find cgroup for tid 12032
2023-07-18 14:15:57.724 20246-20246/? E/SchedPolicy: Failed to find cgroup for tid 28116
2023-07-18 14:15:57.724 20246-20246/? E/SchedPolicy: Failed to find cgroup for tid 28160
2023-07-18 14:15:57.724 20246-20246/? E/SchedPolicy: Failed to find cgroup for tid 28989
2023-07-18 14:15:57.724 20246-20246/? E/SchedPolicy: Failed to find cgroup for tid 30631
2023-07-18 14:15:57.724 20246-20246/? E/SchedPolicy: Failed to find cgroup for tid 4582
2023-07-18 14:15:57.724 20246-20246/? E/SchedPolicy: Failed to find cgroup for tid 8998
2023-07-18 14:15:57.725 20246-20246/? E/SchedPolicy: Failed to find cgroup for tid 10893
2023-07-18 14:15:57.725 20246-20246/? E/SchedPolicy: Failed to find cgroup for tid 12970
2023-07-18 14:15:57.725 20246-20246/? E/SchedPolicy: Failed to find cgroup for tid 15319
2023-07-18 14:15:57.725 20246-20246/? E/SchedPolicy: Failed to find cgroup for tid 2724
2023-07-18 14:15:57.725 20246-20246/? E/SchedPolicy: Failed to find cgroup for tid 3244
2023-07-18 14:15:57.725 20246-20246/? E/SchedPolicy: Failed to find cgroup for tid 8517
2023-07-18 14:15:57.725 20246-20246/? E/SchedPolicy: Failed to find cgroup for tid 19351
2023-07-18 14:15:57.725 20246-20246/? E/SchedPolicy: Failed to find cgroup for tid 4644
2023-07-18 14:15:57.725 20246-20246/? E/SchedPolicy: Failed to find cgroup for tid 16957
2023-07-18 14:15:57.725 20246-20246/? E/SchedPolicy: Failed to find cgroup for tid 17468
2023-07-18 14:15:57.725 20246-20246/? E/SchedPolicy: Failed to find cgroup for tid 19830
2023-07-18 14:15:57.725 20246-20246/? E/SchedPolicy: Failed to find cgroup for tid 19848
2023-07-18 14:15:57.725 20246-20246/? E/SchedPolicy: Failed to find cgroup for tid 20900
2023-07-18 14:15:57.725 20246-20246/? E/SchedPolicy: Failed to find cgroup for tid 21006
2023-07-18 14:15:57.725 20246-20246/? E/SchedPolicy: Failed to find cgroup for tid 25267
2023-07-18 14:15:57.726 20246-20246/? E/SchedPolicy: Failed to find cgroup for tid 29164
2023-07-18 14:15:57.736 20246-20246/? E/SchedPolicy: Failed to find cgroup for tid 2794
2023-07-18 14:15:57.736 20246-20246/? E/SchedPolicy: Failed to find cgroup for tid 2804
2023-07-18 14:15:57.736 20246-20246/? E/SchedPolicy: Failed to find cgroup for tid 2805
2023-07-18 14:15:57.736 20246-20246/? E/SchedPolicy: Failed to find cgroup for tid 2807
2023-07-18 14:15:57.736 20246-20246/? E/SchedPolicy: Failed to find cgroup for tid 2809
2023-07-18 14:15:57.736 20246-20246/? E/SchedPolicy: Failed to find cgroup for tid 2810
2023-07-18 14:15:57.736 20246-20246/? E/SchedPolicy: Failed to find cgroup for tid 2811
2023-07-18 14:15:57.736 20246-20246/? E/SchedPolicy: Failed to find cgroup for tid 2812
2023-07-18 14:15:57.736 20246-20246/? E/SchedPolicy: Failed to find cgroup for tid 2813
2023-07-18 14:15:57.736 20246-20246/? E/SchedPolicy: Failed to find cgroup for tid 2815
2023-07-18 14:15:57.737 20246-20246/? E/SchedPolicy: Failed to find cgroup for tid 2819
2023-07-18 14:15:57.737 20246-20246/? E/SchedPolicy: Failed to find cgroup for tid 2835
2023-07-18 14:15:57.737 20246-20246/? E/SchedPolicy: Failed to find cgroup for tid 2850
2023-07-18 14:15:57.737 20246-20246/? E/SchedPolicy: Failed to find cgroup for tid 2946
2023-07-18 14:15:57.737 20246-20246/? E/SchedPolicy: Failed to find cgroup for tid 2947
2023-07-18 14:15:57.737 20246-20246/? E/SchedPolicy: Failed to find cgroup for tid 3469
2023-07-18 14:15:57.737 20246-20246/? E/SchedPolicy: Failed to find cgroup for tid 9763
2023-07-18 14:15:57.737 20246-20246/? E/SchedPolicy: Failed to find cgroup for tid 15808
2023-07-18 14:15:57.737 20246-20246/? E/SchedPolicy: Failed to find cgroup for tid 29545
2023-07-18 14:15:57.737 20246-20246/? E/SchedPolicy: Failed to find cgroup for tid 29060
2023-07-18 14:15:57.737 20246-20246/? E/SchedPolicy: Failed to find cgroup for tid 14431
2023-07-18 14:15:57.738 20246-20246/? E/SchedPolicy: Failed to find cgroup for tid 2824
2023-07-18 14:15:57.738 20246-20246/? E/SchedPolicy: Failed to find cgroup for tid 2832
2023-07-18 14:15:57.739 20246-20246/? E/SchedPolicy: Failed to find cgroup for tid 2836
2023-07-18 14:15:57.739 20246-20246/? E/SchedPolicy: Failed to find cgroup for tid 2837
2023-07-18 14:15:57.739 20246-20246/? E/SchedPolicy: Failed to find cgroup for tid 2838
2023-07-18 14:15:57.739 20246-20246/? E/SchedPolicy: Failed to find cgroup for tid 2839
2023-07-18 14:15:57.739 20246-20246/? E/SchedPolicy: Failed to find cgroup for tid 2840
2023-07-18 14:15:57.739 20246-20246/? E/SchedPolicy: Failed to find cgroup for tid 2841
2023-07-18 14:15:57.739 20246-20246/? E/SchedPolicy: Failed to find cgroup for tid 2843
2023-07-18 14:15:57.739 20246-20246/? E/SchedPolicy: Failed to find cgroup for tid 2844
2023-07-18 14:15:57.739 20246-20246/? E/SchedPolicy: Failed to find cgroup for tid 2858
2023-07-18 14:15:57.739 20246-20246/? E/SchedPolicy: Failed to find cgroup for tid 2866
2023-07-18 14:15:57.739 20246-20246/? E/SchedPolicy: Failed to find cgroup for tid 2890
2023-07-18 14:15:57.739 20246-20246/? E/SchedPolicy: Failed to find cgroup for tid 2891
2023-07-18 14:15:57.739 20246-20246/? E/SchedPolicy: Failed to find cgroup for tid 2894
2023-07-18 14:15:57.740 20246-20246/? E/SchedPolicy: Failed to find cgroup for tid 2898
2023-07-18 14:15:57.740 20246-20246/? E/SchedPolicy: Failed to find cgroup for tid 2901
2023-07-18 14:15:57.740 20246-20246/? E/SchedPolicy: Failed to find cgroup for tid 2902
2023-07-18 14:15:57.740 20246-20246/? E/SchedPolicy: Failed to find cgroup for tid 2903
2023-07-18 14:15:57.740 20246-20246/? E/SchedPolicy: Failed to find cgroup for tid 2907
2023-07-18 14:15:57.740 20246-20246/? E/SchedPolicy: Failed to find cgroup for tid 2908
2023-07-18 14:15:57.740 20246-20246/? E/SchedPolicy: Failed to find cgroup for tid 2913
2023-07-18 14:15:57.740 20246-20246/? E/SchedPolicy: Failed to find cgroup for tid 2914
2023-07-18 14:15:57.740 20246-20246/? E/SchedPolicy: Failed to find cgroup for tid 2920
2023-07-18 14:15:57.740 20246-20246/? E/SchedPolicy: Failed to find cgroup for tid 2925
2023-07-18 14:15:57.740 20246-20246/? E/SchedPolicy: Failed to find cgroup for tid 2928
2023-07-18 14:15:57.740 20246-20246/? E/SchedPolicy: Failed to find cgroup for tid 2929
2023-07-18 14:15:57.740 20246-20246/? E/SchedPolicy: Failed to find cgroup for tid 2932
2023-07-18 14:15:57.740 20246-20246/? E/SchedPolicy: Failed to find cgroup for tid 2935
2023-07-18 14:15:57.740 20246-20246/? E/SchedPolicy: Failed to find cgroup for tid 2968
2023-07-18 14:15:57.741 20246-20246/? E/SchedPolicy: Failed to find cgroup for tid 2970
2023-07-18 14:15:57.741 20246-20246/? E/SchedPolicy: Failed to find cgroup for tid 2971
2023-07-18 14:15:57.741 20246-20246/? E/SchedPolicy: Failed to find cgroup for tid 2973
2023-07-18 14:15:57.741 20246-20246/? E/SchedPolicy: Failed to find cgroup for tid 2974
2023-07-18 14:15:57.741 20246-20246/? E/SchedPolicy: Failed to find cgroup for tid 2976
2023-07-18 14:15:57.741 20246-20246/? E/SchedPolicy: Failed to find cgroup for tid 2977
2023-07-18 14:15:57.741 20246-20246/? E/SchedPolicy: Failed to find cgroup for tid 3293
2023-07-18 14:15:57.741 20246-20246/? E/SchedPolicy: Failed to find cgroup for tid 3323
2023-07-18 14:15:57.741 20246-20246/? E/SchedPolicy: Failed to find cgroup for tid 3324
2023-07-18 14:15:57.741 20246-20246/? E/SchedPolicy: Failed to find cgroup for tid 3325
2023-07-18 14:15:57.741 20246-20246/? E/SchedPolicy: Failed to find cgroup for tid 4677
2023-07-18 14:15:57.741 20246-20246/? E/SchedPolicy: Failed to find cgroup for tid 4691
2023-07-18 14:15:57.741 20246-20246/? E/SchedPolicy: Failed to find cgroup for tid 4893
2023-07-18 14:15:57.741 20246-20246/? E/SchedPolicy: Failed to find cgroup for tid 8939
2023-07-18 14:15:57.741 20246-20246/? E/SchedPolicy: Failed to find cgroup for tid 12298
2023-07-18 14:15:57.742 20246-20246/? E/SchedPolicy: Failed to find cgroup for tid 31820
2023-07-18 14:15:57.742 20246-20246/? E/SchedPolicy: Failed to find cgroup for tid 31002
2023-07-18 14:15:57.742 20246-20246/? E/SchedPolicy: Failed to find cgroup for tid 14558
2023-07-18 14:15:57.744 20246-20246/? E/SchedPolicy: Failed to find cgroup for tid 2827
2023-07-18 14:15:57.744 20246-20246/? E/SchedPolicy: Failed to find cgroup for tid 2851
2023-07-18 14:15:57.744 20246-20246/? E/SchedPolicy: Failed to find cgroup for tid 2852
2023-07-18 14:15:57.745 20246-20246/? E/SchedPolicy: Failed to find cgroup for tid 2873
2023-07-18 14:15:57.745 20246-20246/? E/SchedPolicy: Failed to find cgroup for tid 2874
2023-07-18 14:15:57.745 20246-20246/? E/SchedPolicy: Failed to find cgroup for tid 2876
2023-07-18 14:15:57.745 20246-20246/? E/SchedPolicy: Failed to find cgroup for tid 2953
2023-07-18 14:15:57.745 20246-20246/? E/SchedPolicy: Failed to find cgroup for tid 2963
2023-07-18 14:15:57.745 20246-20246/? E/SchedPolicy: Failed to find cgroup for tid 2969
2023-07-18 14:15:57.746 20246-20246/? E/SchedPolicy: Failed to find cgroup for tid 2972
2023-07-18 14:15:57.746 20246-20246/? E/SchedPolicy: Failed to find cgroup for tid 2975
2023-07-18 14:15:57.746 20246-20246/? E/SchedPolicy: Failed to find cgroup for tid 2979
2023-07-18 14:15:57.746 20246-20246/? E/SchedPolicy: Failed to find cgroup for tid 2980
2023-07-18 14:15:57.746 20246-20246/? E/SchedPolicy: Failed to find cgroup for tid 2982
2023-07-18 14:15:57.746 20246-20246/? E/SchedPolicy: Failed to find cgroup for tid 2983
2023-07-18 14:15:57.746 20246-20246/? E/SchedPolicy: Failed to find cgroup for tid 2990
2023-07-18 14:15:57.746 20246-20246/? E/SchedPolicy: Failed to find cgroup for tid 3013
2023-07-18 14:15:57.746 20246-20246/? E/SchedPolicy: Failed to find cgroup for tid 3077
2023-07-18 14:15:57.746 20246-20246/? E/SchedPolicy: Failed to find cgroup for tid 3079
2023-07-18 14:15:57.746 20246-20246/? E/SchedPolicy: Failed to find cgroup for tid 3080
2023-07-18 14:15:57.746 20246-20246/? E/SchedPolicy: Failed to find cgroup for tid 3093
2023-07-18 14:15:57.746 20246-20246/? E/SchedPolicy: Failed to find cgroup for tid 3095
2023-07-18 14:15:57.747 20246-20246/? E/SchedPolicy: Failed to find cgroup for tid 3100
2023-07-18 14:15:57.747 20246-20246/? E/SchedPolicy: Failed to find cgroup for tid 3102
2023-07-18 14:15:57.747 20246-20246/? E/SchedPolicy: Failed to find cgroup for tid 3104
2023-07-18 14:15:57.747 20246-20246/? E/SchedPolicy: Failed to find cgroup for tid 3105
2023-07-18 14:15:57.747 20246-20246/? E/SchedPolicy: Failed to find cgroup for tid 3106
2023-07-18 14:15:57.747 20246-20246/? E/SchedPolicy: Failed to find cgroup for tid 3107
2023-07-18 14:15:57.747 20246-20246/? E/SchedPolicy: Failed to find cgroup for tid 3127
2023-07-18 14:15:57.747 20246-20246/? E/SchedPolicy: Failed to find cgroup for tid 3140
2023-07-18 14:15:57.747 20246-20246/? E/SchedPolicy: Failed to find cgroup for tid 3173
2023-07-18 14:15:57.747 20246-20246/? E/SchedPolicy: Failed to find cgroup for tid 3174
2023-07-18 14:15:57.747 20246-20246/? E/SchedPolicy: Failed to find cgroup for tid 3182
2023-07-18 14:15:57.747 20246-20246/? E/SchedPolicy: Failed to find cgroup for tid 3186
2023-07-18 14:15:57.747 20246-20246/? E/SchedPolicy: Failed to find cgroup for tid 4104
2023-07-18 14:15:57.747 20246-20246/? E/SchedPolicy: Failed to find cgroup for tid 4105
2023-07-18 14:15:57.747 20246-20246/? E/SchedPolicy: Failed to find cgroup for tid 4323
2023-07-18 14:15:57.748 20246-20246/? E/SchedPolicy: Failed to find cgroup for tid 22836
2023-07-18 14:15:57.748 20246-20246/? E/SchedPolicy: Failed to find cgroup for tid 24780
2023-07-18 14:15:57.748 20246-20246/? E/SchedPolicy: Failed to find cgroup for tid 2119
2023-07-18 14:15:57.748 20246-20246/? E/SchedPolicy: Failed to find cgroup for tid 32010
2023-07-18 14:15:57.748 20246-20246/? E/SchedPolicy: Failed to find cgroup for tid 32011
2023-07-18 14:15:57.748 20246-20246/? E/SchedPolicy: Failed to find cgroup for tid 32012
2023-07-18 14:15:57.748 20246-20246/? E/SchedPolicy: Failed to find cgroup for tid 32013
2023-07-18 14:15:57.748 20246-20246/? E/SchedPolicy: Failed to find cgroup for tid 32014
2023-07-18 14:15:57.748 20246-20246/? E/SchedPolicy: Failed to find cgroup for tid 32015
2023-07-18 14:15:57.748 20246-20246/? E/SchedPolicy: Failed to find cgroup for tid 32018
2023-07-18 14:15:57.748 20246-20246/? E/SchedPolicy: Failed to find cgroup for tid 32019
2023-07-18 14:15:57.748 20246-20246/? E/SchedPolicy: Failed to find cgroup for tid 32021
2023-07-18 14:15:57.748 20246-20246/? E/SchedPolicy: Failed to find cgroup for tid 32076
2023-07-18 14:15:57.748 20246-20246/? E/SchedPolicy: Failed to find cgroup for tid 32080
2023-07-18 14:15:57.749 20246-20246/? E/SchedPolicy: Failed to find cgroup for tid 32082
2023-07-18 14:15:57.749 20246-20246/? E/SchedPolicy: Failed to find cgroup for tid 32111
